Component: ARM Compiler 5.06 update 6 (build 750) Tool: armlink [4d35ed]

==============================================================================

Section Cross References

    stm32f429_disco_start.o(.text) refers to debug.o(.text) for ItmPutS(const char*)
    stm32f429_disco_start.o(.text) refers to cortex.o(.text) for Cortex::FpuDisable()
    stm32f429_disco_start.o(.text) refers to stm32f429_init.o(.text) for HClk()
    stm32f429_disco_start.o(.text) refers to stm32f429_disco_start.o(i._ZN6Cortex12IsPrivilegedEv) for Cortex::IsPrivileged()
    stm32f429_disco_start.o(.text) refers to stm32f429_disco_start.o(i._ZN6Cortex12IsThreadModeEv) for Cortex::IsThreadMode()
    stm32f429_disco_start.o(.text) refers to stm32f429_disco_start.o(i._ZN6Cortex21SetBASEPRI_privilegedEj) for Cortex::SetBASEPRI_privileged(unsigned)
    stm32f429_disco_start.o(.text) refers to stm32f429_disco_start.o(i._ZN6Cortex10GetCONTROLEv) for Cortex::GetCONTROL()
    stm32f429_disco_start.o(.text) refers to stm32f429_disco_start.o(i._ZN6Cortex21SetCONTROL_privilegedEj) for Cortex::SetCONTROL_privileged(unsigned)
    stm32f429_disco_start.o(.text) refers to ili9341.o(.text) for Ili9341::Ili9341()
    stm32f429_disco_start.o(.text) refers to stm32f429_disco_start.o(i._ZN6Cortex3WFIEv) for Cortex::WFI()
    stm32f429_disco_start.o(.text) refers to rb.o(.ARM.__AT_0x40020000) for rbGPIOA
    stm32f429_disco_start.o(.text) refers to stm32f429_disco_start.o(.data) for buttonIsPressed
    stm32f429_disco_start.o(.text) refers to stm32f429_disco_start.o(.constdata) for main::__PRETTY_FUNCTION__
    stm32f429_disco_start.o(.ARM.exidx) refers to stm32f429_disco_start.o(.text) for .text
    initsdram.o(.text) refers to initsdram.o(i._Z21AHB1ClockEnableByMaskj) for AHB1ClockEnableByMask(unsigned)
    initsdram.o(.text) refers to initsdram.o(i._Z8EnableAFRV14__regbank_GPIOjjbPKhj) for EnableAF(volatile __regbank_GPIO&, unsigned, unsigned, bool, const unsigned char*, unsigned)
    initsdram.o(.text) refers to initsdram.o(i._Z8EnableAFRV14__regbank_GPIOjjbj) for EnableAF(volatile __regbank_GPIO&, unsigned, unsigned, bool, unsigned)
    initsdram.o(.text) refers to initsdram.o(t._Z8EnableAFILj11EEvRV14__regbank_GPIOjjbRAT__Kh) for void EnableAF<(unsigned)11>(volatile __regbank_GPIO&, unsigned, unsigned, bool, const unsigned char(&)[T1])
    initsdram.o(.text) refers to initsdram.o(i._Z14AHBClockEnablej) for AHBClockEnable(unsigned)
    initsdram.o(.text) refers to initsdram.o(i._ZN6Cortex3DSBEv) for Cortex::DSB()
    initsdram.o(.text) refers to initsdram.o(i._Z13SDRAM_Commandj) for SDRAM_Command(unsigned)
    initsdram.o(.text) refers to initsdram.o(i._Z15FMC_SDSR_IsBusyv) for FMC_SDSR_IsBusy()
    initsdram.o(.text) refers to rb.o(.ARM.__AT_0x40020400) for rbGPIOB
    initsdram.o(.text) refers to initsdram.o(.constdata) for InitSDRAM()::bPins
    initsdram.o(.text) refers to rb.o(.ARM.__AT_0x40020800) for rbGPIOC
    initsdram.o(.text) refers to rb.o(.ARM.__AT_0x40020C00) for rbGPIOD
    initsdram.o(.text) refers to rb.o(.ARM.__AT_0x40021000) for rbGPIOE
    initsdram.o(.text) refers to rb.o(.ARM.__AT_0x40021400) for rbGPIOF
    initsdram.o(.text) refers to rb.o(.ARM.__AT_0x40021800) for rbGPIOG
    initsdram.o(.text) refers to rb.o(.ARM.__AT_0xA0000000) for rbFMC
    initsdram.o(.ARM.exidx) refers to initsdram.o(.text) for .text
    initsdram.o(.ARM.exidx) refers to unwind_pr0.o(.text) for __aeabi_unwind_cpp_pr0
    initsdram.o(.ARM.exidx) refers to initsdram.o(.ARM.extab) for .extab._Z9InitSDRAMv
    initsdram.o(.ARM.extab) refers to arm_exceptions_callunex.o(.text) for __cxa_call_unexpected
    initsdram.o(.ARM.extab) refers to arm_exceptions_callterm.o(.text) for __cxa_call_terminate
    initsdram.o(.ARM.extab) refers to stm32f429_disco_start.o(i.__ARM_common_noexcept_landing) for __ARM_common_noexcept_landing
    drvspi.o(.text) refers to drvspi.o(i._Z14APBClockEnablej) for APBClockEnable(unsigned)
    drvspi.o(.text) refers to initsdram.o(i._Z14AHBClockEnablej) for AHBClockEnable(unsigned)
    drvspi.o(.text) refers to initsdram.o(i._Z8EnableAFRV14__regbank_GPIOjjbj) for EnableAF(volatile __regbank_GPIO&, unsigned, unsigned, bool, unsigned)
    drvspi.o(.text) refers to rb.o(.ARM.__AT_0x40021400) for rbGPIOF
    drvspi.o(.text) refers to drvspi.o(.constdata) for ISpi::initSPI() const::pins
    drvspi.o(.text) refers to rb.o(.ARM.__AT_0x40015000) for rbSPI5
    drvspi.o(.ARM.exidx) refers to drvspi.o(.text) for .text
    ili9341.o(.text) refers to drvdiog.o(.text) for IDio::CreateInstanceC()
    ili9341.o(.text) refers to drvspi.o(.text) for ISpi::ISpi()
    ili9341.o(.text) refers to drvltdc.o(.text) for ILtdc::ILtdc()
    ili9341.o(.text) refers to initsdram.o(i._Z14AHBClockEnablej) for AHBClockEnable(unsigned)
    ili9341.o(.text) refers to ili9341.o(i._Z8WrGpioMDRV14__regbank_GPIOjj) for WrGpioMD(volatile __regbank_GPIO&, unsigned, unsigned)
[...]
    rbI2C2                                   0x40005800   Data          40  rb.o(.ARM.__AT_0x40005800)
    rbI2C3                                   0x40005c00   Data          40  rb.o(.ARM.__AT_0x40005C00)
    rbPWR                                    0x40007000   Data           8  rb.o(.ARM.__AT_0x40007000)
    rbTIM01                                  0x40010000   Data          80  rb.o(.ARM.__AT_0x40010000)
    rbTIM08                                  0x40010400   Data          80  rb.o(.ARM.__AT_0x40010400)
    rbUSART1                                 0x40011000   Data          28  rb.o(.ARM.__AT_0x40011000)
    rbUSART6                                 0x40011400   Data          28  rb.o(.ARM.__AT_0x40011400)
    rbADC1                                   0x40012000   Data          80  rb.o(.ARM.__AT_0x40012000)
    rbADC2                                   0x40012100   Data          80  rb.o(.ARM.__AT_0x40012100)
    rbADC3                                   0x40012200   Data          80  rb.o(.ARM.__AT_0x40012200)
    rbSPI1                                   0x40013000   Data          36  rb.o(.ARM.__AT_0x40013000)
    rbSPI4                                   0x40013400   Data          36  rb.o(.ARM.__AT_0x40013400)
    rbSYSCFG                                 0x40013800   Data          36  rb.o(.ARM.__AT_0x40013800)
    rbEXTI                                   0x40013c00   Data          24  rb.o(.ARM.__AT_0x40013C00)
    rbTIM09                                  0x40014000   Data          80  rb.o(.ARM.__AT_0x40014000)
    rbTIM10                                  0x40014400   Data          80  rb.o(.ARM.__AT_0x40014400)
    rbTIM11                                  0x40014800   Data          80  rb.o(.ARM.__AT_0x40014800)
    rbSPI5                                   0x40015000   Data          36  rb.o(.ARM.__AT_0x40015000)
    rbSPI6                                   0x40015400   Data          36  rb.o(.ARM.__AT_0x40015400)
    rbLTDC                                   0x40016800   Data         328  rb.o(.ARM.__AT_0x40016800)
    rbGPIOA                                  0x40020000   Data          40  rb.o(.ARM.__AT_0x40020000)
    rbGPIOB                                  0x40020400   Data          40  rb.o(.ARM.__AT_0x40020400)
    rbGPIOC                                  0x40020800   Data          40  rb.o(.ARM.__AT_0x40020800)
    rbGPIOD                                  0x40020c00   Data          40  rb.o(.ARM.__AT_0x40020C00)
    rbGPIOE                                  0x40021000   Data          40  rb.o(.ARM.__AT_0x40021000)
    rbGPIOF                                  0x40021400   Data          40  rb.o(.ARM.__AT_0x40021400)
    rbGPIOG                                  0x40021800   Data          40  rb.o(.ARM.__AT_0x40021800)
    rbGPIOH                                  0x40021c00   Data          40  rb.o(.ARM.__AT_0x40021C00)
    rbGPIOI                                  0x40022000   Data          40  rb.o(.ARM.__AT_0x40022000)
    rbGPIOJ                                  0x40022400   Data          40  rb.o(.ARM.__AT_0x40022400)
    rbGPIOK                                  0x40022800   Data          40  rb.o(.ARM.__AT_0x40022800)
    rbRCC                                    0x40023800   Data         144  rb.o(.ARM.__AT_0x40023800)
    rbFLASH                                  0x40023c00   Data          24  rb.o(.ARM.__AT_0x40023C00)
    rbDMA1                                   0x40026000   Data         208  rb.o(.ARM.__AT_0x40026000)
    rbDMA2                                   0x40026400   Data         208  rb.o(.ARM.__AT_0x40026400)
    rbETH                                    0x40028000   Data        4184  rb.o(.ARM.__AT_0x40028000)
    rbDMA_2D                                 0x4002b000   Data        3072  rb.o(.ARM.__AT_0x4002B000)
    rbRNG                                    0x50060800   Data          12  rb.o(.ARM.__AT_0x50060800)
    rbFMC                                    0xa0000000   Data         348  rb.o(.ARM.__AT_0xA0000000)
    rbITM                                    0xe0000000   Data        4096  rb.o(.ARM.__AT_0xE0000000)
    rbSTK                                    0xe000e010   Data          16  rb.o(.ARM.__AT_0xE000E010)
    rbNVIC                                   0xe000e100   Data        1008  rb.o(.ARM.__AT_0xE000E100)
    rbSCB                                    0xe000ed00   Data         140  rb.o(.ARM.__AT_0xE000ED00)
    rbMPU                                    0xe000ed90   Data          44  rb.o(.ARM.__AT_0xE000ED90)
    rbDBG                                    0xe000edf0   Data          16  rb.o(.ARM.__AT_0xE000EDF0)
    regSTIR                                  0xe000ef00   Data           4  rb.o(.ARM.__AT_0xE000EF00)
    regICIALLU                               0xe000ef50   Data           4  rb.o(.ARM.__AT_0xE000EF50)
    regICIMVAU                               0xe000ef58   Data           4  rb.o(.ARM.__AT_0xE000EF58)
    regDCIMVAC                               0xe000ef5c   Data           4  rb.o(.ARM.__AT_0xE000EF5C)
    regDCISW                                 0xe000ef60   Data           4  rb.o(.ARM.__AT_0xE000EF60)
    regDCCMVAU                               0xe000ef64   Data           4  rb.o(.ARM.__AT_0xE000EF64)
    regDCCMVAC                               0xe000ef68   Data           4  rb.o(.ARM.__AT_0xE000EF68)
    regDCCSW                                 0xe000ef6c   Data           4  rb.o(.ARM.__AT_0xE000EF6C)
    regDCCIMVAC                              0xe000ef70   Data           4  rb.o(.ARM.__AT_0xE000EF70)
    regDCCISW                                0xe000ef74   Data           4  rb.o(.ARM.__AT_0xE000EF74)
    regITCMCR                                0xe000ef90   Data           4  rb.o(.ARM.__AT_0xE000EF90)
    regDTCMCR                                0xe000ef94   Data           4  rb.o(.ARM.__AT_0xE000EF94)
    regAHBPCR                                0xe000ef98   Data           4  rb.o(.ARM.__AT_0xE000EF98)
    regCACR                                  0xe000ef9c   Data           4  rb.o(.ARM.__AT_0xE000EF9C)
    regAHBSCR                                0xe000efa0   Data           4  rb.o(.ARM.__AT_0xE000EFA0)
    regABFSR                                 0xe000efa8   Data           4  rb.o(.ARM.__AT_0xE000EFA8)



==============================================================================

Memory Map of the image

  Image Entry point : 0x080001ad

  Load Region LR_IROM1 (Base: 0x08000000, Size: 0x00008740, Max: 0x00100000, ABSOLUTE, COMPRESSED[0x000047c4])

    Execution Region ER_IROM1 (Exec base: 0x08000000, Load base: 0x08000000, Size: 0x00004700, Max: 0x00100000, ABSOLUTE)

    Exec Addr    Load Addr    Size         Type   Attr      Idx    E Section Name        Object

    0x08000000   0x08000000   0x000001ac   Data   RO         1147    RESET               stm32f429_startup.o
    0x080001ac   0x080001ac   0x00000008   Code   RO         2885  * !!!main             c_w.l(__main.o)
    0x080001b4   0x080001b4   0x00000034   Code   RO         3452    !!!scatter          c_w.l(__scatter.o)
    0x080001e8   0x080001e8   0x0000003a   Code   RO         3450    !!dczerorl          c_w.l(__dczerorl.o)
    0x08000222   0x08000222   0x00000002   PAD
    0x08000224   0x08000224   0x0000001a   Code   RO         3454    !!handler_copy      c_w.l(__scatter_copy.o)
    0x0800023e   0x0800023e   0x00000002   PAD
    0x08000240   0x08000240   0x0000001c   Code   RO         3456    !!handler_zi        c_w.l(__scatter_zi.o)
    0x0800025c   0x0800025c   0x00000002   Code   RO         3388    .ARM.Collect$$libinit$$00000000  c_w.l(libinit.o)
    0x0800025e   0x0800025e   0x00000000   Code   RO         3112    .ARM.Collect$$libinit$$00000002  c_w.l(libinit2.o)
    0x0800025e   0x0800025e   0x00000000   Code   RO         3114    .ARM.Collect$$libinit$$00000004  c_w.l(libinit2.o)
    0x0800025e   0x0800025e   0x00000008   Code   RO         3115    .ARM.Collect$$libinit$$00000005  c_w.l(libinit2.o)
    0x08000266   0x08000266   0x00000000   Code   RO         3117    .ARM.Collect$$libinit$$0000000A  c_w.l(libinit2.o)
    0x08000266   0x08000266   0x00000000   Code   RO         3119    .ARM.Collect$$libinit$$0000000C  c_w.l(libinit2.o)
    0x08000266   0x08000266   0x00000000   Code   RO         3121    .ARM.Collect$$libinit$$0000000E  c_w.l(libinit2.o)
    0x08000266   0x08000266   0x00000000   Code   RO         3124    .ARM.Collect$$libinit$$00000011  c_w.l(libinit2.o)
    0x08000266   0x08000266   0x00000000   Code   RO         3126    .ARM.Collect$$libinit$$00000013  c_w.l(libinit2.o)
    0x08000266   0x08000266   0x00000000   Code   RO         3128    .ARM.Collect$$libinit$$00000015  c_w.l(libinit2.o)
    0x08000266   0x08000266   0x00000000   Code   RO         3130    .ARM.Collect$$libinit$$00000017  c_w.l(libinit2.o)
    0x08000266   0x08000266   0x00000000   Code   RO         3132    .ARM.Collect$$libinit$$00000019  c_w.l(libinit2.o)
    0x08000266   0x08000266   0x00000000   Code   RO         3134    .ARM.Collect$$libinit$$0000001B  c_w.l(libinit2.o)
    0x08000266   0x08000266   0x00000000   Code   RO         3136    .ARM.Collect$$libinit$$0000001D  c_w.l(libinit2.o)
    0x08000266   0x08000266   0x00000000   Code   RO         3138    .ARM.Collect$$libinit$$0000001F  c_w.l(libinit2.o)
    0x08000266   0x08000266   0x00000000   Code   RO         3140    .ARM.Collect$$libinit$$00000021  c_w.l(libinit2.o)
    0x08000266   0x08000266   0x00000000   Code   RO         3142    .ARM.Collect$$libinit$$00000023  c_w.l(libinit2.o)
    0x08000266   0x08000266   0x00000000   Code   RO         3144    .ARM.Collect$$libinit$$00000025  c_w.l(libinit2.o)
    0x08000266   0x08000266   0x00000000   Code   RO         3148    .ARM.Collect$$libinit$$0000002C  c_w.l(libinit2.o)
    0x08000266   0x08000266   0x00000000   Code   RO         3150    .ARM.Collect$$libinit$$0000002E  c_w.l(libinit2.o)
    0x08000266   0x08000266   0x00000004   Code   RO         3151    .ARM.Collect$$libinit$$0000002F  c_w.l(libinit2.o)
    0x0800026a   0x0800026a   0x00000004   Code   RO         3153    .ARM.Collect$$libinit$$00000031  c_w.l(libinit2.o)
    0x0800026e   0x0800026e   0x00000000   Code   RO         3154    .ARM.Collect$$libinit$$00000032  c_w.l(libinit2.o)
    0x0800026e   0x0800026e   0x00000002   Code   RO         3155    .ARM.Collect$$libinit$$00000033  c_w.l(libinit2.o)
    0x08000270   0x08000270   0x00000000   Code   RO         3034    .ARM.Collect$$rtentry$$00000000  c_w.l(__rtentry.o)
    0x08000270   0x08000270   0x00000000   Code   RO         3249    .ARM.Collect$$rtentry$$00000002  c_w.l(__rtentry2.o)
    0x08000270   0x08000270   0x00000006   Code   RO         3261    .ARM.Collect$$rtentry$$00000004  c_w.l(__rtentry4.o)
    0x08000276   0x08000276   0x00000000   Code   RO         3251    .ARM.Collect$$rtentry$$00000009  c_w.l(__rtentry2.o)
    0x08000276   0x08000276   0x00000004   Code   RO         3252    .ARM.Collect$$rtentry$$0000000A  c_w.l(__rtentry2.o)
    0x0800027a   0x0800027a   0x00000000   Code   RO         3254    .ARM.Collect$$rtentry$$0000000C  c_w.l(__rtentry2.o)
    0x0800027a   0x0800027a   0x00000008   Code   RO         3255    .ARM.Collect$$rtentry$$0000000D  c_w.l(__rtentry2.o)
    0x08000282   0x08000282   0x00000002   PAD
    0x08000284   0x08000284   0x00000000   Code   RO         3359    .emb_text           c_w.l(maybetermalloc1.o)
    0x08000284   0x08000284   0x0000016c   Code   RO            1    .text               stm32f429_disco_start.o
    0x080003f0   0x080003f0   0x00000144   Code   RO          238    .text               initsdram.o
    0x08000534   0x08000534   0x000000dc   Code   RO          576    .text               drvspi.o
    0x08000610   0x08000610   0x000002a8   Code   RO          615    .text               ili9341.o
    0x080008b8   0x080008b8   0x0000034c   Code   RO          759    .text               drvltdc.o
    0x08000c04   0x08000c04   0x00000114   Code   RO          813    .text               dma2d.o
    0x08000d18   0x08000d18   0x00000750   Code   RO          854    .text               formatter.o
    0x08001468   0x08001468   0x0000009c   Code   RO         1148    .text               stm32f429_startup.o
    0x08001504   0x08001504   0x00000334   Code   RO         1153    .text               stm32f429_init.o
    0x08001838   0x08001838   0x000001ac   Code   RO         1433    .text               drvdio.o
    0x080019e4   0x080019e4   0x00000048   Code   RO         1633    .text               drvdiog.o
    0x08001a2c   0x08001a2c   0x00000054   Code   RO         2075    .text               faults.o
    0x08001a80   0x08001a80   0x00000174   Code   RO         2118    .text               cortex.o
    0x08001bf4   0x08001bf4   0x00000030   Code   RO         2214    .text               armexclusive.o
    0x08001c24   0x08001c24   0x00000054   Code   RO         2218    .text               psv.o
    0x08001c78   0x08001c78   0x0000012c   Code   RO         2246    .text               stk.o
    0x08001da4   0x08001da4   0x00000118   Code   RO         2343    .text               svc.o
    0x08001ebc   0x08001ebc   0x0000025c   Code   RO         2392    .text               debug.o
    0x08002118   0x08002118   0x00000060   Code   RO         2742    .text               retarget.o
    0x08002178   0x08002178   0x000001f0   Code   RO         2785    .text               premain.o
    0x08002368   0x08002368   0x0000000c   Code   RO         2813    .text               mystuff.o
    0x08002374   0x08002374   0x00000024   Code   RO         2836    .text               initialize.o
    0x08002398   0x08002398   0x00000002   Code   RO         2865    .text               c_w.l(use_no_semi.o)
    0x0800239a   0x0800239a   0x00000002   Code   RO         2867    .text               c_w.l(use_no_semi_2.o)
    0x0800239c   0x0800239c   0x000000ee   Code   RO         2879    .text               c_w.l(lludivv7m.o)
    0x0800248a   0x0800248a   0x00000064   Code   RO         2881    .text               c_w.l(rt_memcpy_w.o)
    0x080024ee   0x080024ee   0x00000006   Code   RO         2883    .text               c_w.l(heapauxi.o)
    0x080024f4   0x080024f4   0x00000024   Code   RO         2890    .text               c_w.l(init_aeabi.o)
    0x08002518   0x08002518   0x00000010   Code   RO         3006    .text               cpprt_w.l(arm_exceptions_setterminate.o)
    0x08002528   0x08002528   0x00000050   Code   RO         3025    .text               cpprt_w.l(arm_exceptions_globs.o)
    0x08002578   0x08002578   0x00000004   Code   RO         3037    .text               c_w.l(aeabi_ldiv0_sigfpe.o)
    0x0800257c   0x0800257c   0x00000008   Code   RO         3039    .text               c_w.l(rt_new_handler_addr.o)
    0x08002584   0x08002584   0x00000008   Code   RO         3044    .text               c_w.l(rt_eh_globals_addr.o)
    0x0800258c   0x0800258c   0x0000003c   Code   RO         3207    .text               cpprt_w.l(arm_exceptions_mem.o)
    0x080025c8   0x080025c8   0x0000000a   Code   RO         3263    .text               c_w.l(rt_div0.o)
    0x080025d2   0x080025d2   0x00000002   PAD
    0x080025d4   0x080025d4   0x00000008   Code   RO         3265    .text               c_w.l(rt_heap_descriptor.o)
    0x080025dc   0x080025dc   0x00000004   Code   RO         3270    .text               c_w.l(hguard.o)
    0x080025e0   0x080025e0   0x0000008a   Code   RO         3272    .text               c_w.l(init_alloc.o)
    0x0800266a   0x0800266a   0x00000008   Code   RO         3370    .text               c_w.l(defsig_fpe_formal.o)
    0x08002672   0x08002672   0x00000008   Code   RO         3374    .text               c_w.l(defsig_rtmem_formal.o)
    0x0800267a   0x0800267a   0x00000062   Code   RO         2869    i._FDTree_Delete    c_w.l(fdtree.o)
    0x080026dc   0x080026dc   0x00000054   Code   RO         2870    i._FDTree_FindFirst  c_w.l(fdtree.o)
    0x08002730   0x08002730   0x0000006e   Code   RO         2871    i._FDTree_Insert    c_w.l(fdtree.o)
    0x0800279e   0x0800279e   0x0000003c   Code   RO         2872    i._FDTree_RemoveNode  c_w.l(fdtree.o)
    0x080027da   0x080027da   0x00000008   Code   RO         2147    i._Z11ARM_RSR_mspv  cortex.o
    0x080027e2   0x080027e2   0x00000006   Code   RO         2153    i._Z11ARM_WSR_mspj  cortex.o
    0x080027e8   0x080027e8   0x00000006   Code   RO         2141    i._Z11ARM_WSR_pspj  cortex.o
    0x080027ee   0x080027ee   0x00000008   Code   RO           81    i._Z12ARM_RSR_ipsrv  stm32f429_disco_start.o
    0x080027f6   0x080027f6   0x00000002   PAD
    0x080027f8   0x080027f8   0x00000030   Code   RO         2412    i._Z12TestItmChan0v  debug.o
    0x08002828   0x08002828   0x0000001c   Code   RO          321    i._Z13SDRAM_Commandj  initsdram.o
    0x08002844   0x08002844   0x00000020   Code   RO          297    i._Z14AHBClockEnablej  initsdram.o
    0x08002864   0x08002864   0x00000020   Code   RO          586    i._Z14APBClockEnablej  drvspi.o
    0x08002884   0x08002884   0x0000000c   Code   RO         2355    i._Z14SVC_GetBASEPRIv  svc.o
    0x08002890   0x08002890   0x0000000c   Code   RO         2361    i._Z14SVC_GetPRIMASKv  svc.o
    0x0800289c   0x0800289c   0x00000008   Code   RO         2165    i._Z15ARM_RSR_basepriv  cortex.o
    0x080028a4   0x080028a4   0x00000008   Code   RO           51    i._Z15ARM_RSR_controlv  stm32f429_disco_start.o
    0x080028ac   0x080028ac   0x00000008   Code   RO         2129    i._Z15ARM_RSR_primaskv  cortex.o
    0x080028b4   0x080028b4   0x00000006   Code   RO           63    i._Z15ARM_WSR_baseprij  stm32f429_disco_start.o
    0x080028ba   0x080028ba   0x00000006   Code   RO           57    i._Z15ARM_WSR_controlj  stm32f429_disco_start.o
    0x080028c0   0x080028c0   0x00000006   Code   RO         2135    i._Z15ARM_WSR_primaskj  cortex.o
    0x080028c6   0x080028c6   0x00000002   PAD
    0x080028c8   0x080028c8   0x0000001c   Code   RO          315    i._Z15FMC_SDSR_IsBusyv  initsdram.o
    0x080028e4   0x080028e4   0x00000006   Code   RO         2085    i._Z17ARM_WSR_faultmaskj  faults.o
    0x080028ea   0x080028ea   0x00000002   PAD
    0x080028ec   0x080028ec   0x00000014   Code   RO          291    i._Z21AHB1ClockEnableByMaskj  initsdram.o
    0x08002900   0x08002900   0x00000012   Code   RO         2259    i._Z5UMULLjj        stk.o
    0x08002912   0x08002912   0x00000032   Code   RO          266    i._Z8EnableAFRV14__regbank_GPIOjjbPKhj  initsdram.o
    0x08002944   0x08002944   0x000000c4   Code   RO          259    i._Z8EnableAFRV14__regbank_GPIOjjbj  initsdram.o
    0x08002a08   0x08002a08   0x00000024   Code   RO          634    i._Z8WrGpioMDRV14__regbank_GPIOjj  ili9341.o
    0x08002a2c   0x08002a2c   0x00000026   Code   RO          627    i._Z8WrGpioSPRV14__regbank_GPIOjj  ili9341.o
    0x08002a52   0x08002a52   0x00000014   Code   RO         2645    i._ZN10SinkForItm9WriteByteEh  debug.o
    0x08002a66   0x08002a66   0x00000002   PAD
    0x08002a68   0x08002a68   0x00000018   Code   RO         2456    i._ZN10SinkForItmC1Ev  debug.o
    0x08002a80   0x08002a80   0x0000000e   Code   RO         2450    i._ZN10SinkForItmD1Ev  debug.o
    0x08002a8e   0x08002a8e   0x00000012   Code   RO         1078    i._ZN13SinkConverter9WriteByteEh  formatter.o
    0x08002aa0   0x08002aa0   0x0000001c   Code   RO          977    i._ZN13SinkConverterC1ERN9Formatter5ISinkE  formatter.o
    0x08002abc   0x08002abc   0x0000000e   Code   RO          965    i._ZN13SinkConverterD1Ev  formatter.o
    0x08002aca   0x08002aca   0x00000002   PAD
    0x08002acc   0x08002acc   0x0000000c   Code   RO         1686    i._ZN4IDioC2Ev      drvdiog.o
    0x08002ad8   0x08002ad8   0x0000002c   Code   RO         1498    i._ZN5RdPinC1ERV14__regbank_GPIOj  drvdio.o
    0x08002b04   0x08002b04   0x0000002c   Code   RO         1510    i._ZN5WrPinC1ERV14__regbank_GPIOj  drvdio.o
    0x08002b30   0x08002b30   0x0000000c   Code   RO           27    i._ZN6Cortex10GetCONTROLEv  stm32f429_disco_start.o
    0x08002b3c   0x08002b3c   0x00000010   Code   RO          407    i._ZN6Cortex12ArmExclusiveILj2EE5LdrExERVKt  initsdram.o
    0x08002b4c   0x08002b4c   0x0000001c   Code   RO          420    i._ZN6Cortex12ArmExclusiveILj2EE5StrExERVtt  initsdram.o
    0x08002b68   0x08002b68   0x00000010   Code   RO          333    i._ZN6Cortex12ArmExclusiveILj4EE5LdrExERVKj  initsdram.o
    0x08002b78   0x08002b78   0x0000001c   Code   RO          346    i._ZN6Cortex12ArmExclusiveILj4EE5StrExERVjj  initsdram.o
    0x08002b94   0x08002b94   0x0000001e   Code   RO           33    i._ZN6Cortex12IsPrivilegedEv  stm32f429_disco_start.o
    0x08002bb2   0x08002bb2   0x00000014   Code   RO           21    i._ZN6Cortex12IsThreadModeEv  stm32f429_disco_start.o
    0x08002bc6   0x08002bc6   0x0000000c   Code   RO           69    i._ZN6Cortex16GetCurrentIsrNumEv  stm32f429_disco_start.o
    0x08002bd2   0x08002bd2   0x00000012   Code   RO         2271    i._ZN6Cortex20IsInterruptableBySTKEv  stk.o
    0x08002be4   0x08002be4   0x0000000c   Code   RO         2159    i._ZN6Cortex21GetBASEPRI_privilegedEv  cortex.o
    0x08002bf0   0x08002bf0   0x0000000c   Code   RO           45    i._ZN6Cortex21SetBASEPRI_privilegedEj  stm32f429_disco_start.o
    0x08002bfc   0x08002bfc   0x0000000c   Code   RO           39    i._ZN6Cortex21SetCONTROL_privilegedEj  stm32f429_disco_start.o
    0x08002c08   0x08002c08   0x0000000e   Code   RO          340    i._ZN6Cortex3DMBEv  initsdram.o
    0x08002c16   0x08002c16   0x0000000e   Code   RO          279    i._ZN6Cortex3DSBEv  initsdram.o
    0x08002c24   0x08002c24   0x0000000e   Code   RO         1171    i._ZN6Cortex3ISBEv  stm32f429_init.o
    0x08002c32   0x08002c32   0x00000004   Code   RO           15    i._ZN6Cortex3WFIEv  stm32f429_disco_start.o
    0x08002c36   0x08002c36   0x0000000c   Code   RO           75    i._ZN6Cortex7GetIPSREv  stm32f429_disco_start.o
    0x08002c42   0x08002c42   0x00000002   PAD
    0x08002c44   0x08002c44   0x0000000c   Code   RO         1540    i._ZN6IRdPinC2Ev    drvdio.o
    0x08002c50   0x08002c50   0x00000010   Code   RO          647    i._ZN6IWrPin3ClrEv  ili9341.o
    0x08002c60   0x08002c60   0x00000018   Code   RO         1546    i._ZN6IWrPinC2Ev    drvdio.o
    0x08002c78   0x08002c78   0x0000001a   Code   RO          661    i._ZN7Ili93417CommandEhh  ili9341.o
    0x08002c92   0x08002c92   0x00000022   Code   RO          641    i._ZN7Ili93417CommandEhhh  ili9341.o
    0x08002cb4   0x08002cb4   0x0000003c   Code   RO         1644    i._ZN8PortBaseC1ERV14__regbank_GPIO  drvdiog.o
    0x08002cf0   0x08002cf0   0x0000000e   Code   RO         1459    i._ZN8PortBaseD1Ev  drvdio.o
    0x08002cfe   0x08002cfe   0x00000008   Code   RO          971    i._ZN9Formatter10ResetWidthEv  formatter.o
    0x08002d06   0x08002d06   0x00000022   Code   RO         2540    i._ZN9Formatter11PrintUINT32Ej  debug.o
    0x08002d28   0x08002d28   0x00000004   Code   RO         2582    i._ZN9Formatter12SetNumDigitsEi  debug.o
    0x08002d2c   0x08002d2c   0x00000012   Code   RO         2558    i._ZN9Formatter14PrintUINT32DecEj  debug.o
    0x08002d3e   0x08002d3e   0x0000001a   Code   RO         2594    i._ZN9Formatter14PrintUINT32DecEji  debug.o
    0x08002d58   0x08002d58   0x00000012   Code   RO         2564    i._ZN9Formatter14PrintUINT32HexEj  debug.o
    0x08002d6a   0x08002d6a   0x0000001a   Code   RO         2600    i._ZN9Formatter14PrintUINT32HexEji  debug.o
    0x08002d84   0x08002d84   0x0000001c   Code   RO          983    i._ZN9Formatter17WriteByteRepeatedEhi  formatter.o
    0x08002da0   0x08002da0   0x00000004   Code   RO         2426    i._ZN9Formatter5AsTxtC1EPKc  debug.o
    0x08002da4   0x08002da4   0x0000000c   Code   RO         2480    i._ZN9Formatter5ISinkC2Ev  debug.o
    0x08002db0   0x08002db0   0x00000002   Code   RO         2474    i._ZN9Formatter5ISinkD2Ev  debug.o
    0x08002db2   0x08002db2   0x00000010   Code   RO         2462    i._ZN9Formatter5PrintEPKc  debug.o
    0x08002dc2   0x08002dc2   0x00000010   Code   RO         2492    i._ZN9Formatter5PrintEc  debug.o
    0x08002dd2   0x08002dd2   0x00000010   Code   RO         2522    i._ZN9Formatter5PrintEj  debug.o
    0x08002de2   0x08002de2   0x00000004   Code   RO         1019    i._ZN9Formatter7SetSignEb  formatter.o
    0x08002de6   0x08002de6   0x00000016   Code   RO         1001    i._ZN9Formatter8PrintChrEh  formatter.o
    0x08002dfc   0x08002dfc   0x00000018   Code   RO          995    i._ZN9Formatter8PrintTxtEPKc  formatter.o
    0x08002e14   0x08002e14   0x00000004   Code   RO         1013    i._ZN9Formatter8SetRadixENS_11RadixMdTypeE  formatter.o
    0x08002e18   0x08002e18   0x00000004   Code   RO         1025    i._ZN9Formatter9SetPrefixEb  formatter.o
    0x08002e1c   0x08002e1c   0x00000038   Code   RO         2444    i._ZN9FormatterC1ERNS_5ISinkE  debug.o
    0x08002e54   0x08002e54   0x00000002   Code   RO         2438    i._ZN9FormatterD1Ev  debug.o
    0x08002e56   0x08002e56   0x0000001c   Code   RO          947    i._ZN9Num2Ascii10WriteCharsEih  formatter.o
    0x08002e72   0x08002e72   0x00000016   Code   RO          935    i._ZN9Num2Ascii10WriteDigitEh  formatter.o
    0x08002e88   0x08002e88   0x00000022   Code   RO          887    i._ZN9Num2Ascii11WritePrefixEv  formatter.o
    0x08002eaa   0x08002eaa   0x00000002   PAD
    0x08002eac   0x08002eac   0x0000000c   Code   RO         1043    i._ZN9Num2Ascii5ISinkC2Ev  formatter.o
    0x08002eb8   0x08002eb8   0x00000002   Code   RO         1037    i._ZN9Num2Ascii5ISinkD2Ev  formatter.o
    0x08002eba   0x08002eba   0x00000002   PAD
    0x08002ebc   0x08002ebc   0x0000000c   Code   RO         1031    i._ZN9Num2Ascii9ResPrefixEv  formatter.o
    0x08002ec8   0x08002ec8   0x00000014   Code   RO          953    i._ZN9Num2Ascii9SetPrefixEPKc  formatter.o
    0x08002edc   0x08002edc   0x00000018   Code   RO          879    i._ZN9Num2Ascii9WriteCharEh  formatter.o
    0x08002ef4   0x08002ef4   0x00000016   Code   RO          959    i._ZN9Num2AsciiC1ERNS_5ISinkE  formatter.o
    0x08002f0a   0x08002f0a   0x00000002   PAD
    0x08002f0c   0x08002f0c   0x0000002c   Code   RO          899    i._ZN9Num2AsciiC1ERNS_5ISinkEPKc  formatter.o
    0x08002f38   0x08002f38   0x00000002   Code   RO          923    i._ZN9Num2AsciiD1Ev  formatter.o
    0x08002f3a   0x08002f3a   0x00000018   Code   RO         1528    i._ZN9PinHelper5WrBitEb  drvdio.o
    0x08002f52   0x08002f52   0x0000004a   Code   RO         1465    i._ZN9PinHelperC1ERV14__regbank_GPIOjj  drvdio.o
    0x08002f9c   0x08002f9c   0x00000014   Code   RO          655    i._ZNK7Ili93417CommandEh  ili9341.o
    0x08002fb0   0x08002fb0   0x00000006   Code   RO         2618    i._ZNK9Formatter5AsTxt6GetTxtEv  debug.o
    0x08002fb6   0x08002fb6   0x00000002   PAD
    0x08002fb8   0x08002fb8   0x0000002c   Code   RO         2612    i._ZNK9Formatter5AsTxt8ToStringERS_  debug.o
    0x08002fe4   0x08002fe4   0x00000006   Code   RO         2576    i._ZNK9Formatter6Digits6GetNumEv  debug.o
    0x08002fea   0x08002fea   0x00000018   Code   RO         2546    i._ZNK9Formatter6Digits8ToStringERS_  debug.o
    0x08003002   0x08003002   0x0000001c   Code   RO         2570    i._ZNK9Formatter7HexFlagEv  debug.o
    0x0800301e   0x0800301e   0x00000006   Code   RO          929    i._ZNK9Num2Ascii9GetLengthEv  formatter.o
    0x08003024   0x08003024   0x0000001c   Code   RO         1516    i._ZNK9PinHelper5RdIdrEv  drvdio.o
    0x08003040   0x08003040   0x0000001c   Code   RO         1522    i._ZNK9PinHelper5RdOdrEv  drvdio.o
    0x0800305c   0x0800305c   0x00000010   Code   RO         3000    i._ZSt15set_new_handlerPFvvE  cpprt_w.l(new_nothrow.o)
    0x0800306c   0x0800306c   0x00000008   Code   RO         2893    i._ZdlPv            cpprt_w.l(delete.o)
    0x08003074   0x08003074   0x00000006   Code   RO         1489    i._ZnwjPv           drvdio.o
    0x0800307a   0x0800307a   0x0000002c   Code   RO         3090    i.___Heap_Initialize$realtime$concurrent  c_w.l(heap2mt.o)
    0x080030a6   0x080030a6   0x00000062   Code   RO         3091    i.___Heap_ProvideMemory$realtime$concurrent  c_w.l(heap2mt.o)
    0x08003108   0x08003108   0x00000002   Code   RO         2873    i.__use_realtime_heap  c_w.l(fdtree.o)
    0x0800310a   0x0800310a   0x00000074   Code   RO         3094    i._free$realtime$concurrent  c_w.l(heap2mt.o)
    0x0800317e   0x0800317e   0x0000008e   Code   RO         3095    i._malloc$realtime$concurrent  c_w.l(heap2mt.o)
    0x0800320c   0x0800320c   0x00000026   Code   RO          327    t._Z8EnableAFILj11EEvRV14__regbank_GPIOjjbRAT__Kh  initsdram.o
    0x08003232   0x08003232   0x00000026   Code   RO          769    t._Z8EnableAFILj2EEvRV14__regbank_GPIOjjbRAT__Kh  drvltdc.o
    0x08003258   0x08003258   0x00000026   Code   RO          775    t._Z8EnableAFILj3EEvRV14__regbank_GPIOjjbRAT__Kh  drvltdc.o
    0x0800327e   0x0800327e   0x0000003a   Code   RO         2419    t._Z8ItmPrintIJA5_cPKccN9Formatter6DigitsEjA3_cS2_cNS3_5AsTxtEEEvDpRKT_  debug.o
    0x080032b8   0x080032b8   0x00000010   Code   RO         2606    t._Z8PrintObjIN9Formatter5AsTxtEEvRS0_RKT_  debug.o
    0x080032c8   0x080032c8   0x00000010   Code   RO         2528    t._Z8PrintObjIN9Formatter6DigitsEEvRS0_RKT_  debug.o
    0x080032d8   0x080032d8   0x00000012   Code   RO         1007    t._ZN10CheckValueIRPKcE6VerifyIZN9Formatter14PrintTxtQuotedES1_EUlPVKvE_EES2_S2_T_  formatter.o
    0x080032ea   0x080032ea   0x00000012   Code   RO          989    t._ZN10CheckValueIRPKcE6VerifyIZN9Formatter8PrintTxtES1_iEUlPVKvE_EES2_S2_T_  formatter.o
    0x080032fc   0x080032fc   0x00000012   Code   RO          941    t._ZN10CheckValueIRPKcE6VerifyIZN9Num2Ascii11WritePrefixEvEUlPVKvE_EES2_S2_T_  formatter.o
    0x0800330e   0x0800330e   0x00000002   PAD
    0x08003310   0x08003310   0x00000020   Code   RO         1752    t._ZN15InstanceWrapperI4PortIL_Z7rbGPIOAEEEC1Ev  drvdiog.o
    0x08003330   0x08003330   0x0000000e   Code   RO         1746    t._ZN15InstanceWrapperI4PortIL_Z7rbGPIOAEEED1Ev  drvdiog.o
    0x0800333e   0x0800333e   0x00000002   PAD
    0x08003340   0x08003340   0x00000020   Code   RO         1764    t._ZN15InstanceWrapperI4PortIL_Z7rbGPIOBEEEC1Ev  drvdiog.o
    0x08003360   0x08003360   0x0000000e   Code   RO         1758    t._ZN15InstanceWrapperI4PortIL_Z7rbGPIOBEEED1Ev  drvdiog.o
    0x0800336e   0x0800336e   0x00000002   PAD
    0x08003370   0x08003370   0x00000020   Code   RO         1776    t._ZN15InstanceWrapperI4PortIL_Z7rbGPIOCEEEC1Ev  drvdiog.o
    0x08003390   0x08003390   0x0000000e   Code   RO         1770    t._ZN15InstanceWrapperI4PortIL_Z7rbGPIOCEEED1Ev  drvdiog.o
    0x0800339e   0x0800339e   0x00000002   PAD
    0x080033a0   0x080033a0   0x00000020   Code   RO         1788    t._ZN15InstanceWrapperI4PortIL_Z7rbGPIODEEEC1Ev  drvdiog.o
    0x080033c0   0x080033c0   0x0000000e   Code   RO         1782    t._ZN15InstanceWrapperI4PortIL_Z7rbGPIODEEED1Ev  drvdiog.o
    0x080033ce   0x080033ce   0x00000002   PAD
    0x080033d0   0x080033d0   0x00000020   Code   RO         1800    t._ZN15InstanceWrapperI4PortIL_Z7rbGPIOFEEEC1Ev  drvdiog.o
    0x080033f0   0x080033f0   0x0000000e   Code   RO         1794    t._ZN15InstanceWrapperI4PortIL_Z7rbGPIOFEEED1Ev  drvdiog.o
    0x080033fe   0x080033fe   0x00000002   PAD
    0x08003400   0x08003400   0x00000020   Code   RO         1812    t._ZN15InstanceWrapperI4PortIL_Z7rbGPIOGEEEC1Ev  drvdiog.o
    0x08003420   0x08003420   0x0000000e   Code   RO         1806    t._ZN15InstanceWrapperI4PortIL_Z7rbGPIOGEEED1Ev  drvdiog.o
    0x0800342e   0x0800342e   0x00000002   PAD
    0x08003430   0x08003430   0x00000024   Code   RO         1824    t._ZN4PortIL_Z7rbGPIOAEEC1Ev  drvdiog.o
    0x08003454   0x08003454   0x0000000e   Code   RO         1818    t._ZN4PortIL_Z7rbGPIOAEED1Ev  drvdiog.o
    0x08003462   0x08003462   0x00000002   PAD
    0x08003464   0x08003464   0x00000024   Code   RO         1836    t._ZN4PortIL_Z7rbGPIOBEEC1Ev  drvdiog.o
    0x08003488   0x08003488   0x0000000e   Code   RO         1830    t._ZN4PortIL_Z7rbGPIOBEED1Ev  drvdiog.o
    0x08003496   0x08003496   0x00000002   PAD
    0x08003498   0x08003498   0x00000024   Code   RO         1848    t._ZN4PortIL_Z7rbGPIOCEEC1Ev  drvdiog.o
    0x080034bc   0x080034bc   0x0000000e   Code   RO         1842    t._ZN4PortIL_Z7rbGPIOCEED1Ev  drvdiog.o
    0x080034ca   0x080034ca   0x00000002   PAD
    0x080034cc   0x080034cc   0x00000024   Code   RO         1860    t._ZN4PortIL_Z7rbGPIODEEC1Ev  drvdiog.o
    0x080034f0   0x080034f0   0x0000000e   Code   RO         1854    t._ZN4PortIL_Z7rbGPIODEED1Ev  drvdiog.o
    0x080034fe   0x080034fe   0x00000002   PAD
    0x08003500   0x08003500   0x00000024   Code   RO         1872    t._ZN4PortIL_Z7rbGPIOFEEC1Ev  drvdiog.o
    0x08003524   0x08003524   0x0000000e   Code   RO         1866    t._ZN4PortIL_Z7rbGPIOFEED1Ev  drvdiog.o
    0x08003532   0x08003532   0x00000002   PAD
    0x08003534   0x08003534   0x00000024   Code   RO         1884    t._ZN4PortIL_Z7rbGPIOGEEC1Ev  drvdiog.o
    0x08003558   0x08003558   0x0000000e   Code   RO         1878    t._ZN4PortIL_Z7rbGPIOGEED1Ev  drvdiog.o
    0x08003566   0x08003566   0x00000014   Code   RO         2277    t._ZN6Atomic3AddIjEET_RVS1_S1_  stk.o
    0x0800357a   0x0800357a   0x00000014   Code   RO          359    t._ZN6Atomic3AndItEET_RVS1_S1_  initsdram.o
    0x0800358e   0x0800358e   0x00000016   Code   RO          303    t._ZN6Atomic3BicItEET_RVS1_S1_  initsdram.o
    0x080035a4   0x080035a4   0x00000014   Code   RO          353    t._ZN6Atomic3OrrIjEET_RVS1_S1_  initsdram.o
    0x080035b8   0x080035b8   0x00000014   Code   RO          309    t._ZN6Atomic3OrrItEET_RVS1_S1_  initsdram.o
    0x080035cc   0x080035cc   0x0000002e   Code   RO          253    t._ZN6Atomic4BfldIjEET_RVS1_S1_S1_  initsdram.o
    0x080035fa   0x080035fa   0x00000014   Code   RO         2265    t._ZN6Atomic4IncrIjEET_RVS1_  stk.o
    0x0800360e   0x0800360e   0x00000006   Code   RO         2289    t._ZN6Atomic5BinOpIjLNS_9BinOpTypeE1EE4CalcEjj  stk.o
    0x08003614   0x08003614   0x00000008   Code   RO          401    t._ZN6Atomic5BinOpIjLNS_9BinOpTypeE5EE4CalcEjj  initsdram.o
    0x0800361c   0x0800361c   0x00000008   Code   RO          414    t._ZN6Atomic5BinOpItLNS_9BinOpTypeE4EE4CalcEtt  initsdram.o
    0x08003624   0x08003624   0x00000008   Code   RO          395    t._ZN6Atomic5BinOpItLNS_9BinOpTypeE5EE4CalcEtt  initsdram.o
    0x0800362c   0x0800362c   0x00000030   Code   RO         2283    t._ZN6Atomic6ModifyIjLNS_9BinOpTypeE1EEET_RVS2_S2_  stk.o
    0x0800365c   0x0800365c   0x00000030   Code   RO          371    t._ZN6Atomic6ModifyIjLNS_9BinOpTypeE5EEET_RVS2_S2_  initsdram.o
    0x0800368c   0x0800368c   0x00000030   Code   RO          389    t._ZN6Atomic6ModifyItLNS_9BinOpTypeE4EEET_RVS2_S2_  initsdram.o
    0x080036bc   0x080036bc   0x00000030   Code   RO          365    t._ZN6Atomic6ModifyItLNS_9BinOpTypeE5EEET_RVS2_S2_  initsdram.o
    0x080036ec   0x080036ec   0x00000014   Code   RO          273    t._ZN6Cortex10LoadLinkedIjEET_RVKS1_  initsdram.o
    0x08003700   0x08003700   0x00000014   Code   RO          377    t._ZN6Cortex10LoadLinkedItEET_RVKS1_  initsdram.o
    0x08003714   0x08003714   0x00000010   Code   RO         1165    t._ZN6Cortex11SwitchStackILj4096EEEvRAT__j  stm32f429_init.o
    0x08003724   0x08003724   0x0000001c   Code   RO          285    t._ZN6Cortex15SaveConditionalIjEEbRVT_S1_  initsdram.o
    0x08003740   0x08003740   0x0000001c   Code   RO          383    t._ZN6Cortex15SaveConditionalItEEbRVT_S1_  initsdram.o
    0x0800375c   0x0800375c   0x00000040   Code   RO         1471    t._ZN7MemPoolILj12ELj16EE5AllocEv  drvdio.o
    0x0800379c   0x0800379c   0x00000008   Code   RO         1504    t._ZN7MemPoolILj12ELj16EEC1Ev  drvdio.o
    0x080037a4   0x080037a4   0x00000028   Code   RO         2516    t._ZN9Formatter5PrintIA3_cJPKccNS_5AsTxtEEEEvRKT_DpRKT0_  debug.o
    0x080037cc   0x080037cc   0x00000038   Code   RO         2432    t._ZN9Formatter5PrintIA5_cJPKccNS_6DigitsEjA3_cS3_cNS_5AsTxtEEEEvRKT_DpRKT0_  debug.o
    0x08003804   0x08003804   0x00000010   Code   RO         2588    t._ZN9Formatter5PrintINS_5AsTxtEEEvRKT_  debug.o
    0x08003814   0x08003814   0x00000010   Code   RO         2510    t._ZN9Formatter5PrintINS_6DigitsEEEvRKT_  debug.o
    0x08003824   0x08003824   0x00000030   Code   RO         2498    t._ZN9Formatter5PrintINS_6DigitsEJjA3_cPKccNS_5AsTxtEEEEvRKT_DpRKT0_  debug.o
    0x08003854   0x08003854   0x00000022   Code   RO         2534    t._ZN9Formatter5PrintIPKcJcNS_5AsTxtEEEEvRKT_DpRKT0_  debug.o
    0x08003876   0x08003876   0x00000030   Code   RO         2468    t._ZN9Formatter5PrintIPKcJcNS_6DigitsEjA3_cS2_cNS_5AsTxtEEEEvRKT_DpRKT0_  debug.o
    0x080038a6   0x080038a6   0x0000001a   Code   RO         2552    t._ZN9Formatter5PrintIcJNS_5AsTxtEEEEvRKT_DpRKT0_  debug.o
    0x080038c0   0x080038c0   0x00000030   Code   RO         2486    t._ZN9Formatter5PrintIcJNS_6DigitsEjA3_cPKccNS_5AsTxtEEEEvRKT_DpRKT0_  debug.o
    0x080038f0   0x080038f0   0x0000002c   Code   RO         2504    t._ZN9Formatter5PrintIjJA3_cPKccNS_5AsTxtEEEEvRKT_DpRKT0_  debug.o
    0x0800391c   0x0800391c   0x0000008c   Code   RO          911    t._ZN9Num2Ascii6FormatIjLj10EEEjT_ii  formatter.o
    0x080039a8   0x080039a8   0x00000088   Code   RO          893    t._ZN9Num2Ascii6FormatIjLj16EEEjT_ii  formatter.o
    0x08003a30   0x08003a30   0x000000b0   Code   RO          917    t._ZN9Num2Ascii6FormatIyLj10EEEjT_ii  formatter.o
    0x08003ae0   0x08003ae0   0x000000b0   Code   RO          905    t._ZN9Num2Ascii6FormatIyLj16EEEjT_ii  formatter.o
    0x08003b90   0x08003b90   0x0000000c   Code   RO         1650    t._ZN9SingletonI4PortIL_Z7rbGPIOAEEE11GetInstanceEv  drvdiog.o
    0x08003b9c   0x08003b9c   0x00000044   Code   RO         1692    t._ZN9SingletonI4PortIL_Z7rbGPIOAEEE6CreateEv  drvdiog.o
    0x08003be0   0x08003be0   0x0000000c   Code   RO         1656    t._ZN9SingletonI4PortIL_Z7rbGPIOBEEE11GetInstanceEv  drvdiog.o
    0x08003bec   0x08003bec   0x00000044   Code   RO         1701    t._ZN9SingletonI4PortIL_Z7rbGPIOBEEE6CreateEv  drvdiog.o
    0x08003c30   0x08003c30   0x0000000c   Code   RO         1662    t._ZN9SingletonI4PortIL_Z7rbGPIOCEEE11GetInstanceEv  drvdiog.o
    0x08003c3c   0x08003c3c   0x00000044   Code   RO         1710    t._ZN9SingletonI4PortIL_Z7rbGPIOCEEE6CreateEv  drvdiog.o
    0x08003c80   0x08003c80   0x0000000c   Code   RO         1668    t._ZN9SingletonI4PortIL_Z7rbGPIODEEE11GetInstanceEv  drvdiog.o
    0x08003c8c   0x08003c8c   0x00000044   Code   RO         1719    t._ZN9SingletonI4PortIL_Z7rbGPIODEEE6CreateEv  drvdiog.o
    0x08003cd0   0x08003cd0   0x0000000c   Code   RO         1674    t._ZN9SingletonI4PortIL_Z7rbGPIOFEEE11GetInstanceEv  drvdiog.o
    0x08003cdc   0x08003cdc   0x00000044   Code   RO         1728    t._ZN9SingletonI4PortIL_Z7rbGPIOFEEE6CreateEv  drvdiog.o
    0x08003d20   0x08003d20   0x0000000c   Code   RO         1680    t._ZN9SingletonI4PortIL_Z7rbGPIOGEEE11GetInstanceEv  drvdiog.o
    0x08003d2c   0x08003d2c   0x00000044   Code   RO         1737    t._ZN9SingletonI4PortIL_Z7rbGPIOGEEE6CreateEv  drvdiog.o
    0x08003d70   0x08003d70   0x00000016   Code   RO          673    t._ZNK7Ili93417CommandILj15EEEvhRAT__Kh  ili9341.o
    0x08003d86   0x08003d86   0x00000016   Code   RO          667    t._ZNK7Ili93417CommandILj3EEEvhRAT__Kh  ili9341.o
    0x08003d9c   0x08003d9c   0x00000016   Code   RO          679    t._ZNK7Ili93417CommandILj4EEEvhRAT__Kh  ili9341.o
    0x08003db2   0x08003db2   0x00000016   Code   RO          685    t._ZNK7Ili93417CommandILj5EEEvhRAT__Kh  ili9341.o
    0x08003dc8   0x08003dc8   0x0000000b   Data   RO            3    .constdata          stm32f429_disco_start.o
    0x08003dd3   0x08003dd3   0x00000025   Data   RO          241    .constdata          initsdram.o
    0x08003df8   0x08003df8   0x00000003   Data   RO          578    .constdata          drvspi.o
    0x08003dfb   0x08003dfb   0x0000003f   Data   RO          619    .constdata          ili9341.o
    0x08003e3a   0x08003e3a   0x00000016   Data   RO          761    .constdata          drvltdc.o
    0x08003e50   0x08003e50   0x00000016   Data   RO          858    .constdata          formatter.o
    0x08003e66   0x08003e66   0x00000002   PAD
    0x08003e68   0x08003e68   0x00000080   Data   RO         1635    .constdata          drvdiog.o
    0x08003ee8   0x08003ee8   0x0000001d   Data   RO         2220    .constdata          psv.o
    0x08003f05   0x08003f05   0x00000035   Data   RO         2248    .constdata          stk.o
    0x08003f3a   0x08003f3a   0x00000015   Data   RO         2346    .constdata          svc.o
    0x08003f4f   0x08003f4f   0x00000001   PAD
    0x08003f50   0x08003f50   0x0000000a   Data   RO         2399    .constdata          debug.o
    0x08003f5a   0x08003f5a   0x000000fc   Data   RO         2787    .constdata          premain.o
    0x08004056   0x08004056   0x00000002   PAD
    0x08004058   0x08004058   0x00000014   Data   RO         2629    .constdata__ZTV10SinkForItm  debug.o
    0x0800406c   0x0800406c   0x00000014   Data   RO         1054    .constdata__ZTV13SinkConverter  formatter.o
    0x08004080   0x08004080   0x00000018   Data   RO         1450    .constdata__ZTV4IDio  drvdio.o
    0x08004098   0x08004098   0x00000018   Data   RO         1891    .constdata__ZTV4PortIL_Z7rbGPIOAEE  drvdiog.o
    0x080040b0   0x080040b0   0x00000018   Data   RO         1893    .constdata__ZTV4PortIL_Z7rbGPIOBEE  drvdiog.o
    0x080040c8   0x080040c8   0x00000018   Data   RO         1895    .constdata__ZTV4PortIL_Z7rbGPIOCEE  drvdiog.o
    0x080040e0   0x080040e0   0x00000018   Data   RO         1897    .constdata__ZTV4PortIL_Z7rbGPIODEE  drvdiog.o
    0x080040f8   0x080040f8   0x00000018   Data   RO         1899    .constdata__ZTV4PortIL_Z7rbGPIOFEE  drvdiog.o
    0x08004110   0x08004110   0x00000018   Data   RO         1901    .constdata__ZTV4PortIL_Z7rbGPIOGEE  drvdiog.o
    0x08004128   0x08004128   0x00000014   Data   RO         1454    .constdata__ZTV5RdPin  drvdio.o
    0x0800413c   0x0800413c   0x00000018   Data   RO         1456    .constdata__ZTV5WrPin  drvdio.o
    0x08004154   0x08004154   0x00000014   Data   RO         1446    .constdata__ZTV6IRdPin  drvdio.o
    0x08004168   0x08004168   0x00000018   Data   RO         1448    .constdata__ZTV6IWrPin  drvdio.o
    0x08004180   0x08004180   0x00000018   Data   RO         1452    .constdata__ZTV8PortBase  drvdio.o
    0x08004198   0x08004198   0x00000010   Data   RO         2625    .constdata__ZTV9Formatter  debug.o
    0x080041a8   0x080041a8   0x00000010   Data   RO         1050    .constdata__ZTV9Num2Ascii  formatter.o
    0x080041b8   0x080041b8   0x00000014   Data   RO         2627    .constdata__ZTVN9Formatter5ISinkE  debug.o
    0x080041cc   0x080041cc   0x00000014   Data   RO         1052    .constdata__ZTVN9Num2Ascii5ISinkE  formatter.o
    0x080041e0   0x080041e0   0x00000059   Data   RO          427    .constdata__ZZ8EnableAFRV14__regbank_GPIOjjbjE19__PRETTY_FUNCTION__  initsdram.o
    0x08004239   0x08004239   0x00000008   Data   RO          250    .constdata__ZZ8EnableAFRV14__regbank_GPIOjjbjEs  initsdram.o
    0x08004241   0x08004241   0x0000000a   Data   RO          251    .constdata__ZZ8EnableAFRV14__regbank_GPIOjjbjEs_0  initsdram.o
    0x0800424b   0x0800424b   0x00000009   Data   RO          252    .constdata__ZZ8EnableAFRV14__regbank_GPIOjjbjEs_1  initsdram.o
    0x08004254   0x08004254   0x00000047   Data   RO         1904    .constdata__ZZN15InstanceWrapperI4PortIL_Z7rbGPIOAEEEC1EvE19__PRETTY_FUNCTION__  drvdiog.o
    0x0800429b   0x0800429b   0x00000047   Data   RO         1907    .constdata__ZZN15InstanceWrapperI4PortIL_Z7rbGPIOBEEEC1EvE19__PRETTY_FUNCTION__  drvdiog.o
    0x080042e2   0x080042e2   0x00000047   Data   RO         1910    .constdata__ZZN15InstanceWrapperI4PortIL_Z7rbGPIOCEEEC1EvE19__PRETTY_FUNCTION__  drvdiog.o
    0x08004329   0x08004329   0x00000047   Data   RO         1913    .constdata__ZZN15InstanceWrapperI4PortIL_Z7rbGPIODEEEC1EvE19__PRETTY_FUNCTION__  drvdiog.o
    0x08004370   0x08004370   0x00000047   Data   RO         1916    .constdata__ZZN15InstanceWrapperI4PortIL_Z7rbGPIOFEEEC1EvE19__PRETTY_FUNCTION__  drvdiog.o
    0x080043b7   0x080043b7   0x00000047   Data   RO         1919    .constdata__ZZN15InstanceWrapperI4PortIL_Z7rbGPIOGEEEC1EvE19__PRETTY_FUNCTION__  drvdiog.o
    0x080043fe   0x080043fe   0x0000003f   Data   RO         1558    .constdata__ZZN7MemPoolILj12ELj16EE5AllocEvE19__PRETTY_FUNCTION__  drvdio.o
    0x0800443d   0x0800443d   0x0000000b   Data   RO         1457    .constdata__ZZN7MemPoolILj12ELj16EE5AllocEvEs  drvdio.o
    0x08004448   0x08004448   0x0000000a   Data   RO         1458    .constdata__ZZN7MemPoolILj12ELj16EE5AllocEvEs_0  drvdio.o
    0x08004452   0x08004452   0x00000057   Data   RO         1059    .constdata__ZZN9Num2Ascii6FormatIjLj10EEEjT_iiE19__PRETTY_FUNCTION__  formatter.o
    0x080044a9   0x080044a9   0x00000010   Data   RO         1060    .constdata__ZZN9Num2Ascii6FormatIjLj10EEEjT_iiE3d2c  formatter.o
    0x080044b9   0x080044b9   0x0000000e   Data   RO          875    .constdata__ZZN9Num2Ascii6FormatIjLj10EEEjT_iiEs_1  formatter.o
    0x080044c7   0x080044c7   0x0000000c   Data   RO          876    .constdata__ZZN9Num2Ascii6FormatIjLj10EEEjT_iiEs_2  formatter.o
    0x080044d3   0x080044d3   0x00000057   Data   RO         1055    .constdata__ZZN9Num2Ascii6FormatIjLj16EEEjT_iiE19__PRETTY_FUNCTION__  formatter.o
    0x0800452a   0x0800452a   0x00000010   Data   RO         1056    .constdata__ZZN9Num2Ascii6FormatIjLj16EEEjT_iiE3d2c  formatter.o
    0x0800453a   0x0800453a   0x0000000e   Data   RO          871    .constdata__ZZN9Num2Ascii6FormatIjLj16EEEjT_iiEs_1  formatter.o
    0x08004548   0x08004548   0x0000000c   Data   RO          872    .constdata__ZZN9Num2Ascii6FormatIjLj16EEEjT_iiEs_2  formatter.o
    0x08004554   0x08004554   0x0000005d   Data   RO         1061    .constdata__ZZN9Num2Ascii6FormatIyLj10EEEjT_iiE19__PRETTY_FUNCTION__  formatter.o
    0x080045b1   0x080045b1   0x00000010   Data   RO         1062    .constdata__ZZN9Num2Ascii6FormatIyLj10EEEjT_iiE3d2c  formatter.o
    0x080045c1   0x080045c1   0x0000000e   Data   RO          877    .constdata__ZZN9Num2Ascii6FormatIyLj10EEEjT_iiEs_1  formatter.o
    0x080045cf   0x080045cf   0x0000000c   Data   RO          878    .constdata__ZZN9Num2Ascii6FormatIyLj10EEEjT_iiEs_2  formatter.o
    0x080045db   0x080045db   0x0000005d   Data   RO         1057    .constdata__ZZN9Num2Ascii6FormatIyLj16EEEjT_iiE19__PRETTY_FUNCTION__  formatter.o
    0x08004638   0x08004638   0x00000010   Data   RO         1058    .constdata__ZZN9Num2Ascii6FormatIyLj16EEEjT_iiE3d2c  formatter.o
    0x08004648   0x08004648   0x0000000e   Data   RO          873    .constdata__ZZN9Num2Ascii6FormatIyLj16EEEjT_iiEs_1  formatter.o
    0x08004656   0x08004656   0x0000000c   Data   RO          874    .constdata__ZZN9Num2Ascii6FormatIyLj16EEEjT_iiEs_2  formatter.o
    0x08004662   0x08004662   0x00000001   Data   RO          868    .constdata__ZZN9Num2Ascii9ResPrefixEvEs  formatter.o
    0x08004663   0x08004663   0x00000008   Data   RO         2411    .constdata__ZZNK9Formatter5AsTxt8ToStringERS_Es  debug.o
    0x0800466b   0x0800466b   0x0000000b   Data   RO          859    .constdata__ZZZN9Num2Ascii11WritePrefixEvENKUlPVKvE_clES1_E12__FUNCTION__  formatter.o
    0x08004676   0x08004676   0x00000014   Data   RO          869    .constdata__ZZZN9Num2Ascii11WritePrefixEvENKUlPVKvE_clES1_Es  formatter.o
    0x0800468a   0x0800468a   0x0000000c   Data   RO          870    .constdata__ZZZN9Num2Ascii11WritePrefixEvENKUlPVKvE_clES1_Es_0  formatter.o
    0x08004696   0x08004696   0x00000002   PAD
    0x08004698   0x08004698   0x00000001   Data   RO          860    .conststring        formatter.o
    0x08004699   0x08004699   0x00000003   PAD
    0x0800469c   0x0800469c   0x00000040   Data   RO         3448    Region$$Table       anon$$obj.o
    0x080046dc   0x080046dc   0x00000004   Data   RO         2401    .init_array.00101   debug.o
    0x080046e0   0x080046dc   0x00000004   Data   RO         1155    .init_array.00102   stm32f429_init.o
    0x080046e4   0x080046dc   0x00000004   Data   RO         2838    .init_array.00110   initialize.o
    0x080046e8   0x080046dc   0x00000018   Data   RO         1636    .init_array         drvdiog.o
    0x08004700   0x080046dc   0x00000000   Data   RO         2888    .init_array         c_w.l(init_aeabi.o)


    Execution Region RW_IRAM0 (Exec base: 0x10000000, Load base: 0x08004700, Size: 0x00004400, Max: 0x00010000, ABSOLUTE, COMPRESSED[0x00000084])

    Exec Addr    Load Addr    Size         Type   Attr      Idx    E Section Name        Object

    0x10000000   COMPRESSED   0x00004000   Data   RW         1156    CCM                 stm32f429_init.o
    0x10004000        -       0x00000400   Zero   RW         1145    CCM                 stm32f429_startup.o


    Execution Region RW_IRAM1 (Exec base: 0x20000000, Load base: 0x08004784, Size: 0x00010520, Max: 0x00030000, ABSOLUTE)

    Exec Addr    Load Addr    Size         Type   Attr      Idx    E Section Name        Object

    0x20000000   0x08004784   0x00000001   Data   RW            4    .data               stm32f429_disco_start.o
    0x20000001   0x08004785   0x00000003   PAD
    0x20000004   0x08004788   0x00000008   Data   RW         1437    .data               drvdio.o
    0x2000000c   0x08004790   0x00000004   Data   RW         2120    .data               cortex.o
    0x20000010   0x08004794   0x00000008   Data   RW         2249    .data               stk.o
    0x20000018   0x0800479c   0x00000010   Data   RW         2400    .data               debug.o
    0x20000028   0x080047ac   0x00000004   Data   RW         1902    .data__ZZN9SingletonI4PortIL_Z7rbGPIOAEEE6CreateEvE7wrapper  drvdiog.o
    0x2000002c   0x080047b0   0x00000004   Data   RW         1905    .data__ZZN9SingletonI4PortIL_Z7rbGPIOBEEE6CreateEvE7wrapper  drvdiog.o
    0x20000030   0x080047b4   0x00000004   Data   RW         1908    .data__ZZN9SingletonI4PortIL_Z7rbGPIOCEEE6CreateEvE7wrapper  drvdiog.o
    0x20000034   0x080047b8   0x00000004   Data   RW         1911    .data__ZZN9SingletonI4PortIL_Z7rbGPIODEEE6CreateEvE7wrapper  drvdiog.o
    0x20000038   0x080047bc   0x00000004   Data   RW         1914    .data__ZZN9SingletonI4PortIL_Z7rbGPIOFEEE6CreateEvE7wrapper  drvdiog.o
    0x2000003c   0x080047c0   0x00000004   Data   RW         1917    .data__ZZN9SingletonI4PortIL_Z7rbGPIOGEEE6CreateEvE7wrapper  drvdiog.o
    0x20000040        -       0x00000188   Zero   RW         1436    .bss                drvdio.o
    0x200001c8        -       0x0000001c   Zero   RW         2398    .bss                debug.o
    0x200001e4        -       0x00000004   Zero   RW         3040    .bss                c_w.l(rt_new_handler_addr.o)
    0x200001e8        -       0x00000004   Zero   RW         3045    .bss                c_w.l(rt_eh_globals_addr.o)
    0x200001ec        -       0x00000004   Zero   RW         3266    .bss                c_w.l(rt_heap_descriptor.o)
    0x200001f0        -       0x00000088   Zero   RW         1903    .bss__ZZN9SingletonI4PortIL_Z7rbGPIOAEEE6CreateEvE7wrapper  drvdiog.o
    0x20000278        -       0x00000088   Zero   RW         1906    .bss__ZZN9SingletonI4PortIL_Z7rbGPIOBEEE6CreateEvE7wrapper  drvdiog.o
    0x20000300        -       0x00000088   Zero   RW         1909    .bss__ZZN9SingletonI4PortIL_Z7rbGPIOCEEE6CreateEvE7wrapper  drvdiog.o
    0x20000388        -       0x00000088   Zero   RW         1912    .bss__ZZN9SingletonI4PortIL_Z7rbGPIODEEE6CreateEvE7wrapper  drvdiog.o
    0x20000410        -       0x00000088   Zero   RW         1915    .bss__ZZN9SingletonI4PortIL_Z7rbGPIOFEEE6CreateEvE7wrapper  drvdiog.o
    0x20000498        -       0x00000088   Zero   RW         1918    .bss__ZZN9SingletonI4PortIL_Z7rbGPIOGEEE6CreateEvE7wrapper  drvdiog.o
    0x20000520        -       0x00010000   Zero   RW         1146    HEAP                stm32f429_startup.o


    Execution Region RW_IRAM2 (Exec base: 0xd0000000, Load base: 0x080047c4, Size: 0x00000000, Max: 0x00800000, ABSOLUTE, UNINIT)

    **** No section assigned to this execution region ****



  Load Region LR$$.ARM.__AT_0x40000000 (Base: 0x40000000, Size: 0x00000000, Max: 0x00000050, ABSOLUTE)

    Execution Region ER$$.ARM.__AT_0x40000000 (Exec base: 0x40000000, Load base: 0x40000000, Size: 0x00000050, Max: 0x00000050, ABSOLUTE, UNINIT)

    Exec Addr    Load Addr    Size         Type   Attr      Idx    E Section Name        Object

    0x40000000        -       0x00000050   Zero   RW         1251    .ARM.__AT_0x40000000  rb.o



  Load Region LR$$.ARM.__AT_0x40000400 (Base: 0x40000400, Size: 0x00000000, Max: 0x00000050, ABSOLUTE)

    Execution Region ER$$.ARM.__AT_0x40000400 (Exec base: 0x40000400, Load base: 0x40000400, Size: 0x00000050, Max: 0x00000050, ABSOLUTE, UNINIT)

    Exec Addr    Load Addr    Size         Type   Attr      Idx    E Section Name        Object

    0x40000400        -       0x00000050   Zero   RW         1252    .ARM.__AT_0x40000400  rb.o



  Load Region LR$$.ARM.__AT_0x40000800 (Base: 0x40000800, Size: 0x00000000, Max: 0x00000050, ABSOLUTE)

    Execution Region ER$$.ARM.__AT_0x40000800 (Exec base: 0x40000800, Load base: 0x40000800, Size: 0x00000050, Max: 0x00000050, ABSOLUTE, UNINIT)

    Exec Addr    Load Addr    Size         Type   Attr      Idx    E Section Name        Object

    0x40000800        -       0x00000050   Zero   RW         1253    .ARM.__AT_0x40000800  rb.o



  Load Region LR$$.ARM.__AT_0x40000C00 (Base: 0x40000c00, Size: 0x00000000, Max: 0x00000050, ABSOLUTE)

    Execution Region ER$$.ARM.__AT_0x40000C00 (Exec base: 0x40000c00, Load base: 0x40000c00, Size: 0x00000050, Max: 0x00000050, ABSOLUTE, UNINIT)

    Exec Addr    Load Addr    Size         Type   Attr      Idx    E Section Name        Object

    0x40000c00        -       0x00000050   Zero   RW         1254    .ARM.__AT_0x40000C00  rb.o



  Load Region LR$$.ARM.__AT_0x40001000 (Base: 0x40001000, Size: 0x00000000, Max: 0x00000050, ABSOLUTE)

    Execution Region ER$$.ARM.__AT_0x40001000 (Exec base: 0x40001000, Load base: 0x40001000, Size: 0x00000050, Max: 0x00000050, ABSOLUTE, UNINIT)

    Exec Addr    Load Addr    Size         Type   Attr      Idx    E Section Name        Object

    0x40001000        -       0x00000050   Zero   RW         1255    .ARM.__AT_0x40001000  rb.o



  Load Region LR$$.ARM.__AT_0x40001400 (Base: 0x40001400, Size: 0x00000000, Max: 0x00000050, ABSOLUTE)

    Execution Region ER$$.ARM.__AT_0x40001400 (Exec base: 0x40001400, Load base: 0x40001400, Size: 0x00000050, Max: 0x00000050, ABSOLUTE, UNINIT)

    Exec Addr    Load Addr    Size         Type   Attr      Idx    E Section Name        Object

    0x40001400        -       0x00000050   Zero   RW         1256    .ARM.__AT_0x40001400  rb.o



  Load Region LR$$.ARM.__AT_0x40001800 (Base: 0x40001800, Size: 0x00000000, Max: 0x00000050, ABSOLUTE)

    Execution Region ER$$.ARM.__AT_0x40001800 (Exec base: 0x40001800, Load base: 0x40001800, Size: 0x00000050, Max: 0x00000050, ABSOLUTE, UNINIT)

    Exec Addr    Load Addr    Size         Type   Attr      Idx    E Section Name        Object

    0x40001800        -       0x00000050   Zero   RW         1257    .ARM.__AT_0x40001800  rb.o



  Load Region LR$$.ARM.__AT_0x40001C00 (Base: 0x40001c00, Size: 0x00000000, Max: 0x00000050, ABSOLUTE)

    Execution Region ER$$.ARM.__AT_0x40001C00 (Exec base: 0x40001c00, Load base: 0x40001c00, Size: 0x00000050, Max: 0x00000050, ABSOLUTE, UNINIT)

    Exec Addr    Load Addr    Size         Type   Attr      Idx    E Section Name        Object

    0x40001c00        -       0x00000050   Zero   RW         1258    .ARM.__AT_0x40001C00  rb.o



  Load Region LR$$.ARM.__AT_0x40002000 (Base: 0x40002000, Size: 0x00000000, Max: 0x00000050, ABSOLUTE)

    Execution Region ER$$.ARM.__AT_0x40002000 (Exec base: 0x40002000, Load base: 0x40002000, Size: 0x00000050, Max: 0x00000050, ABSOLUTE, UNINIT)

    Exec Addr    Load Addr    Size         Type   Attr      Idx    E Section Name        Object

    0x40002000        -       0x00000050   Zero   RW         1259    .ARM.__AT_0x40002000  rb.o



  Load Region LR$$.ARM.__AT_0x40002800 (Base: 0x40002800, Size: 0x00000000, Max: 0x000000a0, ABSOLUTE)

    Execution Region ER$$.ARM.__AT_0x40002800 (Exec base: 0x40002800, Load base: 0x40002800, Size: 0x000000a0, Max: 0x000000a0, ABSOLUTE, UNINIT)

    Exec Addr    Load Addr    Size         Type   Attr      Idx    E Section Name        Object

    0x40002800        -       0x000000a0   Zero   RW         1260    .ARM.__AT_0x40002800  rb.o



  Load Region LR$$.ARM.__AT_0x40003000 (Base: 0x40003000, Size: 0x00000000, Max: 0x00000010, ABSOLUTE)

    Execution Region ER$$.ARM.__AT_0x40003000 (Exec base: 0x40003000, Load base: 0x40003000, Size: 0x00000010, Max: 0x00000010, ABSOLUTE, UNINIT)

    Exec Addr    Load Addr    Size         Type   Attr      Idx    E Section Name        Object

    0x40003000        -       0x00000010   Zero   RW         1261    .ARM.__AT_0x40003000  rb.o



  Load Region LR$$.ARM.__AT_0x40003800 (Base: 0x40003800, Size: 0x00000000, Max: 0x00000024, ABSOLUTE)

    Execution Region ER$$.ARM.__AT_0x40003800 (Exec base: 0x40003800, Load base: 0x40003800, Size: 0x00000024, Max: 0x00000024, ABSOLUTE, UNINIT)

    Exec Addr    Load Addr    Size         Type   Attr      Idx    E Section Name        Object

    0x40003800        -       0x00000024   Zero   RW         1262    .ARM.__AT_0x40003800  rb.o



  Load Region LR$$.ARM.__AT_0x40003C00 (Base: 0x40003c00, Size: 0x00000000, Max: 0x00000024, ABSOLUTE)

    Execution Region ER$$.ARM.__AT_0x40003C00 (Exec base: 0x40003c00, Load base: 0x40003c00, Size: 0x00000024, Max: 0x00000024, ABSOLUTE, UNINIT)

    Exec Addr    Load Addr    Size         Type   Attr      Idx    E Section Name        Object

    0x40003c00        -       0x00000024   Zero   RW         1263    .ARM.__AT_0x40003C00  rb.o



  Load Region LR$$.ARM.__AT_0x40004400 (Base: 0x40004400, Size: 0x00000000, Max: 0x0000001c, ABSOLUTE)

    Execution Region ER$$.ARM.__AT_0x40004400 (Exec base: 0x40004400, Load base: 0x40004400, Size: 0x0000001c, Max: 0x0000001c, ABSOLUTE, UNINIT)

    Exec Addr    Load Addr    Size         Type   Attr      Idx    E Section Name        Object

    0x40004400        -       0x0000001c   Zero   RW         1264    .ARM.__AT_0x40004400  rb.o



  Load Region LR$$.ARM.__AT_0x40004800 (Base: 0x40004800, Size: 0x00000000, Max: 0x0000001c, ABSOLUTE)

    Execution Region ER$$.ARM.__AT_0x40004800 (Exec base: 0x40004800, Load base: 0x40004800, Size: 0x0000001c, Max: 0x0000001c, ABSOLUTE, UNINIT)

    Exec Addr    Load Addr    Size         Type   Attr      Idx    E Section Name        Object

    0x40004800        -       0x0000001c   Zero   RW         1265    .ARM.__AT_0x40004800  rb.o



  Load Region LR$$.ARM.__AT_0x40004C00 (Base: 0x40004c00, Size: 0x00000000, Max: 0x0000001c, ABSOLUTE)

    Execution Region ER$$.ARM.__AT_0x40004C00 (Exec base: 0x40004c00, Load base: 0x40004c00, Size: 0x0000001c, Max: 0x0000001c, ABSOLUTE, UNINIT)

    Exec Addr    Load Addr    Size         Type   Attr      Idx    E Section Name        Object

    0x40004c00        -       0x0000001c   Zero   RW         1266    .ARM.__AT_0x40004C00  rb.o



  Load Region LR$$.ARM.__AT_0x40005000 (Base: 0x40005000, Size: 0x00000000, Max: 0x0000001c, ABSOLUTE)

    Execution Region ER$$.ARM.__AT_0x40005000 (Exec base: 0x40005000, Load base: 0x40005000, Size: 0x0000001c, Max: 0x0000001c, ABSOLUTE, UNINIT)

    Exec Addr    Load Addr    Size         Type   Attr      Idx    E Section Name        Object

    0x40005000        -       0x0000001c   Zero   RW         1267    .ARM.__AT_0x40005000  rb.o



  Load Region LR$$.ARM.__AT_0x40005400 (Base: 0x40005400, Size: 0x00000000, Max: 0x00000028, ABSOLUTE)

    Execution Region ER$$.ARM.__AT_0x40005400 (Exec base: 0x40005400, Load base: 0x40005400, Size: 0x00000028, Max: 0x00000028, ABSOLUTE, UNINIT)

    Exec Addr    Load Addr    Size         Type   Attr      Idx    E Section Name        Object

    0x40005400        -       0x00000028   Zero   RW         1268    .ARM.__AT_0x40005400  rb.o



  Load Region LR$$.ARM.__AT_0x40005800 (Base: 0x40005800, Size: 0x00000000, Max: 0x00000028, ABSOLUTE)

    Execution Region ER$$.ARM.__AT_0x40005800 (Exec base: 0x40005800, Load base: 0x40005800, Size: 0x00000028, Max: 0x00000028, ABSOLUTE, UNINIT)

    Exec Addr    Load Addr    Size         Type   Attr      Idx    E Section Name        Object

    0x40005800        -       0x00000028   Zero   RW         1269    .ARM.__AT_0x40005800  rb.o



  Load Region LR$$.ARM.__AT_0x40005C00 (Base: 0x40005c00, Size: 0x00000000, Max: 0x00000028, ABSOLUTE)

    Execution Region ER$$.ARM.__AT_0x40005C00 (Exec base: 0x40005c00, Load base: 0x40005c00, Size: 0x00000028, Max: 0x00000028, ABSOLUTE, UNINIT)

    Exec Addr    Load Addr    Size         Type   Attr      Idx    E Section Name        Object

    0x40005c00        -       0x00000028   Zero   RW         1270    .ARM.__AT_0x40005C00  rb.o



  Load Region LR$$.ARM.__AT_0x40007000 (Base: 0x40007000, Size: 0x00000000, Max: 0x00000008, ABSOLUTE)

    Execution Region ER$$.ARM.__AT_0x40007000 (Exec base: 0x40007000, Load base: 0x40007000, Size: 0x00000008, Max: 0x00000008, ABSOLUTE, UNINIT)

    Exec Addr    Load Addr    Size         Type   Attr      Idx    E Section Name        Object

    0x40007000        -       0x00000008   Zero   RW         1271    .ARM.__AT_0x40007000  rb.o



  Load Region LR$$.ARM.__AT_0x40010000 (Base: 0x40010000, Size: 0x00000000, Max: 0x00000050, ABSOLUTE)

    Execution Region ER$$.ARM.__AT_0x40010000 (Exec base: 0x40010000, Load base: 0x40010000, Size: 0x00000050, Max: 0x00000050, ABSOLUTE, UNINIT)

    Exec Addr    Load Addr    Size         Type   Attr      Idx    E Section Name        Object

    0x40010000        -       0x00000050   Zero   RW         1272    .ARM.__AT_0x40010000  rb.o



  Load Region LR$$.ARM.__AT_0x40010400 (Base: 0x40010400, Size: 0x00000000, Max: 0x00000050, ABSOLUTE)

    Execution Region ER$$.ARM.__AT_0x40010400 (Exec base: 0x40010400, Load base: 0x40010400, Size: 0x00000050, Max: 0x00000050, ABSOLUTE, UNINIT)

    Exec Addr    Load Addr    Size         Type   Attr      Idx    E Section Name        Object

    0x40010400        -       0x00000050   Zero   RW         1273    .ARM.__AT_0x40010400  rb.o



  Load Region LR$$.ARM.__AT_0x40011000 (Base: 0x40011000, Size: 0x00000000, Max: 0x0000001c, ABSOLUTE)

    Execution Region ER$$.ARM.__AT_0x40011000 (Exec base: 0x40011000, Load base: 0x40011000, Size: 0x0000001c, Max: 0x0000001c, ABSOLUTE, UNINIT)

    Exec Addr    Load Addr    Size         Type   Attr      Idx    E Section Name        Object

    0x40011000        -       0x0000001c   Zero   RW         1274    .ARM.__AT_0x40011000  rb.o



  Load Region LR$$.ARM.__AT_0x40011400 (Base: 0x40011400, Size: 0x00000000, Max: 0x0000001c, ABSOLUTE)

    Execution Region ER$$.ARM.__AT_0x40011400 (Exec base: 0x40011400, Load base: 0x40011400, Size: 0x0000001c, Max: 0x0000001c, ABSOLUTE, UNINIT)

    Exec Addr    Load Addr    Size         Type   Attr      Idx    E Section Name        Object

    0x40011400        -       0x0000001c   Zero   RW         1275    .ARM.__AT_0x40011400  rb.o



  Load Region LR$$.ARM.__AT_0x40012000 (Base: 0x40012000, Size: 0x00000000, Max: 0x00000050, ABSOLUTE)

    Execution Region ER$$.ARM.__AT_0x40012000 (Exec base: 0x40012000, Load base: 0x40012000, Size: 0x00000050, Max: 0x00000050, ABSOLUTE, UNINIT)

    Exec Addr    Load Addr    Size         Type   Attr      Idx    E Section Name        Object

    0x40012000        -       0x00000050   Zero   RW         1276    .ARM.__AT_0x40012000  rb.o



  Load Region LR$$.ARM.__AT_0x40012100 (Base: 0x40012100, Size: 0x00000000, Max: 0x00000050, ABSOLUTE)

    Execution Region ER$$.ARM.__AT_0x40012100 (Exec base: 0x40012100, Load base: 0x40012100, Size: 0x00000050, Max: 0x00000050, ABSOLUTE, UNINIT)

    Exec Addr    Load Addr    Size         Type   Attr      Idx    E Section Name        Object

    0x40012100        -       0x00000050   Zero   RW         1277    .ARM.__AT_0x40012100  rb.o



  Load Region LR$$.ARM.__AT_0x40012200 (Base: 0x40012200, Size: 0x00000000, Max: 0x00000050, ABSOLUTE)

    Execution Region ER$$.ARM.__AT_0x40012200 (Exec base: 0x40012200, Load base: 0x40012200, Size: 0x00000050, Max: 0x00000050, ABSOLUTE, UNINIT)

    Exec Addr    Load Addr    Size         Type   Attr      Idx    E Section Name        Object

    0x40012200        -       0x00000050   Zero   RW         1278    .ARM.__AT_0x40012200  rb.o



  Load Region LR$$.ARM.__AT_0x40013000 (Base: 0x40013000, Size: 0x00000000, Max: 0x00000024, ABSOLUTE)

    Execution Region ER$$.ARM.__AT_0x40013000 (Exec base: 0x40013000, Load base: 0x40013000, Size: 0x00000024, Max: 0x00000024, ABSOLUTE, UNINIT)

    Exec Addr    Load Addr    Size         Type   Attr      Idx    E Section Name        Object

    0x40013000        -       0x00000024   Zero   RW         1279    .ARM.__AT_0x40013000  rb.o



  Load Region LR$$.ARM.__AT_0x40013400 (Base: 0x40013400, Size: 0x00000000, Max: 0x00000024, ABSOLUTE)

    Execution Region ER$$.ARM.__AT_0x40013400 (Exec base: 0x40013400, Load base: 0x40013400, Size: 0x00000024, Max: 0x00000024, ABSOLUTE, UNINIT)

    Exec Addr    Load Addr    Size         Type   Attr      Idx    E Section Name        Object

    0x40013400        -       0x00000024   Zero   RW         1280    .ARM.__AT_0x40013400  rb.o



  Load Region LR$$.ARM.__AT_0x40013800 (Base: 0x40013800, Size: 0x00000000, Max: 0x00000024, ABSOLUTE)

    Execution Region ER$$.ARM.__AT_0x40013800 (Exec base: 0x40013800, Load base: 0x40013800, Size: 0x00000024, Max: 0x00000024, ABSOLUTE, UNINIT)

    Exec Addr    Load Addr    Size         Type   Attr      Idx    E Section Name        Object

    0x40013800        -       0x00000024   Zero   RW         1281    .ARM.__AT_0x40013800  rb.o



  Load Region LR$$.ARM.__AT_0x40013C00 (Base: 0x40013c00, Size: 0x00000000, Max: 0x00000018, ABSOLUTE)

    Execution Region ER$$.ARM.__AT_0x40013C00 (Exec base: 0x40013c00, Load base: 0x40013c00, Size: 0x00000018, Max: 0x00000018, ABSOLUTE, UNINIT)

    Exec Addr    Load Addr    Size         Type   Attr      Idx    E Section Name        Object

    0x40013c00        -       0x00000018   Zero   RW         1282    .ARM.__AT_0x40013C00  rb.o



  Load Region LR$$.ARM.__AT_0x40014000 (Base: 0x40014000, Size: 0x00000000, Max: 0x00000050, ABSOLUTE)

    Execution Region ER$$.ARM.__AT_0x40014000 (Exec base: 0x40014000, Load base: 0x40014000, Size: 0x00000050, Max: 0x00000050, ABSOLUTE, UNINIT)

    Exec Addr    Load Addr    Size         Type   Attr      Idx    E Section Name        Object

    0x40014000        -       0x00000050   Zero   RW         1283    .ARM.__AT_0x40014000  rb.o



  Load Region LR$$.ARM.__AT_0x40014400 (Base: 0x40014400, Size: 0x00000000, Max: 0x00000050, ABSOLUTE)

    Execution Region ER$$.ARM.__AT_0x40014400 (Exec base: 0x40014400, Load base: 0x40014400, Size: 0x00000050, Max: 0x00000050, ABSOLUTE, UNINIT)

    Exec Addr    Load Addr    Size         Type   Attr      Idx    E Section Name        Object

    0x40014400        -       0x00000050   Zero   RW         1284    .ARM.__AT_0x40014400  rb.o



  Load Region LR$$.ARM.__AT_0x40014800 (Base: 0x40014800, Size: 0x00000000, Max: 0x00000050, ABSOLUTE)

    Execution Region ER$$.ARM.__AT_0x40014800 (Exec base: 0x40014800, Load base: 0x40014800, Size: 0x00000050, Max: 0x00000050, ABSOLUTE, UNINIT)

    Exec Addr    Load Addr    Size         Type   Attr      Idx    E Section Name        Object

    0x40014800        -       0x00000050   Zero   RW         1285    .ARM.__AT_0x40014800  rb.o



  Load Region LR$$.ARM.__AT_0x40015000 (Base: 0x40015000, Size: 0x00000000, Max: 0x00000024, ABSOLUTE)

    Execution Region ER$$.ARM.__AT_0x40015000 (Exec base: 0x40015000, Load base: 0x40015000, Size: 0x00000024, Max: 0x00000024, ABSOLUTE, UNINIT)

    Exec Addr    Load Addr    Size         Type   Attr      Idx    E Section Name        Object

    0x40015000        -       0x00000024   Zero   RW         1286    .ARM.__AT_0x40015000  rb.o



  Load Region LR$$.ARM.__AT_0x40015400 (Base: 0x40015400, Size: 0x00000000, Max: 0x00000024, ABSOLUTE)

    Execution Region ER$$.ARM.__AT_0x40015400 (Exec base: 0x40015400, Load base: 0x40015400, Size: 0x00000024, Max: 0x00000024, ABSOLUTE, UNINIT)

    Exec Addr    Load Addr    Size         Type   Attr      Idx    E Section Name        Object

    0x40015400        -       0x00000024   Zero   RW         1287    .ARM.__AT_0x40015400  rb.o



  Load Region LR$$.ARM.__AT_0x40016800 (Base: 0x40016800, Size: 0x00000000, Max: 0x00000148, ABSOLUTE)

    Execution Region ER$$.ARM.__AT_0x40016800 (Exec base: 0x40016800, Load base: 0x40016800, Size: 0x00000148, Max: 0x00000148, ABSOLUTE, UNINIT)

    Exec Addr    Load Addr    Size         Type   Attr      Idx    E Section Name        Object

    0x40016800        -       0x00000148   Zero   RW         1288    .ARM.__AT_0x40016800  rb.o



  Load Region LR$$.ARM.__AT_0x40020000 (Base: 0x40020000, Size: 0x00000000, Max: 0x00000028, ABSOLUTE)

    Execution Region ER$$.ARM.__AT_0x40020000 (Exec base: 0x40020000, Load base: 0x40020000, Size: 0x00000028, Max: 0x00000028, ABSOLUTE, UNINIT)

    Exec Addr    Load Addr    Size         Type   Attr      Idx    E Section Name        Object

    0x40020000        -       0x00000028   Zero   RW         1289    .ARM.__AT_0x40020000  rb.o



  Load Region LR$$.ARM.__AT_0x40020400 (Base: 0x40020400, Size: 0x00000000, Max: 0x00000028, ABSOLUTE)

    Execution Region ER$$.ARM.__AT_0x40020400 (Exec base: 0x40020400, Load base: 0x40020400, Size: 0x00000028, Max: 0x00000028, ABSOLUTE, UNINIT)

    Exec Addr    Load Addr    Size         Type   Attr      Idx    E Section Name        Object

    0x40020400        -       0x00000028   Zero   RW         1290    .ARM.__AT_0x40020400  rb.o



  Load Region LR$$.ARM.__AT_0x40020800 (Base: 0x40020800, Size: 0x00000000, Max: 0x00000028, ABSOLUTE)

    Execution Region ER$$.ARM.__AT_0x40020800 (Exec base: 0x40020800, Load base: 0x40020800, Size: 0x00000028, Max: 0x00000028, ABSOLUTE, UNINIT)

    Exec Addr    Load Addr    Size         Type   Attr      Idx    E Section Name        Object

    0x40020800        -       0x00000028   Zero   RW         1291    .ARM.__AT_0x40020800  rb.o



  Load Region LR$$.ARM.__AT_0x40020C00 (Base: 0x40020c00, Size: 0x00000000, Max: 0x00000028, ABSOLUTE)

    Execution Region ER$$.ARM.__AT_0x40020C00 (Exec base: 0x40020c00, Load base: 0x40020c00, Size: 0x00000028, Max: 0x00000028, ABSOLUTE, UNINIT)

    Exec Addr    Load Addr    Size         Type   Attr      Idx    E Section Name        Object

    0x40020c00        -       0x00000028   Zero   RW         1292    .ARM.__AT_0x40020C00  rb.o



  Load Region LR$$.ARM.__AT_0x40021000 (Base: 0x40021000, Size: 0x00000000, Max: 0x00000028, ABSOLUTE)

    Execution Region ER$$.ARM.__AT_0x40021000 (Exec base: 0x40021000, Load base: 0x40021000, Size: 0x00000028, Max: 0x00000028, ABSOLUTE, UNINIT)

    Exec Addr    Load Addr    Size         Type   Attr      Idx    E Section Name        Object

    0x40021000        -       0x00000028   Zero   RW         1293    .ARM.__AT_0x40021000  rb.o



  Load Region LR$$.ARM.__AT_0x40021400 (Base: 0x40021400, Size: 0x00000000, Max: 0x00000028, ABSOLUTE)

    Execution Region ER$$.ARM.__AT_0x40021400 (Exec base: 0x40021400, Load base: 0x40021400, Size: 0x00000028, Max: 0x00000028, ABSOLUTE, UNINIT)

    Exec Addr    Load Addr    Size         Type   Attr      Idx    E Section Name        Object

    0x40021400        -       0x00000028   Zero   RW         1294    .ARM.__AT_0x40021400  rb.o



  Load Region LR$$.ARM.__AT_0x40021800 (Base: 0x40021800, Size: 0x00000000, Max: 0x00000028, ABSOLUTE)

    Execution Region ER$$.ARM.__AT_0x40021800 (Exec base: 0x40021800, Load base: 0x40021800, Size: 0x00000028, Max: 0x00000028, ABSOLUTE, UNINIT)

    Exec Addr    Load Addr    Size         Type   Attr      Idx    E Section Name        Object

    0x40021800        -       0x00000028   Zero   RW         1295    .ARM.__AT_0x40021800  rb.o



  Load Region LR$$.ARM.__AT_0x40021C00 (Base: 0x40021c00, Size: 0x00000000, Max: 0x00000028, ABSOLUTE)

    Execution Region ER$$.ARM.__AT_0x40021C00 (Exec base: 0x40021c00, Load base: 0x40021c00, Size: 0x00000028, Max: 0x00000028, ABSOLUTE, UNINIT)

    Exec Addr    Load Addr    Size         Type   Attr      Idx    E Section Name        Object

    0x40021c00        -       0x00000028   Zero   RW         1296    .ARM.__AT_0x40021C00  rb.o



  Load Region LR$$.ARM.__AT_0x40022000 (Base: 0x40022000, Size: 0x00000000, Max: 0x00000028, ABSOLUTE)

    Execution Region ER$$.ARM.__AT_0x40022000 (Exec base: 0x40022000, Load base: 0x40022000, Size: 0x00000028, Max: 0x00000028, ABSOLUTE, UNINIT)

    Exec Addr    Load Addr    Size         Type   Attr      Idx    E Section Name        Object

    0x40022000        -       0x00000028   Zero   RW         1297    .ARM.__AT_0x40022000  rb.o



  Load Region LR$$.ARM.__AT_0x40022400 (Base: 0x40022400, Size: 0x00000000, Max: 0x00000028, ABSOLUTE)

    Execution Region ER$$.ARM.__AT_0x40022400 (Exec base: 0x40022400, Load base: 0x40022400, Size: 0x00000028, Max: 0x00000028, ABSOLUTE, UNINIT)

    Exec Addr    Load Addr    Size         Type   Attr      Idx    E Section Name        Object

    0x40022400        -       0x00000028   Zero   RW         1298    .ARM.__AT_0x40022400  rb.o



  Load Region LR$$.ARM.__AT_0x40022800 (Base: 0x40022800, Size: 0x00000000, Max: 0x00000028, ABSOLUTE)

    Execution Region ER$$.ARM.__AT_0x40022800 (Exec base: 0x40022800, Load base: 0x40022800, Size: 0x00000028, Max: 0x00000028, ABSOLUTE, UNINIT)

    Exec Addr    Load Addr    Size         Type   Attr      Idx    E Section Name        Object

    0x40022800        -       0x00000028   Zero   RW         1299    .ARM.__AT_0x40022800  rb.o



  Load Region LR$$.ARM.__AT_0x40023800 (Base: 0x40023800, Size: 0x00000000, Max: 0x00000090, ABSOLUTE)

    Execution Region ER$$.ARM.__AT_0x40023800 (Exec base: 0x40023800, Load base: 0x40023800, Size: 0x00000090, Max: 0x00000090, ABSOLUTE, UNINIT)

    Exec Addr    Load Addr    Size         Type   Attr      Idx    E Section Name        Object

    0x40023800        -       0x00000090   Zero   RW         1300    .ARM.__AT_0x40023800  rb.o



  Load Region LR$$.ARM.__AT_0x40023C00 (Base: 0x40023c00, Size: 0x00000000, Max: 0x00000018, ABSOLUTE)

    Execution Region ER$$.ARM.__AT_0x40023C00 (Exec base: 0x40023c00, Load base: 0x40023c00, Size: 0x00000018, Max: 0x00000018, ABSOLUTE, UNINIT)

    Exec Addr    Load Addr    Size         Type   Attr      Idx    E Section Name        Object

    0x40023c00        -       0x00000018   Zero   RW         1301    .ARM.__AT_0x40023C00  rb.o



  Load Region LR$$.ARM.__AT_0x40026000 (Base: 0x40026000, Size: 0x00000000, Max: 0x000000d0, ABSOLUTE)

    Execution Region ER$$.ARM.__AT_0x40026000 (Exec base: 0x40026000, Load base: 0x40026000, Size: 0x000000d0, Max: 0x000000d0, ABSOLUTE, UNINIT)

    Exec Addr    Load Addr    Size         Type   Attr      Idx    E Section Name        Object

    0x40026000        -       0x000000d0   Zero   RW         1302    .ARM.__AT_0x40026000  rb.o



  Load Region LR$$.ARM.__AT_0x40026400 (Base: 0x40026400, Size: 0x00000000, Max: 0x000000d0, ABSOLUTE)

    Execution Region ER$$.ARM.__AT_0x40026400 (Exec base: 0x40026400, Load base: 0x40026400, Size: 0x000000d0, Max: 0x000000d0, ABSOLUTE, UNINIT)

    Exec Addr    Load Addr    Size         Type   Attr      Idx    E Section Name        Object

    0x40026400        -       0x000000d0   Zero   RW         1303    .ARM.__AT_0x40026400  rb.o



  Load Region LR$$.ARM.__AT_0x40028000 (Base: 0x40028000, Size: 0x00000000, Max: 0x00001058, ABSOLUTE)

    Execution Region ER$$.ARM.__AT_0x40028000 (Exec base: 0x40028000, Load base: 0x40028000, Size: 0x00001058, Max: 0x00001058, ABSOLUTE, UNINIT)

    Exec Addr    Load Addr    Size         Type   Attr      Idx    E Section Name        Object

    0x40028000        -       0x00001058   Zero   RW         1304    .ARM.__AT_0x40028000  rb.o



  Load Region LR$$.ARM.__AT_0x4002B000 (Base: 0x4002b000, Size: 0x00000000, Max: 0x00000c00, ABSOLUTE)

    Execution Region ER$$.ARM.__AT_0x4002B000 (Exec base: 0x4002b000, Load base: 0x4002b000, Size: 0x00000c00, Max: 0x00000c00, ABSOLUTE, UNINIT)

    Exec Addr    Load Addr    Size         Type   Attr      Idx    E Section Name        Object

    0x4002b000        -       0x00000c00   Zero   RW         1305    .ARM.__AT_0x4002B000  rb.o



  Load Region LR$$.ARM.__AT_0x50060800 (Base: 0x50060800, Size: 0x00000000, Max: 0x0000000c, ABSOLUTE)

    Execution Region ER$$.ARM.__AT_0x50060800 (Exec base: 0x50060800, Load base: 0x50060800, Size: 0x0000000c, Max: 0x0000000c, ABSOLUTE, UNINIT)

    Exec Addr    Load Addr    Size         Type   Attr      Idx    E Section Name        Object

    0x50060800        -       0x0000000c   Zero   RW         1306    .ARM.__AT_0x50060800  rb.o



  Load Region LR$$.ARM.__AT_0xA0000000 (Base: 0xa0000000, Size: 0x00000000, Max: 0x0000015c, ABSOLUTE)

    Execution Region ER$$.ARM.__AT_0xA0000000 (Exec base: 0xa0000000, Load base: 0xa0000000, Size: 0x0000015c, Max: 0x0000015c, ABSOLUTE, UNINIT)

    Exec Addr    Load Addr    Size         Type   Attr      Idx    E Section Name        Object

    0xa0000000        -       0x0000015c   Zero   RW         1307    .ARM.__AT_0xA0000000  rb.o



  Load Region LR$$.ARM.__AT_0xE0000000 (Base: 0xe0000000, Size: 0x00000000, Max: 0x00001000, ABSOLUTE)

    Execution Region ER$$.ARM.__AT_0xE0000000 (Exec base: 0xe0000000, Load base: 0xe0000000, Size: 0x00001000, Max: 0x00001000, ABSOLUTE, UNINIT)

    Exec Addr    Load Addr    Size         Type   Attr      Idx    E Section Name        Object

    0xe0000000        -       0x00001000   Zero   RW         1308    .ARM.__AT_0xE0000000  rb.o



  Load Region LR$$.ARM.__AT_0xE000E010 (Base: 0xe000e010, Size: 0x00000000, Max: 0x00000010, ABSOLUTE)

    Execution Region ER$$.ARM.__AT_0xE000E010 (Exec base: 0xe000e010, Load base: 0xe000e010, Size: 0x00000010, Max: 0x00000010, ABSOLUTE, UNINIT)

    Exec Addr    Load Addr    Size         Type   Attr      Idx    E Section Name        Object

    0xe000e010        -       0x00000010   Zero   RW         1309    .ARM.__AT_0xE000E010  rb.o



  Load Region LR$$.ARM.__AT_0xE000E100 (Base: 0xe000e100, Size: 0x00000000, Max: 0x000003f0, ABSOLUTE)

    Execution Region ER$$.ARM.__AT_0xE000E100 (Exec base: 0xe000e100, Load base: 0xe000e100, Size: 0x000003f0, Max: 0x000003f0, ABSOLUTE, UNINIT)

    Exec Addr    Load Addr    Size         Type   Attr      Idx    E Section Name        Object

    0xe000e100        -       0x000003f0   Zero   RW         1310    .ARM.__AT_0xE000E100  rb.o



  Load Region LR$$.ARM.__AT_0xE000ED00 (Base: 0xe000ed00, Size: 0x00000000, Max: 0x0000008c, ABSOLUTE)

    Execution Region ER$$.ARM.__AT_0xE000ED00 (Exec base: 0xe000ed00, Load base: 0xe000ed00, Size: 0x0000008c, Max: 0x0000008c, ABSOLUTE, UNINIT)

    Exec Addr    Load Addr    Size         Type   Attr      Idx    E Section Name        Object

    0xe000ed00        -       0x0000008c   Zero   RW         1311    .ARM.__AT_0xE000ED00  rb.o



  Load Region LR$$.ARM.__AT_0xE000ED90 (Base: 0xe000ed90, Size: 0x00000000, Max: 0x0000002c, ABSOLUTE)

    Execution Region ER$$.ARM.__AT_0xE000ED90 (Exec base: 0xe000ed90, Load base: 0xe000ed90, Size: 0x0000002c, Max: 0x0000002c, ABSOLUTE, UNINIT)

    Exec Addr    Load Addr    Size         Type   Attr      Idx    E Section Name        Object

    0xe000ed90        -       0x0000002c   Zero   RW         1312    .ARM.__AT_0xE000ED90  rb.o



  Load Region LR$$.ARM.__AT_0xE000EDF0 (Base: 0xe000edf0, Size: 0x00000000, Max: 0x00000010, ABSOLUTE)

    Execution Region ER$$.ARM.__AT_0xE000EDF0 (Exec base: 0xe000edf0, Load base: 0xe000edf0, Size: 0x00000010, Max: 0x00000010, ABSOLUTE, UNINIT)

    Exec Addr    Load Addr    Size         Type   Attr      Idx    E Section Name        Object

    0xe000edf0        -       0x00000010   Zero   RW         1313    .ARM.__AT_0xE000EDF0  rb.o



  Load Region LR$$.ARM.__AT_0xE000EF00 (Base: 0xe000ef00, Size: 0x00000000, Max: 0x00000004, ABSOLUTE)

    Execution Region ER$$.ARM.__AT_0xE000EF00 (Exec base: 0xe000ef00, Load base: 0xe000ef00, Size: 0x00000004, Max: 0x00000004, ABSOLUTE, UNINIT)

    Exec Addr    Load Addr    Size         Type   Attr      Idx    E Section Name        Object

    0xe000ef00        -       0x00000004   Zero   RW         1314    .ARM.__AT_0xE000EF00  rb.o



  Load Region LR$$.ARM.__AT_0xE000EF50 (Base: 0xe000ef50, Size: 0x00000000, Max: 0x00000004, ABSOLUTE)

    Execution Region ER$$.ARM.__AT_0xE000EF50 (Exec base: 0xe000ef50, Load base: 0xe000ef50, Size: 0x00000004, Max: 0x00000004, ABSOLUTE, UNINIT)

    Exec Addr    Load Addr    Size         Type   Attr      Idx    E Section Name        Object

    0xe000ef50        -       0x00000004   Zero   RW         1315    .ARM.__AT_0xE000EF50  rb.o



  Load Region LR$$.ARM.__AT_0xE000EF58 (Base: 0xe000ef58, Size: 0x00000000, Max: 0x00000004, ABSOLUTE)

    Execution Region ER$$.ARM.__AT_0xE000EF58 (Exec base: 0xe000ef58, Load base: 0xe000ef58, Size: 0x00000004, Max: 0x00000004, ABSOLUTE, UNINIT)

    Exec Addr    Load Addr    Size         Type   Attr      Idx    E Section Name        Object

    0xe000ef58        -       0x00000004   Zero   RW         1316    .ARM.__AT_0xE000EF58  rb.o



  Load Region LR$$.ARM.__AT_0xE000EF5C (Base: 0xe000ef5c, Size: 0x00000000, Max: 0x00000004, ABSOLUTE)

    Execution Region ER$$.ARM.__AT_0xE000EF5C (Exec base: 0xe000ef5c, Load base: 0xe000ef5c, Size: 0x00000004, Max: 0x00000004, ABSOLUTE, UNINIT)

    Exec Addr    Load Addr    Size         Type   Attr      Idx    E Section Name        Object

    0xe000ef5c        -       0x00000004   Zero   RW         1317    .ARM.__AT_0xE000EF5C  rb.o



  Load Region LR$$.ARM.__AT_0xE000EF60 (Base: 0xe000ef60, Size: 0x00000000, Max: 0x00000004, ABSOLUTE)

    Execution Region ER$$.ARM.__AT_0xE000EF60 (Exec base: 0xe000ef60, Load base: 0xe000ef60, Size: 0x00000004, Max: 0x00000004, ABSOLUTE, UNINIT)

    Exec Addr    Load Addr    Size         Type   Attr      Idx    E Section Name        Object

    0xe000ef60        -       0x00000004   Zero   RW         1318    .ARM.__AT_0xE000EF60  rb.o



  Load Region LR$$.ARM.__AT_0xE000EF64 (Base: 0xe000ef64, Size: 0x00000000, Max: 0x00000004, ABSOLUTE)

    Execution Region ER$$.ARM.__AT_0xE000EF64 (Exec base: 0xe000ef64, Load base: 0xe000ef64, Size: 0x00000004, Max: 0x00000004, ABSOLUTE, UNINIT)

    Exec Addr    Load Addr    Size         Type   Attr      Idx    E Section Name        Object

    0xe000ef64        -       0x00000004   Zero   RW         1319    .ARM.__AT_0xE000EF64  rb.o



  Load Region LR$$.ARM.__AT_0xE000EF68 (Base: 0xe000ef68, Size: 0x00000000, Max: 0x00000004, ABSOLUTE)

    Execution Region ER$$.ARM.__AT_0xE000EF68 (Exec base: 0xe000ef68, Load base: 0xe000ef68, Size: 0x00000004, Max: 0x00000004, ABSOLUTE, UNINIT)

    Exec Addr    Load Addr    Size         Type   Attr      Idx    E Section Name        Object

    0xe000ef68        -       0x00000004   Zero   RW         1320    .ARM.__AT_0xE000EF68  rb.o



  Load Region LR$$.ARM.__AT_0xE000EF6C (Base: 0xe000ef6c, Size: 0x00000000, Max: 0x00000004, ABSOLUTE)

    Execution Region ER$$.ARM.__AT_0xE000EF6C (Exec base: 0xe000ef6c, Load base: 0xe000ef6c, Size: 0x00000004, Max: 0x00000004, ABSOLUTE, UNINIT)

    Exec Addr    Load Addr    Size         Type   Attr      Idx    E Section Name        Object

    0xe000ef6c        -       0x00000004   Zero   RW         1321    .ARM.__AT_0xE000EF6C  rb.o



  Load Region LR$$.ARM.__AT_0xE000EF70 (Base: 0xe000ef70, Size: 0x00000000, Max: 0x00000004, ABSOLUTE)

    Execution Region ER$$.ARM.__AT_0xE000EF70 (Exec base: 0xe000ef70, Load base: 0xe000ef70, Size: 0x00000004, Max: 0x00000004, ABSOLUTE, UNINIT)

    Exec Addr    Load Addr    Size         Type   Attr      Idx    E Section Name        Object

    0xe000ef70        -       0x00000004   Zero   RW         1322    .ARM.__AT_0xE000EF70  rb.o



  Load Region LR$$.ARM.__AT_0xE000EF74 (Base: 0xe000ef74, Size: 0x00000000, Max: 0x00000004, ABSOLUTE)

    Execution Region ER$$.ARM.__AT_0xE000EF74 (Exec base: 0xe000ef74, Load base: 0xe000ef74, Size: 0x00000004, Max: 0x00000004, ABSOLUTE, UNINIT)

    Exec Addr    Load Addr    Size         Type   Attr      Idx    E Section Name        Object

    0xe000ef74        -       0x00000004   Zero   RW         1323    .ARM.__AT_0xE000EF74  rb.o



  Load Region LR$$.ARM.__AT_0xE000EF90 (Base: 0xe000ef90, Size: 0x00000000, Max: 0x00000004, ABSOLUTE)

    Execution Region ER$$.ARM.__AT_0xE000EF90 (Exec base: 0xe000ef90, Load base: 0xe000ef90, Size: 0x00000004, Max: 0x00000004, ABSOLUTE, UNINIT)

    Exec Addr    Load Addr    Size         Type   Attr      Idx    E Section Name        Object

    0xe000ef90        -       0x00000004   Zero   RW         1324    .ARM.__AT_0xE000EF90  rb.o



  Load Region LR$$.ARM.__AT_0xE000EF94 (Base: 0xe000ef94, Size: 0x00000000, Max: 0x00000004, ABSOLUTE)

    Execution Region ER$$.ARM.__AT_0xE000EF94 (Exec base: 0xe000ef94, Load base: 0xe000ef94, Size: 0x00000004, Max: 0x00000004, ABSOLUTE, UNINIT)

    Exec Addr    Load Addr    Size         Type   Attr      Idx    E Section Name        Object

    0xe000ef94        -       0x00000004   Zero   RW         1325    .ARM.__AT_0xE000EF94  rb.o



  Load Region LR$$.ARM.__AT_0xE000EF98 (Base: 0xe000ef98, Size: 0x00000000, Max: 0x00000004, ABSOLUTE)

    Execution Region ER$$.ARM.__AT_0xE000EF98 (Exec base: 0xe000ef98, Load base: 0xe000ef98, Size: 0x00000004, Max: 0x00000004, ABSOLUTE, UNINIT)

    Exec Addr    Load Addr    Size         Type   Attr      Idx    E Section Name        Object

    0xe000ef98        -       0x00000004   Zero   RW         1326    .ARM.__AT_0xE000EF98  rb.o



  Load Region LR$$.ARM.__AT_0xE000EF9C (Base: 0xe000ef9c, Size: 0x00000000, Max: 0x00000004, ABSOLUTE)

    Execution Region ER$$.ARM.__AT_0xE000EF9C (Exec base: 0xe000ef9c, Load base: 0xe000ef9c, Size: 0x00000004, Max: 0x00000004, ABSOLUTE, UNINIT)

    Exec Addr    Load Addr    Size         Type   Attr      Idx    E Section Name        Object

    0xe000ef9c        -       0x00000004   Zero   RW         1327    .ARM.__AT_0xE000EF9C  rb.o



  Load Region LR$$.ARM.__AT_0xE000EFA0 (Base: 0xe000efa0, Size: 0x00000000, Max: 0x00000004, ABSOLUTE)

    Execution Region ER$$.ARM.__AT_0xE000EFA0 (Exec base: 0xe000efa0, Load base: 0xe000efa0, Size: 0x00000004, Max: 0x00000004, ABSOLUTE, UNINIT)

    Exec Addr    Load Addr    Size         Type   Attr      Idx    E Section Name        Object

    0xe000efa0        -       0x00000004   Zero   RW         1328    .ARM.__AT_0xE000EFA0  rb.o



  Load Region LR$$.ARM.__AT_0xE000EFA8 (Base: 0xe000efa8, Size: 0x00000000, Max: 0x00000004, ABSOLUTE)

    Execution Region ER$$.ARM.__AT_0xE000EFA8 (Exec base: 0xe000efa8, Load base: 0xe000efa8, Size: 0x00000004, Max: 0x00000004, ABSOLUTE, UNINIT)

    Exec Addr    Load Addr    Size         Type   Attr      Idx    E Section Name        Object

    0xe000efa8        -       0x00000004   Zero   RW         1329    .ARM.__AT_0xE000EFA8  rb.o



  Load Region LR$$.ARM.__AT_0xE0042004 (Base: 0xe0042004, Size: 0x00000000, Max: 0x00000004, ABSOLUTE)

    Execution Region ER$$.ARM.__AT_0xE0042004 (Exec base: 0xe0042004, Load base: 0xe0042004, Size: 0x00000004, Max: 0x00000004, ABSOLUTE, UNINIT)

    Exec Addr    Load Addr    Size         Type   Attr      Idx    E Section Name        Object

    0xe0042004        -       0x00000004   Zero   RW         2394    .ARM.__AT_0xE0042004  debug.o


==============================================================================

Image component sizes


      Code (inc. data)   RO Data    RW Data    ZI Data      Debug   Object Name

        48          0          0          0          0        508   armexclusive.o
       426         14          0          4          0       8212   cortex.o
      1534        140         78         16         32      42801   debug.o
       276          8          0          0          0       3696   dma2d.o
       798         54        220          8        392      20831   drvdio.o
      1200        198        722         24        816      39551   drvdiog.o
       920        114         22          0          0       7528   drvltdc.o
       252         18          3          0          0       3972   drvspi.o
        90          8          0          0          0       3810   faults.o
      2936        214        651          0          0      44292   formatter.o
       938         52         63          0          0      18364   ili9341.o
        36         10          4          0          0        599   initialize.o
      1224        102        153          0          0      34877   initsdram.o
        12          0          0          0          0        495   mystuff.o
       496        166        252          0          0       3935   premain.o
        84         40         29          0          0        739   psv.o
         0          0          0          0      16460      77238   rb.o
        96          0          0          0          0       4887   retarget.o
       430         62         53          8          0       8143   stk.o
       506        174         11          1          0      23466   stm32f429_disco_start.o
       850        100          4      16384          0       6368   stm32f429_init.o
       156         32        428          0      66560        792   stm32f429_startup.o
       304         12         21          0          0       4365   svc.o

    ----------------------------------------------------------------------
     13656       1518       2788      16448      84260     359469   Object Totals
         0          0         64          0          0          0   (incl. Generated)
        44          0         10          3          0          0   (incl. Padding)

    ----------------------------------------------------------------------

      Code (inc. data)   RO Data    RW Data    ZI Data      Debug   Library Member Name

        58          0          0          0          0          0   __dczerorl.o
         8          0          0          0          0         68   __main.o
         0          0          0          0          0          0   __rtentry.o
        12          0          0          0          0          0   __rtentry2.o
         6          0          0          0          0          0   __rtentry4.o
        52          8          0          0          0          0   __scatter.o
        26          0          0          0          0          0   __scatter_copy.o
        28          0          0          0          0          0   __scatter_zi.o
         4          0          0          0          0         68   aeabi_ldiv0_sigfpe.o
         8          0          0          0          0         68   defsig_fpe_formal.o
         8          0          0          0          0         68   defsig_rtmem_formal.o
       354          0          0          0          0        392   fdtree.o
       400          0          0          0          0        336   heap2mt.o
         6          0          0          0          0        152   heapauxi.o
         4          0          0          0          0        136   hguard.o
        36         10          0          0          0         80   init_aeabi.o
       138          0          0          0          0        168   init_alloc.o
         2          0          0          0          0          0   libinit.o
        18          0          0          0          0          0   libinit2.o
       238          0          0          0          0        100   lludivv7m.o
         0          0          0          0          0          0   maybetermalloc1.o
        10          0          0          0          0         76   rt_div0.o
         8          4          0          0          4         68   rt_eh_globals_addr.o
         8          4          0          0          4         68   rt_heap_descriptor.o
       100          0          0          0          0         80   rt_memcpy_w.o
         8          4          0          0          4         68   rt_new_handler_addr.o
         2          0          0          0          0         68   use_no_semi.o
         2          0          0          0          0         68   use_no_semi_2.o
        80         12          0          0          0        104   arm_exceptions_globs.o
        60          0          0          0          0        108   arm_exceptions_mem.o
        16          0          0          0          0         76   arm_exceptions_setterminate.o
         8          0          0          0          0         76   delete.o
        16          0          0          0          0         76   new_nothrow.o

    ----------------------------------------------------------------------
      1732         42          0          0         12       2572   Library Totals
         8          0          0          0          0          0   (incl. Padding)

    ----------------------------------------------------------------------

      Code (inc. data)   RO Data    RW Data    ZI Data      Debug   Library Name

      1544         30          0          0         12       2132   c_w.l
       180         12          0          0          0        440   cpprt_w.l

    ----------------------------------------------------------------------
      1732         42          0          0         12       2572   Library Totals

    ----------------------------------------------------------------------

==============================================================================


      Code (inc. data)   RO Data    RW Data    ZI Data      Debug   

     15388       1560       2788      16448      84272     349365   Grand Totals
     15388       1560       2788        196      84272     349365   ELF Image Totals (compressed)
     15388       1560       2788        196          0          0   ROM Totals

==============================================================================

    Total RO  Size (Code + RO Data)                18176 (  17.75kB)
    Total RW  Size (RW Data + ZI Data)            100720 (  98.36kB)
    Total ROM Size (Code + RO Data + RW Data)      18372 (  17.94kB)

==============================================================================

