<!doctype html public "-//w3c//dtd html 4.0 transitional//en">
<html><head>
<title>Static Call Graph - [.\Out\DebugV5\STM32F429_DISCO_Start_Debug_V5.axf]</title></head>
<body><HR>
<H1>Static Call Graph for image .\Out\DebugV5\STM32F429_DISCO_Start_Debug_V5.axf</H1><HR>
<BR><P>#&#060CALLGRAPH&#062# ARM Linker, 5060750: Last Updated: Wed Feb 26 13:14:40 2020
<BR><P>
<H3>Maximum Stack Usage =        984 bytes + Unknown(Functions without stacksize, Cycles, Untraceable Function Pointers)</H3><H3>
Call chain for Maximum Stack Depth:</H3>
__rt_entry_main &rArr; main &rArr; Ili9341::Ili9341() &rArr; ILtdc::setPins() const &rArr; void EnableAF&lang;(unsigned)3&rang;(volatile __regbank_GPIO&, unsigned, unsigned, bool, const unsigned char(&)[T1]) &rArr; EnableAF(volatile __regbank_GPIO&, unsigned, unsigned, bool, const unsigned char*, unsigned) &rArr; EnableAF(volatile __regbank_GPIO&, unsigned, unsigned, bool, unsigned) &rArr; AssertionFailed(const char*, const char*, unsigned, const char*) &rArr; void ItmPrint&lang;&lang;char[5], const char*, char, Formatter::Digits, unsigned, char[3], const char*, char, Formatter::AsTxt&rang;&rang;(const T1&...) &rArr; void Formatter::Print&lang;char[5], &lang;const char*, char, Formatter::Digits, unsigned, char[3], const char*, char, Formatter::AsTxt&rang;&rang;(const T1&, const T2&...) &rArr; void Formatter::Print&lang;const char*, &lang;char, Formatter::Digits, unsigned, char[3], const char*, char, Formatter::AsTxt&rang;&rang;(const T1&, const T2&...) &rArr; void Formatter::Print&lang;char, &lang;Formatter::Digits, unsigned, char[3], const char*, char, Formatter::AsTxt&rang;&rang;(const T1&, const T2&...) &rArr; void Formatter::Print&lang;Formatter::Digits, &lang;unsigned, char[3], const char*, char, Formatter::AsTxt&rang;&rang;(const T1&, const T2&...) &rArr; void Formatter::Print&lang;unsigned, &lang;char[3], const char*, char, Formatter::AsTxt&rang;&rang;(const T1&, const T2&...) &rArr; void Formatter::Print&lang;char[3], &lang;const char*, char, Formatter::AsTxt&rang;&rang;(const T1&, const T2&...) &rArr; void Formatter::Print&lang;const char*, &lang;char, Formatter::AsTxt&rang;&rang;(const T1&, const T2&...) &rArr; void Formatter::Print&lang;char, &lang;Formatter::AsTxt&rang;&rang;(const T1&, const T2&...) &rArr; void Formatter::Print&lang;Formatter::AsTxt&rang;(const T1&) &rArr; void PrintObj&lang;Formatter::AsTxt&rang;(Formatter&, const T1&) &rArr; Formatter::AsTxt::ToString(Formatter&) const &rArr; Formatter::PrintTxtQuoted(const char*) &rArr; Formatter::WriteByte(unsigned char) &rArr; Formatter::PrintUINT32Hex(unsigned, int, int, bool) &rArr; [local to Formatter_cpp]::WriteValHex(Num2Ascii::ISink&, unsigned, int, int, const char*) &rArr; unsigned [local to Formatter_cpp]::WriteVal&lang;unsigned, (unsigned)16&rang;(Num2Ascii::ISink&, T1, int, int, const char*) &rArr; unsigned Num2Ascii::Format&lang;unsigned, (unsigned)16&rang;(T1, int, int) &rArr;  AssertionFailed(const char*, const char*, unsigned, const char*) (Cycle)
<P>
<H3>
Functions with no stack information
</H3><UL>
 <LI><a href="#[ba]">__user_setup_stackheap</a>
</UL>
</UL>
<P>
<H3>
Mutually Recursive functions
</H3> <LI><a href="#[17]">IRQ_DebMon</a>&nbsp;&nbsp;&nbsp;&rArr;&nbsp;&nbsp;&nbsp;<a href="#[17]">IRQ_DebMon</a><BR>
 <LI><a href="#[148]">Cortex::Reset_privileged()</a>&nbsp;&nbsp;&nbsp;&rArr;&nbsp;&nbsp;&nbsp;<a href="#[148]">Cortex::Reset_privileged()</a><BR>
 <LI><a href="#[123]">Formatter::PrintTxtQuoted(const char*)::[lambda(const volatile void*) (instance 1)]::operator ()(const volatile void*) const</a>&nbsp;&nbsp;&nbsp;&rArr;&nbsp;&nbsp;&nbsp;<a href="#[c5]">AssertionFailed(const char*, const char*, unsigned, const char*)</a><BR>
 <LI><a href="#[122]">Formatter::PrintTxt(const char*, int)::[lambda(const volatile void*) (instance 1)]::operator ()(const volatile void*) const</a>&nbsp;&nbsp;&nbsp;&rArr;&nbsp;&nbsp;&nbsp;<a href="#[c5]">AssertionFailed(const char*, const char*, unsigned, const char*)</a><BR>
 <LI><a href="#[109]">Formatter::WriteByteRepeated(unsigned char, int)</a>&nbsp;&nbsp;&nbsp;&rArr;&nbsp;&nbsp;&nbsp;<a href="#[107]">Formatter::WriteByte(unsigned char)</a><BR>
 <LI><a href="#[106]">Formatter::PrintTxt(const char*, int)</a>&nbsp;&nbsp;&nbsp;&rArr;&nbsp;&nbsp;&nbsp;<a href="#[107]">Formatter::WriteByte(unsigned char)</a><BR>
 <LI><a href="#[11d]">unsigned Num2Ascii::Format&lang;unsigned, (unsigned)16&rang;(T1, int, int)</a>&nbsp;&nbsp;&nbsp;&rArr;&nbsp;&nbsp;&nbsp;<a href="#[c5]">AssertionFailed(const char*, const char*, unsigned, const char*)</a><BR>
 <LI><a href="#[120]">Num2Ascii::WritePrefix()::[lambda(const volatile void*) (instance 1)]::operator ()(const volatile void*) const</a>&nbsp;&nbsp;&nbsp;&rArr;&nbsp;&nbsp;&nbsp;<a href="#[c5]">AssertionFailed(const char*, const char*, unsigned, const char*)</a><BR>
 <LI><a href="#[11f]">unsigned Num2Ascii::Format&lang;unsigned, (unsigned)10&rang;(T1, int, int)</a>&nbsp;&nbsp;&nbsp;&rArr;&nbsp;&nbsp;&nbsp;<a href="#[c5]">AssertionFailed(const char*, const char*, unsigned, const char*)</a><BR>
 <LI><a href="#[aa]">__cxa_guard_acquire</a>&nbsp;&nbsp;&nbsp;&rArr;&nbsp;&nbsp;&nbsp;<a href="#[c5]">AssertionFailed(const char*, const char*, unsigned, const char*)</a><BR>
 <LI><a href="#[12e]">Cortex::SetPRIMASK_privileged()</a>&nbsp;&nbsp;&nbsp;&rArr;&nbsp;&nbsp;&nbsp;<a href="#[12e]">Cortex::SetPRIMASK_privileged()</a><BR>
 <LI><a href="#[155]">PsvTrigger_privileged()</a>&nbsp;&nbsp;&nbsp;&rArr;&nbsp;&nbsp;&nbsp;<a href="#[155]">PsvTrigger_privileged()</a><BR>
 <LI><a href="#[14c]">Cortex::GetPRIMASK_privileged()</a>&nbsp;&nbsp;&nbsp;&rArr;&nbsp;&nbsp;&nbsp;<a href="#[14c]">Cortex::GetPRIMASK_privileged()</a><BR>
</UL>
<P>
<H3>
Function Pointers
</H3><UL>
 <LI><a href="#[2c]">IRQ_ADC</a> from stm32f429_startup.o(.text) referenced from stm32f429_startup.o(RESET)
 <LI><a href="#[14]">IRQ_BusFlt</a> from stm32f429_startup.o(.text) referenced from stm32f429_startup.o(RESET)
 <LI><a href="#[2e]">IRQ_CAN1_RX0</a> from stm32f429_startup.o(.text) referenced from stm32f429_startup.o(RESET)
 <LI><a href="#[2f]">IRQ_CAN1_RX1</a> from stm32f429_startup.o(.text) referenced from stm32f429_startup.o(RESET)
 <LI><a href="#[30]">IRQ_CAN1_SCE</a> from stm32f429_startup.o(.text) referenced from stm32f429_startup.o(RESET)
 <LI><a href="#[2d]">IRQ_CAN1_TX</a> from stm32f429_startup.o(.text) referenced from stm32f429_startup.o(RESET)
 <LI><a href="#[5a]">IRQ_CAN2_RX0</a> from stm32f429_startup.o(.text) referenced from stm32f429_startup.o(RESET)
 <LI><a href="#[5b]">IRQ_CAN2_RX1</a> from stm32f429_startup.o(.text) referenced from stm32f429_startup.o(RESET)
 <LI><a href="#[5c]">IRQ_CAN2_SCE</a> from stm32f429_startup.o(.text) referenced from stm32f429_startup.o(RESET)
 <LI><a href="#[59]">IRQ_CAN2_TX</a> from stm32f429_startup.o(.text) referenced from stm32f429_startup.o(RESET)
 <LI><a href="#[69]">IRQ_CRYP</a> from stm32f429_startup.o(.text) referenced from stm32f429_startup.o(RESET)
 <LI><a href="#[68]">IRQ_DCMI</a> from stm32f429_startup.o(.text) referenced from stm32f429_startup.o(RESET)
 <LI><a href="#[25]">IRQ_DMA1_STREAM0</a> from stm32f429_startup.o(.text) referenced from stm32f429_startup.o(RESET)
 <LI><a href="#[26]">IRQ_DMA1_STREAM1</a> from stm32f429_startup.o(.text) referenced from stm32f429_startup.o(RESET)
 <LI><a href="#[27]">IRQ_DMA1_STREAM2</a> from stm32f429_startup.o(.text) referenced from stm32f429_startup.o(RESET)
 <LI><a href="#[28]">IRQ_DMA1_STREAM3</a> from stm32f429_startup.o(.text) referenced from stm32f429_startup.o(RESET)
 <LI><a href="#[29]">IRQ_DMA1_STREAM4</a> from stm32f429_startup.o(.text) referenced from stm32f429_startup.o(RESET)
 <LI><a href="#[2a]">IRQ_DMA1_STREAM5</a> from stm32f429_startup.o(.text) referenced from stm32f429_startup.o(RESET)
 <LI><a href="#[2b]">IRQ_DMA1_STREAM6</a> from stm32f429_startup.o(.text) referenced from stm32f429_startup.o(RESET)
 <LI><a href="#[49]">IRQ_DMA1_STREAM7</a> from stm32f429_startup.o(.text) referenced from stm32f429_startup.o(RESET)
 <LI><a href="#[74]">IRQ_DMA2D</a> from stm32f429_startup.o(.text) referenced from stm32f429_startup.o(RESET)
 <LI><a href="#[52]">IRQ_DMA2_STREAM0</a> from stm32f429_startup.o(.text) referenced from stm32f429_startup.o(RESET)
 <LI><a href="#[53]">IRQ_DMA2_STREAM1</a> from stm32f429_startup.o(.text) referenced from stm32f429_startup.o(RESET)
 <LI><a href="#[54]">IRQ_DMA2_STREAM2</a> from stm32f429_startup.o(.text) referenced from stm32f429_startup.o(RESET)
 <LI><a href="#[55]">IRQ_DMA2_STREAM3</a> from stm32f429_startup.o(.text) referenced from stm32f429_startup.o(RESET)
 <LI><a href="#[56]">IRQ_DMA2_STREAM4</a> from stm32f429_startup.o(.text) referenced from stm32f429_startup.o(RESET)
 <LI><a href="#[5e]">IRQ_DMA2_STREAM5</a> from stm32f429_startup.o(.text) referenced from stm32f429_startup.o(RESET)
 <LI><a href="#[5f]">IRQ_DMA2_STREAM6</a> from stm32f429_startup.o(.text) referenced from stm32f429_startup.o(RESET)
 <LI><a href="#[60]">IRQ_DMA2_STREAM7</a> from stm32f429_startup.o(.text) referenced from stm32f429_startup.o(RESET)
 <LI><a href="#[17]">IRQ_DebMon</a> from stm32f429_startup.o(.text) referenced from stm32f429_startup.o(RESET)
 <LI><a href="#[57]">IRQ_ETH</a> from stm32f429_startup.o(.text) referenced from stm32f429_startup.o(RESET)
 <LI><a href="#[58]">IRQ_ETH_WKUP</a> from stm32f429_startup.o(.text) referenced from stm32f429_startup.o(RESET)
 <LI><a href="#[20]">IRQ_EXTI00</a> from stm32f429_startup.o(.text) referenced from stm32f429_startup.o(RESET)
 <LI><a href="#[21]">IRQ_EXTI01</a> from stm32f429_startup.o(.text) referenced from stm32f429_startup.o(RESET)
 <LI><a href="#[22]">IRQ_EXTI02</a> from stm32f429_startup.o(.text) referenced from stm32f429_startup.o(RESET)
 <LI><a href="#[23]">IRQ_EXTI03</a> from stm32f429_startup.o(.text) referenced from stm32f429_startup.o(RESET)
 <LI><a href="#[24]">IRQ_EXTI04</a> from stm32f429_startup.o(.text) referenced from stm32f429_startup.o(RESET)
 <LI><a href="#[31]">IRQ_EXTI05TO09</a> from stm32f429_startup.o(.text) referenced from stm32f429_startup.o(RESET)
 <LI><a href="#[42]">IRQ_EXTI10TO15</a> from stm32f429_startup.o(.text) referenced from stm32f429_startup.o(RESET)
 <LI><a href="#[1e]">IRQ_FLASH</a> from stm32f429_startup.o(.text) referenced from stm32f429_startup.o(RESET)
 <LI><a href="#[4a]">IRQ_FMC</a> from stm32f429_startup.o(.text) referenced from stm32f429_startup.o(RESET)
 <LI><a href="#[6b]">IRQ_FPU</a> from stm32f429_startup.o(.text) referenced from stm32f429_startup.o(RESET)
 <LI><a href="#[6a]">IRQ_HASH_RNG</a> from stm32f429_startup.o(.text) referenced from stm32f429_startup.o(RESET)
 <LI><a href="#[12]">IRQ_HrdFlt</a> from stm32f429_startup.o(.text) referenced from stm32f429_startup.o(RESET)
 <LI><a href="#[3a]">IRQ_I2C1_ER</a> from stm32f429_startup.o(.text) referenced from stm32f429_startup.o(RESET)
 <LI><a href="#[39]">IRQ_I2C1_EV</a> from stm32f429_startup.o(.text) referenced from stm32f429_startup.o(RESET)
 <LI><a href="#[3c]">IRQ_I2C2_ER</a> from stm32f429_startup.o(.text) referenced from stm32f429_startup.o(RESET)
 <LI><a href="#[3b]">IRQ_I2C2_EV</a> from stm32f429_startup.o(.text) referenced from stm32f429_startup.o(RESET)
 <LI><a href="#[63]">IRQ_I2C3_ER</a> from stm32f429_startup.o(.text) referenced from stm32f429_startup.o(RESET)
 <LI><a href="#[62]">IRQ_I2C3_EV</a> from stm32f429_startup.o(.text) referenced from stm32f429_startup.o(RESET)
 <LI><a href="#[72]">IRQ_LTDC</a> from stm32f429_startup.o(.text) referenced from stm32f429_startup.o(RESET)
 <LI><a href="#[73]">IRQ_LTDC_ERR</a> from stm32f429_startup.o(.text) referenced from stm32f429_startup.o(RESET)
 <LI><a href="#[13]">IRQ_MemFlt</a> from stm32f429_startup.o(.text) referenced from stm32f429_startup.o(RESET)
 <LI><a href="#[11]">IRQ_NMI</a> from faults.o(.text) referenced from stm32f429_startup.o(RESET)
 <LI><a href="#[5d]">IRQ_OTG_FS</a> from stm32f429_startup.o(.text) referenced from stm32f429_startup.o(RESET)
 <LI><a href="#[44]">IRQ_OTG_FS_WKUP</a> from stm32f429_startup.o(.text) referenced from stm32f429_startup.o(RESET)
 <LI><a href="#[67]">IRQ_OTG_HS</a> from stm32f429_startup.o(.text) referenced from stm32f429_startup.o(RESET)
 <LI><a href="#[65]">IRQ_OTG_HS_EP1_IN</a> from stm32f429_startup.o(.text) referenced from stm32f429_startup.o(RESET)
 <LI><a href="#[64]">IRQ_OTG_HS_EP1_OUT</a> from stm32f429_startup.o(.text) referenced from stm32f429_startup.o(RESET)
 <LI><a href="#[66]">IRQ_OTG_WKUP</a> from stm32f429_startup.o(.text) referenced from stm32f429_startup.o(RESET)
 <LI><a href="#[18]">IRQ_PSV</a> from psv.o(.text) referenced from stm32f429_startup.o(RESET)
 <LI><a href="#[1b]">IRQ_PVD</a> from stm32f429_startup.o(.text) referenced from stm32f429_startup.o(RESET)
 <LI><a href="#[1f]">IRQ_RCC</a> from stm32f429_startup.o(.text) referenced from stm32f429_startup.o(RESET)
 <LI><a href="#[43]">IRQ_RTC_ALARM</a> from stm32f429_startup.o(.text) referenced from stm32f429_startup.o(RESET)
 <LI><a href="#[1d]">IRQ_RTC_WKUP</a> from stm32f429_startup.o(.text) referenced from stm32f429_startup.o(RESET)
 <LI><a href="#[10]">IRQ_Reset</a> from stm32f429_startup.o(.text) referenced from stm32f429_startup.o(RESET)
 <LI><a href="#[71]">IRQ_SAI1</a> from stm32f429_startup.o(.text) referenced from stm32f429_startup.o(RESET)
 <LI><a href="#[4b]">IRQ_SDIO</a> from stm32f429_startup.o(.text) referenced from stm32f429_startup.o(RESET)
 <LI><a href="#[3d]">IRQ_SPI1</a> from stm32f429_startup.o(.text) referenced from stm32f429_startup.o(RESET)
 <LI><a href="#[3e]">IRQ_SPI2</a> from stm32f429_startup.o(.text) referenced from stm32f429_startup.o(RESET)
 <LI><a href="#[4d]">IRQ_SPI3</a> from stm32f429_startup.o(.text) referenced from stm32f429_startup.o(RESET)
 <LI><a href="#[6e]">IRQ_SPI4</a> from stm32f429_startup.o(.text) referenced from stm32f429_startup.o(RESET)
 <LI><a href="#[6f]">IRQ_SPI5</a> from stm32f429_startup.o(.text) referenced from stm32f429_startup.o(RESET)
 <LI><a href="#[70]">IRQ_SPI6</a> from stm32f429_startup.o(.text) referenced from stm32f429_startup.o(RESET)
 <LI><a href="#[19]">IRQ_STK</a> from stk.o(.text) referenced from stm32f429_startup.o(RESET)
 <LI><a href="#[16]">IRQ_SVC</a> from stm32f429_startup.o(.text) referenced from stm32f429_startup.o(RESET)
 <LI><a href="#[1c]">IRQ_TAMP</a> from stm32f429_startup.o(.text) referenced from stm32f429_startup.o(RESET)
 <LI><a href="#[32]">IRQ_TIM01_BK_TIM09</a> from stm32f429_startup.o(.text) referenced from stm32f429_startup.o(RESET)
 <LI><a href="#[35]">IRQ_TIM01_CC</a> from stm32f429_startup.o(.text) referenced from stm32f429_startup.o(RESET)
 <LI><a href="#[34]">IRQ_TIM01_TR_TIM11</a> from stm32f429_startup.o(.text) referenced from stm32f429_startup.o(RESET)
 <LI><a href="#[33]">IRQ_TIM01_UE_TIM10</a> from stm32f429_startup.o(.text) referenced from stm32f429_startup.o(RESET)
 <LI><a href="#[36]">IRQ_TIM02</a> from stm32f429_startup.o(.text) referenced from stm32f429_startup.o(RESET)
 <LI><a href="#[37]">IRQ_TIM03</a> from stm32f429_startup.o(.text) referenced from stm32f429_startup.o(RESET)
 <LI><a href="#[38]">IRQ_TIM04</a> from stm32f429_startup.o(.text) referenced from stm32f429_startup.o(RESET)
 <LI><a href="#[4c]">IRQ_TIM05</a> from stm32f429_startup.o(.text) referenced from stm32f429_startup.o(RESET)
 <LI><a href="#[50]">IRQ_TIM06_DAC</a> from stm32f429_startup.o(.text) referenced from stm32f429_startup.o(RESET)
 <LI><a href="#[51]">IRQ_TIM07</a> from stm32f429_startup.o(.text) referenced from stm32f429_startup.o(RESET)
 <LI><a href="#[45]">IRQ_TIM08_BK_TIM12</a> from stm32f429_startup.o(.text) referenced from stm32f429_startup.o(RESET)
 <LI><a href="#[48]">IRQ_TIM08_CC</a> from stm32f429_startup.o(.text) referenced from stm32f429_startup.o(RESET)
 <LI><a href="#[47]">IRQ_TIM08_TR_TIM14</a> from stm32f429_startup.o(.text) referenced from stm32f429_startup.o(RESET)
 <LI><a href="#[46]">IRQ_TIM08_UE_TIM13</a> from stm32f429_startup.o(.text) referenced from stm32f429_startup.o(RESET)
 <LI><a href="#[4e]">IRQ_UART4</a> from stm32f429_startup.o(.text) referenced from stm32f429_startup.o(RESET)
 <LI><a href="#[4f]">IRQ_UART5</a> from stm32f429_startup.o(.text) referenced from stm32f429_startup.o(RESET)
 <LI><a href="#[6c]">IRQ_UART7</a> from stm32f429_startup.o(.text) referenced from stm32f429_startup.o(RESET)
 <LI><a href="#[6d]">IRQ_UART8</a> from stm32f429_startup.o(.text) referenced from stm32f429_startup.o(RESET)
 <LI><a href="#[3f]">IRQ_USART1</a> from stm32f429_startup.o(.text) referenced from stm32f429_startup.o(RESET)
 <LI><a href="#[40]">IRQ_USART2</a> from stm32f429_startup.o(.text) referenced from stm32f429_startup.o(RESET)
 <LI><a href="#[41]">IRQ_USART3</a> from stm32f429_startup.o(.text) referenced from stm32f429_startup.o(RESET)
 <LI><a href="#[61]">IRQ_USART6</a> from stm32f429_startup.o(.text) referenced from stm32f429_startup.o(RESET)
 <LI><a href="#[15]">IRQ_UsgFlt</a> from stm32f429_startup.o(.text) referenced from stm32f429_startup.o(RESET)
 <LI><a href="#[1a]">IRQ_WWDG</a> from stm32f429_startup.o(.text) referenced from stm32f429_startup.o(RESET)
 <LI><a href="#[77]">UndefinedIRQ</a> from stm32f429_init.o(.text) referenced from stm32f429_startup.o(.text)
 <LI><a href="#[75]">VeryFirstInit</a> from stm32f429_init.o(.text) referenced from stm32f429_startup.o(.text)
 <LI><a href="#[7a]">MyTerminate()</a> from mystuff.o(.text) referenced from initialize.o(.text)
 <LI><a href="#[7b]">MyNewHandler()</a> from mystuff.o(.text) referenced from initialize.o(.text)
 <LI><a href="#[83]">SinkForItm::WriteByte(unsigned char)</a> from debug.o(i._ZN10SinkForItm9WriteByteEh) referenced from debug.o(.constdata__ZTV10SinkForItm)
 <LI><a href="#[78]">SinkForItm::~SinkForItm()</a> from debug.o(i._ZN10SinkForItmD1Ev) referenced from debug.o(.constdata__ZTV10SinkForItm)
 <LI><a href="#[78]">SinkForItm::~SinkForItm()</a> from debug.o(i._ZN10SinkForItmD1Ev) referenced from debug.o(.text)
 <LI><a href="#[85]">SinkConverter::WriteByte(unsigned char)</a> from formatter.o(i._ZN13SinkConverter9WriteByteEh) referenced from formatter.o(.constdata__ZTV13SinkConverter)
 <LI><a href="#[84]">SinkConverter::~SinkConverter()</a> from formatter.o(i._ZN13SinkConverterD1Ev) referenced from formatter.o(.constdata__ZTV13SinkConverter)
 <LI><a href="#[7d]">InstanceWrapper&lang;Port&lang;rbGPIOA&rang;&rang;::~InstanceWrapper()</a> from drvdiog.o(t._ZN15InstanceWrapperI4PortIL_Z7rbGPIOAEEED1Ev) referenced from drvdiog.o(t._ZN9SingletonI4PortIL_Z7rbGPIOAEEE6CreateEv)
 <LI><a href="#[7e]">InstanceWrapper&lang;Port&lang;rbGPIOB&rang;&rang;::~InstanceWrapper()</a> from drvdiog.o(t._ZN15InstanceWrapperI4PortIL_Z7rbGPIOBEEED1Ev) referenced from drvdiog.o(t._ZN9SingletonI4PortIL_Z7rbGPIOBEEE6CreateEv)
 <LI><a href="#[7f]">InstanceWrapper&lang;Port&lang;rbGPIOC&rang;&rang;::~InstanceWrapper()</a> from drvdiog.o(t._ZN15InstanceWrapperI4PortIL_Z7rbGPIOCEEED1Ev) referenced from drvdiog.o(t._ZN9SingletonI4PortIL_Z7rbGPIOCEEE6CreateEv)
 <LI><a href="#[80]">InstanceWrapper&lang;Port&lang;rbGPIOD&rang;&rang;::~InstanceWrapper()</a> from drvdiog.o(t._ZN15InstanceWrapperI4PortIL_Z7rbGPIODEEED1Ev) referenced from drvdiog.o(t._ZN9SingletonI4PortIL_Z7rbGPIODEEE6CreateEv)
 <LI><a href="#[81]">InstanceWrapper&lang;Port&lang;rbGPIOF&rang;&rang;::~InstanceWrapper()</a> from drvdiog.o(t._ZN15InstanceWrapperI4PortIL_Z7rbGPIOFEEED1Ev) referenced from drvdiog.o(t._ZN9SingletonI4PortIL_Z7rbGPIOFEEE6CreateEv)
 <LI><a href="#[82]">InstanceWrapper&lang;Port&lang;rbGPIOG&rang;&rang;::~InstanceWrapper()</a> from drvdiog.o(t._ZN15InstanceWrapperI4PortIL_Z7rbGPIOGEEED1Ev) referenced from drvdiog.o(t._ZN9SingletonI4PortIL_Z7rbGPIOGEEE6CreateEv)
 <LI><a href="#[9e]">[local to Initialize_cpp]::LocalInit()</a> from initialize.o(.text) referenced from initialize.o(.init_array.00110)
 <LI><a href="#[9c]">[local to Debug_cpp]::LocalInit()</a> from debug.o(.text) referenced from debug.o(.init_array.00101)
 <LI><a href="#[7c]">[local to arm_exceptions_c]::__default_terminate_handler()</a> from arm_exceptions_globs.o(.text) referenced from arm_exceptions_globs.o(.text)
 <LI><a href="#[9d]">[local to STM32F429_init_cpp]::LocalInit()</a> from stm32f429_init.o(.text) referenced from stm32f429_init.o(.init_array.00102)
 <LI><a href="#[87]">IDio::~IDio__deallocating()</a> from drvdio.o(.text) referenced from drvdio.o(.constdata__ZTV4IDio)
 <LI><a href="#[86]">IDio::~IDio__sub_object()</a> from drvdio.o(.text) referenced from drvdio.o(.constdata__ZTV4IDio)
 <LI><a href="#[89]">Port&lang;rbGPIOA&rang;::~Port()</a> from drvdiog.o(t._ZN4PortIL_Z7rbGPIOAEED1Ev) referenced from drvdiog.o(.constdata__ZTV4PortIL_Z7rbGPIOAEE)
 <LI><a href="#[8c]">Port&lang;rbGPIOB&rang;::~Port()</a> from drvdiog.o(t._ZN4PortIL_Z7rbGPIOBEED1Ev) referenced from drvdiog.o(.constdata__ZTV4PortIL_Z7rbGPIOBEE)
 <LI><a href="#[8d]">Port&lang;rbGPIOC&rang;::~Port()</a> from drvdiog.o(t._ZN4PortIL_Z7rbGPIOCEED1Ev) referenced from drvdiog.o(.constdata__ZTV4PortIL_Z7rbGPIOCEE)
 <LI><a href="#[8e]">Port&lang;rbGPIOD&rang;::~Port()</a> from drvdiog.o(t._ZN4PortIL_Z7rbGPIODEED1Ev) referenced from drvdiog.o(.constdata__ZTV4PortIL_Z7rbGPIODEE)
 <LI><a href="#[8f]">Port&lang;rbGPIOF&rang;::~Port()</a> from drvdiog.o(t._ZN4PortIL_Z7rbGPIOFEED1Ev) referenced from drvdiog.o(.constdata__ZTV4PortIL_Z7rbGPIOFEE)
 <LI><a href="#[90]">Port&lang;rbGPIOG&rang;::~Port()</a> from drvdiog.o(t._ZN4PortIL_Z7rbGPIOGEED1Ev) referenced from drvdiog.o(.constdata__ZTV4PortIL_Z7rbGPIOGEE)
 <LI><a href="#[93]">WrPin::Set(bool)</a> from drvdio.o(.text) referenced from drvdio.o(.constdata__ZTV5WrPin)
 <LI><a href="#[95]">IRdPin::~IRdPin__deallocating()</a> from drvdio.o(.text) referenced from drvdio.o(.constdata__ZTV6IRdPin)
 <LI><a href="#[94]">IRdPin::~IRdPin__sub_object()</a> from drvdio.o(.text) referenced from drvdio.o(.constdata__ZTV6IRdPin)
 <LI><a href="#[97]">IWrPin::~IWrPin__deallocating()</a> from drvdio.o(.text) referenced from drvdio.o(.constdata__ZTV6IWrPin)
 <LI><a href="#[96]">IWrPin::~IWrPin__sub_object()</a> from drvdio.o(.text) referenced from drvdio.o(.constdata__ZTV6IWrPin)
 <LI><a href="#[8a]">PortBase::CreateRdPin(unsigned)</a> from drvdio.o(.text) referenced from drvdiog.o(.constdata__ZTV4PortIL_Z7rbGPIOAEE)
 <LI><a href="#[8a]">PortBase::CreateRdPin(unsigned)</a> from drvdio.o(.text) referenced from drvdiog.o(.constdata__ZTV4PortIL_Z7rbGPIOBEE)
 <LI><a href="#[8a]">PortBase::CreateRdPin(unsigned)</a> from drvdio.o(.text) referenced from drvdiog.o(.constdata__ZTV4PortIL_Z7rbGPIOCEE)
 <LI><a href="#[8a]">PortBase::CreateRdPin(unsigned)</a> from drvdio.o(.text) referenced from drvdiog.o(.constdata__ZTV4PortIL_Z7rbGPIODEE)
 <LI><a href="#[8a]">PortBase::CreateRdPin(unsigned)</a> from drvdio.o(.text) referenced from drvdiog.o(.constdata__ZTV4PortIL_Z7rbGPIOFEE)
 <LI><a href="#[8a]">PortBase::CreateRdPin(unsigned)</a> from drvdio.o(.text) referenced from drvdiog.o(.constdata__ZTV4PortIL_Z7rbGPIOGEE)
 <LI><a href="#[8a]">PortBase::CreateRdPin(unsigned)</a> from drvdio.o(.text) referenced from drvdio.o(.constdata__ZTV8PortBase)
 <LI><a href="#[8b]">PortBase::CreateWrPin(unsigned)</a> from drvdio.o(.text) referenced from drvdiog.o(.constdata__ZTV4PortIL_Z7rbGPIOAEE)
 <LI><a href="#[8b]">PortBase::CreateWrPin(unsigned)</a> from drvdio.o(.text) referenced from drvdiog.o(.constdata__ZTV4PortIL_Z7rbGPIOBEE)
 <LI><a href="#[8b]">PortBase::CreateWrPin(unsigned)</a> from drvdio.o(.text) referenced from drvdiog.o(.constdata__ZTV4PortIL_Z7rbGPIOCEE)
 <LI><a href="#[8b]">PortBase::CreateWrPin(unsigned)</a> from drvdio.o(.text) referenced from drvdiog.o(.constdata__ZTV4PortIL_Z7rbGPIODEE)
 <LI><a href="#[8b]">PortBase::CreateWrPin(unsigned)</a> from drvdio.o(.text) referenced from drvdiog.o(.constdata__ZTV4PortIL_Z7rbGPIOFEE)
 <LI><a href="#[8b]">PortBase::CreateWrPin(unsigned)</a> from drvdio.o(.text) referenced from drvdiog.o(.constdata__ZTV4PortIL_Z7rbGPIOGEE)
 <LI><a href="#[8b]">PortBase::CreateWrPin(unsigned)</a> from drvdio.o(.text) referenced from drvdio.o(.constdata__ZTV8PortBase)
 <LI><a href="#[98]">PortBase::~PortBase()</a> from drvdio.o(i._ZN8PortBaseD1Ev) referenced from drvdio.o(.constdata__ZTV8PortBase)
 <LI><a href="#[9a]">Formatter::ISink::~ISink__sub_object()</a> from debug.o(i._ZN9Formatter5ISinkD2Ev) referenced from debug.o(.constdata__ZTVN9Formatter5ISinkE)
 <LI><a href="#[79]">Formatter::~Formatter()</a> from debug.o(i._ZN9FormatterD1Ev) referenced from debug.o(.constdata__ZTV9Formatter)
 <LI><a href="#[79]">Formatter::~Formatter()</a> from debug.o(i._ZN9FormatterD1Ev) referenced from debug.o(.text)
 <LI><a href="#[9b]">Num2Ascii::ISink::~ISink__sub_object()</a> from formatter.o(i._ZN9Num2Ascii5ISinkD2Ev) referenced from formatter.o(.constdata__ZTVN9Num2Ascii5ISinkE)
 <LI><a href="#[99]">Num2Ascii::~Num2Ascii()</a> from formatter.o(i._ZN9Num2AsciiD1Ev) referenced from formatter.o(.constdata__ZTV9Num2Ascii)
 <LI><a href="#[9f]">Singleton&lang;Port&lang;rbGPIOA&rang;&rang;::GetInstance()</a> from drvdiog.o(t._ZN9SingletonI4PortIL_Z7rbGPIOAEEE11GetInstanceEv) referenced from drvdiog.o(.init_array)
 <LI><a href="#[a0]">Singleton&lang;Port&lang;rbGPIOB&rang;&rang;::GetInstance()</a> from drvdiog.o(t._ZN9SingletonI4PortIL_Z7rbGPIOBEEE11GetInstanceEv) referenced from drvdiog.o(.init_array)
 <LI><a href="#[a1]">Singleton&lang;Port&lang;rbGPIOC&rang;&rang;::GetInstance()</a> from drvdiog.o(t._ZN9SingletonI4PortIL_Z7rbGPIOCEEE11GetInstanceEv) referenced from drvdiog.o(.init_array)
 <LI><a href="#[a2]">Singleton&lang;Port&lang;rbGPIOD&rang;&rang;::GetInstance()</a> from drvdiog.o(t._ZN9SingletonI4PortIL_Z7rbGPIODEEE11GetInstanceEv) referenced from drvdiog.o(.init_array)
 <LI><a href="#[a3]">Singleton&lang;Port&lang;rbGPIOF&rang;&rang;::GetInstance()</a> from drvdiog.o(t._ZN9SingletonI4PortIL_Z7rbGPIOFEEE11GetInstanceEv) referenced from drvdiog.o(.init_array)
 <LI><a href="#[a4]">Singleton&lang;Port&lang;rbGPIOG&rang;&rang;::GetInstance()</a> from drvdiog.o(t._ZN9SingletonI4PortIL_Z7rbGPIOGEEE11GetInstanceEv) referenced from drvdiog.o(.init_array)
 <LI><a href="#[91]">RdPin::Get() const</a> from drvdio.o(.text) referenced from drvdio.o(.constdata__ZTV5RdPin)
 <LI><a href="#[92]">WrPin::Get() const</a> from drvdio.o(.text) referenced from drvdio.o(.constdata__ZTV5WrPin)
 <LI><a href="#[88]">__cxa_pure_virtual</a> from premain.o(.text) referenced 2 times from drvdio.o(.constdata__ZTV4IDio)
 <LI><a href="#[88]">__cxa_pure_virtual</a> from premain.o(.text) referenced from drvdio.o(.constdata__ZTV6IRdPin)
 <LI><a href="#[88]">__cxa_pure_virtual</a> from premain.o(.text) referenced 2 times from drvdio.o(.constdata__ZTV6IWrPin)
 <LI><a href="#[88]">__cxa_pure_virtual</a> from premain.o(.text) referenced from debug.o(.constdata__ZTVN9Formatter5ISinkE)
 <LI><a href="#[88]">__cxa_pure_virtual</a> from premain.o(.text) referenced from formatter.o(.constdata__ZTVN9Num2Ascii5ISinkE)
 <LI><a href="#[a5]">__main</a> from __main.o(!!!main) referenced from stm32f429_startup.o(.text)
</UL>
<P>
<H3>
Global Symbols
</H3>
<P><STRONG><a name="[a5]"></a>__main</STRONG> (Thumb, 8 bytes, Stack size 0 bytes, __main.o(!!!main))
<BR><BR>[Calls]<UL><LI><a href="#[b2]">&gt;&gt;</a>&nbsp;&nbsp;&nbsp;__rt_entry
<LI><a href="#[b1]">&gt;&gt;</a>&nbsp;&nbsp;&nbsp;__scatterload
</UL>

<P><STRONG><a name="[b1]"></a>__scatterload</STRONG> (Thumb, 0 bytes, Stack size unknown bytes, __scatter.o(!!!scatter))
<BR><BR>[Called By]<UL><LI><a href="#[a5]">&gt;&gt;</a>&nbsp;&nbsp;&nbsp;__main
</UL>

<P><STRONG><a name="[b3]"></a>__scatterload_rt2</STRONG> (Thumb, 44 bytes, Stack size unknown bytes, __scatter.o(!!!scatter), UNUSED)
<BR><BR>[Calls]<UL><LI><a href="#[b2]">&gt;&gt;</a>&nbsp;&nbsp;&nbsp;__rt_entry
</UL>

<P><STRONG><a name="[1e7]"></a>__scatterload_rt2_thumb_only</STRONG> (Thumb, 0 bytes, Stack size unknown bytes, __scatter.o(!!!scatter), UNUSED)

<P><STRONG><a name="[1e8]"></a>__scatterload_null</STRONG> (Thumb, 0 bytes, Stack size unknown bytes, __scatter.o(!!!scatter), UNUSED)

<P><STRONG><a name="[1e9]"></a>__decompress</STRONG> (Thumb, 58 bytes, Stack size unknown bytes, __dczerorl.o(!!dczerorl), UNUSED)

<P><STRONG><a name="[1ea]"></a>__decompress0</STRONG> (Thumb, 0 bytes, Stack size unknown bytes, __dczerorl.o(!!dczerorl), UNUSED)

<P><STRONG><a name="[b4]"></a>__scatterload_copy</STRONG> (Thumb, 26 bytes, Stack size unknown bytes, __scatter_copy.o(!!handler_copy), UNUSED)
<BR><BR>[Calls]<UL><LI><a href="#[b4]">&gt;&gt;</a>&nbsp;&nbsp;&nbsp;__scatterload_copy
</UL>
<BR>[Called By]<UL><LI><a href="#[b4]">&gt;&gt;</a>&nbsp;&nbsp;&nbsp;__scatterload_copy
</UL>

<P><STRONG><a name="[1eb]"></a>__scatterload_zeroinit</STRONG> (Thumb, 28 bytes, Stack size unknown bytes, __scatter_zi.o(!!handler_zi), UNUSED)

<P><STRONG><a name="[bc]"></a>__rt_lib_init</STRONG> (Thumb, 0 bytes, Stack size unknown bytes, libinit.o(.ARM.Collect$$libinit$$00000000))
<BR><BR>[Called By]<UL><LI><a href="#[bb]">&gt;&gt;</a>&nbsp;&nbsp;&nbsp;__rt_entry_li
</UL>

<P><STRONG><a name="[1ec]"></a>__rt_lib_init_fp_1</STRONG> (Thumb, 0 bytes, Stack size unknown bytes, libinit2.o(.ARM.Collect$$libinit$$00000002))

<P><STRONG><a name="[b5]"></a>__rt_lib_init_heap_2</STRONG> (Thumb, 0 bytes, Stack size unknown bytes, libinit2.o(.ARM.Collect$$libinit$$00000005))
<BR><BR>[Stack]<UL><LI>Max Depth = 800 + Unknown Stack Size
<LI>Call Chain = __rt_lib_init_heap_2 &rArr; _init_alloc &rArr; __Heap_Initialize &rArr; _mutex_initialize &rArr; AssertionFailed(const char*, const char*, unsigned, const char*) &rArr; void ItmPrint&lang;&lang;char[5], const char*, char, Formatter::Digits, unsigned, char[3], const char*, char, Formatter::AsTxt&rang;&rang;(const T1&...) &rArr; void Formatter::Print&lang;char[5], &lang;const char*, char, Formatter::Digits, unsigned, char[3], const char*, char, Formatter::AsTxt&rang;&rang;(const T1&, const T2&...) &rArr; void Formatter::Print&lang;const char*, &lang;char, Formatter::Digits, unsigned, char[3], const char*, char, Formatter::AsTxt&rang;&rang;(const T1&, const T2&...) &rArr; void Formatter::Print&lang;char, &lang;Formatter::Digits, unsigned, char[3], const char*, char, Formatter::AsTxt&rang;&rang;(const T1&, const T2&...) &rArr; void Formatter::Print&lang;Formatter::Digits, &lang;unsigned, char[3], const char*, char, Formatter::AsTxt&rang;&rang;(const T1&, const T2&...) &rArr; void Formatter::Print&lang;unsigned, &lang;char[3], const char*, char, Formatter::AsTxt&rang;&rang;(const T1&, const T2&...) &rArr; void Formatter::Print&lang;char[3], &lang;const char*, char, Formatter::AsTxt&rang;&rang;(const T1&, const T2&...) &rArr; void Formatter::Print&lang;const char*, &lang;char, Formatter::AsTxt&rang;&rang;(const T1&, const T2&...) &rArr; void Formatter::Print&lang;char, &lang;Formatter::AsTxt&rang;&rang;(const T1&, const T2&...) &rArr; void Formatter::Print&lang;Formatter::AsTxt&rang;(const T1&) &rArr; void PrintObj&lang;Formatter::AsTxt&rang;(Formatter&, const T1&) &rArr; Formatter::AsTxt::ToString(Formatter&) const &rArr; Formatter::PrintTxtQuoted(const char*) &rArr; Formatter::WriteByte(unsigned char) &rArr; Formatter::PrintUINT32Hex(unsigned, int, int, bool) &rArr; [local to Formatter_cpp]::WriteValHex(Num2Ascii::ISink&, unsigned, int, int, const char*) &rArr; unsigned [local to Formatter_cpp]::WriteVal&lang;unsigned, (unsigned)16&rang;(Num2Ascii::ISink&, T1, int, int, const char*) &rArr; unsigned Num2Ascii::Format&lang;unsigned, (unsigned)16&rang;(T1, int, int) &rArr;  AssertionFailed(const char*, const char*, unsigned, const char*) (Cycle)
</UL>
<BR>[Calls]<UL><LI><a href="#[b6]">&gt;&gt;</a>&nbsp;&nbsp;&nbsp;_init_alloc
</UL>

<P><STRONG><a name="[1ed]"></a>__rt_lib_init_preinit_1</STRONG> (Thumb, 0 bytes, Stack size unknown bytes, libinit2.o(.ARM.Collect$$libinit$$00000004))

<P><STRONG><a name="[1ee]"></a>__rt_lib_init_alloca_1</STRONG> (Thumb, 0 bytes, Stack size unknown bytes, libinit2.o(.ARM.Collect$$libinit$$0000002E))

<P><STRONG><a name="[1ef]"></a>__rt_lib_init_argv_1</STRONG> (Thumb, 0 bytes, Stack size unknown bytes, libinit2.o(.ARM.Collect$$libinit$$0000002C))

<P><STRONG><a name="[1f0]"></a>__rt_lib_init_atexit_1</STRONG> (Thumb, 0 bytes, Stack size unknown bytes, libinit2.o(.ARM.Collect$$libinit$$0000001B))

<P><STRONG><a name="[1f1]"></a>__rt_lib_init_clock_1</STRONG> (Thumb, 0 bytes, Stack size unknown bytes, libinit2.o(.ARM.Collect$$libinit$$00000021))

<P><STRONG><a name="[b7]"></a>__rt_lib_init_exceptions_1</STRONG> (Thumb, 0 bytes, Stack size unknown bytes, libinit2.o(.ARM.Collect$$libinit$$0000002F))
<BR><BR>[Stack]<UL><LI>Max Depth = 808 + Unknown Stack Size
<LI>Call Chain = __rt_lib_init_exceptions_1 &rArr; __ARM_exceptions_init &rArr; __cxa_get_globals &rArr; __ARM_exceptions_buffer_init &rArr; malloc &rArr; _mutex_release &rArr; AssertionFailed(const char*, const char*, unsigned, const char*) &rArr; void ItmPrint&lang;&lang;char[5], const char*, char, Formatter::Digits, unsigned, char[3], const char*, char, Formatter::AsTxt&rang;&rang;(const T1&...) &rArr; void Formatter::Print&lang;char[5], &lang;const char*, char, Formatter::Digits, unsigned, char[3], const char*, char, Formatter::AsTxt&rang;&rang;(const T1&, const T2&...) &rArr; void Formatter::Print&lang;const char*, &lang;char, Formatter::Digits, unsigned, char[3], const char*, char, Formatter::AsTxt&rang;&rang;(const T1&, const T2&...) &rArr; void Formatter::Print&lang;char, &lang;Formatter::Digits, unsigned, char[3], const char*, char, Formatter::AsTxt&rang;&rang;(const T1&, const T2&...) &rArr; void Formatter::Print&lang;Formatter::Digits, &lang;unsigned, char[3], const char*, char, Formatter::AsTxt&rang;&rang;(const T1&, const T2&...) &rArr; void Formatter::Print&lang;unsigned, &lang;char[3], const char*, char, Formatter::AsTxt&rang;&rang;(const T1&, const T2&...) &rArr; void Formatter::Print&lang;char[3], &lang;const char*, char, Formatter::AsTxt&rang;&rang;(const T1&, const T2&...) &rArr; void Formatter::Print&lang;const char*, &lang;char, Formatter::AsTxt&rang;&rang;(const T1&, const T2&...) &rArr; void Formatter::Print&lang;char, &lang;Formatter::AsTxt&rang;&rang;(const T1&, const T2&...) &rArr; void Formatter::Print&lang;Formatter::AsTxt&rang;(const T1&) &rArr; void PrintObj&lang;Formatter::AsTxt&rang;(Formatter&, const T1&) &rArr; Formatter::AsTxt::ToString(Formatter&) const &rArr; Formatter::PrintTxtQuoted(const char*) &rArr; Formatter::WriteByte(unsigned char) &rArr; Formatter::PrintUINT32Hex(unsigned, int, int, bool) &rArr; [local to Formatter_cpp]::WriteValHex(Num2Ascii::ISink&, unsigned, int, int, const char*) &rArr; unsigned [local to Formatter_cpp]::WriteVal&lang;unsigned, (unsigned)16&rang;(Num2Ascii::ISink&, T1, int, int, const char*) &rArr; unsigned Num2Ascii::Format&lang;unsigned, (unsigned)16&rang;(T1, int, int) &rArr;  AssertionFailed(const char*, const char*, unsigned, const char*) (Cycle)
</UL>
<BR>[Calls]<UL><LI><a href="#[a8]">&gt;&gt;</a>&nbsp;&nbsp;&nbsp;__ARM_exceptions_init
</UL>

<P><STRONG><a name="[1f2]"></a>__rt_lib_init_fp_trap_1</STRONG> (Thumb, 0 bytes, Stack size unknown bytes, libinit2.o(.ARM.Collect$$libinit$$0000001F))

<P><STRONG><a name="[1f3]"></a>__rt_lib_init_getenv_1</STRONG> (Thumb, 0 bytes, Stack size unknown bytes, libinit2.o(.ARM.Collect$$libinit$$00000023))

<P><STRONG><a name="[1f4]"></a>__rt_lib_init_heap_1</STRONG> (Thumb, 0 bytes, Stack size unknown bytes, libinit2.o(.ARM.Collect$$libinit$$0000000A))

<P><STRONG><a name="[1f5]"></a>__rt_lib_init_lc_collate_1</STRONG> (Thumb, 0 bytes, Stack size unknown bytes, libinit2.o(.ARM.Collect$$libinit$$00000011))

<P><STRONG><a name="[1f6]"></a>__rt_lib_init_lc_ctype_1</STRONG> (Thumb, 0 bytes, Stack size unknown bytes, libinit2.o(.ARM.Collect$$libinit$$00000013))

<P><STRONG><a name="[1f7]"></a>__rt_lib_init_lc_monetary_1</STRONG> (Thumb, 0 bytes, Stack size unknown bytes, libinit2.o(.ARM.Collect$$libinit$$00000015))

<P><STRONG><a name="[1f8]"></a>__rt_lib_init_lc_numeric_1</STRONG> (Thumb, 0 bytes, Stack size unknown bytes, libinit2.o(.ARM.Collect$$libinit$$00000017))

<P><STRONG><a name="[1f9]"></a>__rt_lib_init_lc_time_1</STRONG> (Thumb, 0 bytes, Stack size unknown bytes, libinit2.o(.ARM.Collect$$libinit$$00000019))

<P><STRONG><a name="[1fa]"></a>__rt_lib_init_rand_1</STRONG> (Thumb, 0 bytes, Stack size unknown bytes, libinit2.o(.ARM.Collect$$libinit$$0000000E))

<P><STRONG><a name="[1fb]"></a>__rt_lib_init_signal_1</STRONG> (Thumb, 0 bytes, Stack size unknown bytes, libinit2.o(.ARM.Collect$$libinit$$0000001D))

<P><STRONG><a name="[1fc]"></a>__rt_lib_init_stdio_1</STRONG> (Thumb, 0 bytes, Stack size unknown bytes, libinit2.o(.ARM.Collect$$libinit$$00000025))

<P><STRONG><a name="[1fd]"></a>__rt_lib_init_user_alloc_1</STRONG> (Thumb, 0 bytes, Stack size unknown bytes, libinit2.o(.ARM.Collect$$libinit$$0000000C))

<P><STRONG><a name="[b8]"></a>__rt_lib_init_cpp_2</STRONG> (Thumb, 0 bytes, Stack size unknown bytes, libinit2.o(.ARM.Collect$$libinit$$00000031))
<BR><BR>[Stack]<UL><LI>Max Depth = 16 + Unknown Stack Size
<LI>Call Chain = __rt_lib_init_cpp_2 &rArr; __cpp_initialize__aeabi_
</UL>
<BR>[Calls]<UL><LI><a href="#[b0]">&gt;&gt;</a>&nbsp;&nbsp;&nbsp;__cpp_initialize__aeabi_
</UL>

<P><STRONG><a name="[1fe]"></a>__rt_lib_init_cpp_1</STRONG> (Thumb, 0 bytes, Stack size unknown bytes, libinit2.o(.ARM.Collect$$libinit$$00000032))

<P><STRONG><a name="[1ff]"></a>__rt_lib_init_return</STRONG> (Thumb, 0 bytes, Stack size unknown bytes, libinit2.o(.ARM.Collect$$libinit$$00000033))

<P><STRONG><a name="[b2]"></a>__rt_entry</STRONG> (Thumb, 0 bytes, Stack size unknown bytes, __rtentry.o(.ARM.Collect$$rtentry$$00000000))
<BR><BR>[Called By]<UL><LI><a href="#[a5]">&gt;&gt;</a>&nbsp;&nbsp;&nbsp;__main
<LI><a href="#[b3]">&gt;&gt;</a>&nbsp;&nbsp;&nbsp;__scatterload_rt2
</UL>

<P><STRONG><a name="[200]"></a>__rt_entry_presh_1</STRONG> (Thumb, 0 bytes, Stack size unknown bytes, __rtentry2.o(.ARM.Collect$$rtentry$$00000002))

<P><STRONG><a name="[b9]"></a>__rt_entry_sh</STRONG> (Thumb, 0 bytes, Stack size unknown bytes, __rtentry4.o(.ARM.Collect$$rtentry$$00000004))
<BR><BR>[Calls]<UL><LI><a href="#[ba]">&gt;&gt;</a>&nbsp;&nbsp;&nbsp;__user_setup_stackheap
</UL>

<P><STRONG><a name="[bb]"></a>__rt_entry_li</STRONG> (Thumb, 0 bytes, Stack size unknown bytes, __rtentry2.o(.ARM.Collect$$rtentry$$0000000A))
<BR><BR>[Calls]<UL><LI><a href="#[bc]">&gt;&gt;</a>&nbsp;&nbsp;&nbsp;__rt_lib_init
</UL>

<P><STRONG><a name="[201]"></a>__rt_entry_postsh_1</STRONG> (Thumb, 0 bytes, Stack size unknown bytes, __rtentry2.o(.ARM.Collect$$rtentry$$00000009))

<P><STRONG><a name="[bd]"></a>__rt_entry_main</STRONG> (Thumb, 0 bytes, Stack size unknown bytes, __rtentry2.o(.ARM.Collect$$rtentry$$0000000D))
<BR><BR>[Stack]<UL><LI>Max Depth = 984 + Unknown Stack Size
<LI>Call Chain = __rt_entry_main &rArr; main &rArr; Ili9341::Ili9341() &rArr; ILtdc::setPins() const &rArr; void EnableAF&lang;(unsigned)3&rang;(volatile __regbank_GPIO&, unsigned, unsigned, bool, const unsigned char(&)[T1]) &rArr; EnableAF(volatile __regbank_GPIO&, unsigned, unsigned, bool, const unsigned char*, unsigned) &rArr; EnableAF(volatile __regbank_GPIO&, unsigned, unsigned, bool, unsigned) &rArr; AssertionFailed(const char*, const char*, unsigned, const char*) &rArr; void ItmPrint&lang;&lang;char[5], const char*, char, Formatter::Digits, unsigned, char[3], const char*, char, Formatter::AsTxt&rang;&rang;(const T1&...) &rArr; void Formatter::Print&lang;char[5], &lang;const char*, char, Formatter::Digits, unsigned, char[3], const char*, char, Formatter::AsTxt&rang;&rang;(const T1&, const T2&...) &rArr; void Formatter::Print&lang;const char*, &lang;char, Formatter::Digits, unsigned, char[3], const char*, char, Formatter::AsTxt&rang;&rang;(const T1&, const T2&...) &rArr; void Formatter::Print&lang;char, &lang;Formatter::Digits, unsigned, char[3], const char*, char, Formatter::AsTxt&rang;&rang;(const T1&, const T2&...) &rArr; void Formatter::Print&lang;Formatter::Digits, &lang;unsigned, char[3], const char*, char, Formatter::AsTxt&rang;&rang;(const T1&, const T2&...) &rArr; void Formatter::Print&lang;unsigned, &lang;char[3], const char*, char, Formatter::AsTxt&rang;&rang;(const T1&, const T2&...) &rArr; void Formatter::Print&lang;char[3], &lang;const char*, char, Formatter::AsTxt&rang;&rang;(const T1&, const T2&...) &rArr; void Formatter::Print&lang;const char*, &lang;char, Formatter::AsTxt&rang;&rang;(const T1&, const T2&...) &rArr; void Formatter::Print&lang;char, &lang;Formatter::AsTxt&rang;&rang;(const T1&, const T2&...) &rArr; void Formatter::Print&lang;Formatter::AsTxt&rang;(const T1&) &rArr; void PrintObj&lang;Formatter::AsTxt&rang;(Formatter&, const T1&) &rArr; Formatter::AsTxt::ToString(Formatter&) const &rArr; Formatter::PrintTxtQuoted(const char*) &rArr; Formatter::WriteByte(unsigned char) &rArr; Formatter::PrintUINT32Hex(unsigned, int, int, bool) &rArr; [local to Formatter_cpp]::WriteValHex(Num2Ascii::ISink&, unsigned, int, int, const char*) &rArr; unsigned [local to Formatter_cpp]::WriteVal&lang;unsigned, (unsigned)16&rang;(Num2Ascii::ISink&, T1, int, int, const char*) &rArr; unsigned Num2Ascii::Format&lang;unsigned, (unsigned)16&rang;(T1, int, int) &rArr;  AssertionFailed(const char*, const char*, unsigned, const char*) (Cycle)
</UL>
<BR>[Calls]<UL><LI><a href="#[be]">&gt;&gt;</a>&nbsp;&nbsp;&nbsp;main
<LI><a href="#[bf]">&gt;&gt;</a>&nbsp;&nbsp;&nbsp;exit
</UL>

<P><STRONG><a name="[202]"></a>__rt_entry_postli_1</STRONG> (Thumb, 0 bytes, Stack size unknown bytes, __rtentry2.o(.ARM.Collect$$rtentry$$0000000C))

<P><STRONG><a name="[203]"></a>_maybe_terminate_alloc</STRONG> (Thumb, 0 bytes, Stack size 8 bytes, maybetermalloc1.o(.emb_text), UNUSED)

<P><STRONG><a name="[204]"></a>buttonOnPressed()</STRONG> (Thumb, 34 bytes, Stack size 0 bytes, stm32f429_disco_start.o(.text), UNUSED)

<P><STRONG><a name="[be]"></a>main</STRONG> (Thumb, 132 bytes, Stack size 32 bytes, stm32f429_disco_start.o(.text))
<BR><BR>[Stack]<UL><LI>Max Depth = 984<LI>Call Chain = main &rArr; Ili9341::Ili9341() &rArr; ILtdc::setPins() const &rArr; void EnableAF&lang;(unsigned)3&rang;(volatile __regbank_GPIO&, unsigned, unsigned, bool, const unsigned char(&)[T1]) &rArr; EnableAF(volatile __regbank_GPIO&, unsigned, unsigned, bool, const unsigned char*, unsigned) &rArr; EnableAF(volatile __regbank_GPIO&, unsigned, unsigned, bool, unsigned) &rArr; AssertionFailed(const char*, const char*, unsigned, const char*) &rArr; void ItmPrint&lang;&lang;char[5], const char*, char, Formatter::Digits, unsigned, char[3], const char*, char, Formatter::AsTxt&rang;&rang;(const T1&...) &rArr; void Formatter::Print&lang;char[5], &lang;const char*, char, Formatter::Digits, unsigned, char[3], const char*, char, Formatter::AsTxt&rang;&rang;(const T1&, const T2&...) &rArr; void Formatter::Print&lang;const char*, &lang;char, Formatter::Digits, unsigned, char[3], const char*, char, Formatter::AsTxt&rang;&rang;(const T1&, const T2&...) &rArr; void Formatter::Print&lang;char, &lang;Formatter::Digits, unsigned, char[3], const char*, char, Formatter::AsTxt&rang;&rang;(const T1&, const T2&...) &rArr; void Formatter::Print&lang;Formatter::Digits, &lang;unsigned, char[3], const char*, char, Formatter::AsTxt&rang;&rang;(const T1&, const T2&...) &rArr; void Formatter::Print&lang;unsigned, &lang;char[3], const char*, char, Formatter::AsTxt&rang;&rang;(const T1&, const T2&...) &rArr; void Formatter::Print&lang;char[3], &lang;const char*, char, Formatter::AsTxt&rang;&rang;(const T1&, const T2&...) &rArr; void Formatter::Print&lang;const char*, &lang;char, Formatter::AsTxt&rang;&rang;(const T1&, const T2&...) &rArr; void Formatter::Print&lang;char, &lang;Formatter::AsTxt&rang;&rang;(const T1&, const T2&...) &rArr; void Formatter::Print&lang;Formatter::AsTxt&rang;(const T1&) &rArr; void PrintObj&lang;Formatter::AsTxt&rang;(Formatter&, const T1&) &rArr; Formatter::AsTxt::ToString(Formatter&) const &rArr; Formatter::PrintTxtQuoted(const char*) &rArr; Formatter::WriteByte(unsigned char) &rArr; Formatter::PrintUINT32Hex(unsigned, int, int, bool) &rArr; [local to Formatter_cpp]::WriteValHex(Num2Ascii::ISink&, unsigned, int, int, const char*) &rArr; unsigned [local to Formatter_cpp]::WriteVal&lang;unsigned, (unsigned)16&rang;(Num2Ascii::ISink&, T1, int, int, const char*) &rArr; unsigned Num2Ascii::Format&lang;unsigned, (unsigned)16&rang;(T1, int, int) &rArr;  AssertionFailed(const char*, const char*, unsigned, const char*) (Cycle)
</UL>
<BR>[Calls]<UL><LI><a href="#[cb]">&gt;&gt;</a>&nbsp;&nbsp;&nbsp;Ili9341::Ili9341()
<LI><a href="#[cc]">&gt;&gt;</a>&nbsp;&nbsp;&nbsp;Ili9341::Start()
<LI><a href="#[c4]">&gt;&gt;</a>&nbsp;&nbsp;&nbsp;HClk()
<LI><a href="#[c5]">&gt;&gt;</a>&nbsp;&nbsp;&nbsp;AssertionFailed(const char*, const char*, unsigned, const char*)
<LI><a href="#[cd]">&gt;&gt;</a>&nbsp;&nbsp;&nbsp;Cortex::WFI()
<LI><a href="#[ca]">&gt;&gt;</a>&nbsp;&nbsp;&nbsp;Cortex::SetCONTROL_privileged(unsigned)
<LI><a href="#[c8]">&gt;&gt;</a>&nbsp;&nbsp;&nbsp;Cortex::SetBASEPRI_privileged(unsigned)
<LI><a href="#[c7]">&gt;&gt;</a>&nbsp;&nbsp;&nbsp;Cortex::IsThreadMode()
<LI><a href="#[c6]">&gt;&gt;</a>&nbsp;&nbsp;&nbsp;Cortex::IsPrivileged()
<LI><a href="#[c9]">&gt;&gt;</a>&nbsp;&nbsp;&nbsp;Cortex::GetCONTROL()
<LI><a href="#[c0]">&gt;&gt;</a>&nbsp;&nbsp;&nbsp;[local to STM32F429_DISCO_Start_cpp]::Initialize()
</UL>
<BR>[Called By]<UL><LI><a href="#[bd]">&gt;&gt;</a>&nbsp;&nbsp;&nbsp;__rt_entry_main
</UL>

<P><STRONG><a name="[ce]"></a>InitSDRAM()</STRONG> (Thumb, 260 bytes, Stack size 32 bytes, initsdram.o(.text))
<BR><BR>[Stack]<UL><LI>Max Depth = 904<LI>Call Chain = InitSDRAM() &rArr; void EnableAF&lang;(unsigned)11&rang;(volatile __regbank_GPIO&, unsigned, unsigned, bool, const unsigned char(&)[T1]) &rArr; EnableAF(volatile __regbank_GPIO&, unsigned, unsigned, bool, const unsigned char*, unsigned) &rArr; EnableAF(volatile __regbank_GPIO&, unsigned, unsigned, bool, unsigned) &rArr; AssertionFailed(const char*, const char*, unsigned, const char*) &rArr; void ItmPrint&lang;&lang;char[5], const char*, char, Formatter::Digits, unsigned, char[3], const char*, char, Formatter::AsTxt&rang;&rang;(const T1&...) &rArr; void Formatter::Print&lang;char[5], &lang;const char*, char, Formatter::Digits, unsigned, char[3], const char*, char, Formatter::AsTxt&rang;&rang;(const T1&, const T2&...) &rArr; void Formatter::Print&lang;const char*, &lang;char, Formatter::Digits, unsigned, char[3], const char*, char, Formatter::AsTxt&rang;&rang;(const T1&, const T2&...) &rArr; void Formatter::Print&lang;char, &lang;Formatter::Digits, unsigned, char[3], const char*, char, Formatter::AsTxt&rang;&rang;(const T1&, const T2&...) &rArr; void Formatter::Print&lang;Formatter::Digits, &lang;unsigned, char[3], const char*, char, Formatter::AsTxt&rang;&rang;(const T1&, const T2&...) &rArr; void Formatter::Print&lang;unsigned, &lang;char[3], const char*, char, Formatter::AsTxt&rang;&rang;(const T1&, const T2&...) &rArr; void Formatter::Print&lang;char[3], &lang;const char*, char, Formatter::AsTxt&rang;&rang;(const T1&, const T2&...) &rArr; void Formatter::Print&lang;const char*, &lang;char, Formatter::AsTxt&rang;&rang;(const T1&, const T2&...) &rArr; void Formatter::Print&lang;char, &lang;Formatter::AsTxt&rang;&rang;(const T1&, const T2&...) &rArr; void Formatter::Print&lang;Formatter::AsTxt&rang;(const T1&) &rArr; void PrintObj&lang;Formatter::AsTxt&rang;(Formatter&, const T1&) &rArr; Formatter::AsTxt::ToString(Formatter&) const &rArr; Formatter::PrintTxtQuoted(const char*) &rArr; Formatter::WriteByte(unsigned char) &rArr; Formatter::PrintUINT32Hex(unsigned, int, int, bool) &rArr; [local to Formatter_cpp]::WriteValHex(Num2Ascii::ISink&, unsigned, int, int, const char*) &rArr; unsigned [local to Formatter_cpp]::WriteVal&lang;unsigned, (unsigned)16&rang;(Num2Ascii::ISink&, T1, int, int, const char*) &rArr; unsigned Num2Ascii::Format&lang;unsigned, (unsigned)16&rang;(T1, int, int) &rArr;  AssertionFailed(const char*, const char*, unsigned, const char*) (Cycle)
</UL>
<BR>[Calls]<UL><LI><a href="#[d2]">&gt;&gt;</a>&nbsp;&nbsp;&nbsp;void EnableAF&lang;(unsigned)11&rang;(volatile __regbank_GPIO&, unsigned, unsigned, bool, const unsigned char(&)[T1])
<LI><a href="#[d4]">&gt;&gt;</a>&nbsp;&nbsp;&nbsp;Cortex::DSB()
<LI><a href="#[d1]">&gt;&gt;</a>&nbsp;&nbsp;&nbsp;EnableAF(volatile __regbank_GPIO&, unsigned, unsigned, bool, unsigned)
<LI><a href="#[d0]">&gt;&gt;</a>&nbsp;&nbsp;&nbsp;EnableAF(volatile __regbank_GPIO&, unsigned, unsigned, bool, const unsigned char*, unsigned)
<LI><a href="#[cf]">&gt;&gt;</a>&nbsp;&nbsp;&nbsp;AHB1ClockEnableByMask(unsigned)
<LI><a href="#[d6]">&gt;&gt;</a>&nbsp;&nbsp;&nbsp;FMC_SDSR_IsBusy()
<LI><a href="#[d3]">&gt;&gt;</a>&nbsp;&nbsp;&nbsp;AHBClockEnable(unsigned)
<LI><a href="#[d5]">&gt;&gt;</a>&nbsp;&nbsp;&nbsp;SDRAM_Command(unsigned)
</UL>
<BR>[Called By]<UL><LI><a href="#[75]">&gt;&gt;</a>&nbsp;&nbsp;&nbsp;VeryFirstInit
</UL>

<P><STRONG><a name="[db]"></a>ISpi::ISpi()</STRONG> (Thumb, 2 bytes, Stack size 0 bytes, drvspi.o(.text))
<BR><BR>[Called By]<UL><LI><a href="#[cb]">&gt;&gt;</a>&nbsp;&nbsp;&nbsp;Ili9341::Ili9341()
</UL>

<P><STRONG><a name="[205]"></a>ISpi::ISpi__sub_object()</STRONG> (Thumb, 0 bytes, Stack size 0 bytes, drvspi.o(.text), UNUSED)

<P><STRONG><a name="[d7]"></a>ISpi::initSPI() const</STRONG> (Thumb, 122 bytes, Stack size 40 bytes, drvspi.o(.text))
<BR><BR>[Stack]<UL><LI>Max Depth = 848<LI>Call Chain = ISpi::initSPI() const &rArr; EnableAF(volatile __regbank_GPIO&, unsigned, unsigned, bool, unsigned) &rArr; AssertionFailed(const char*, const char*, unsigned, const char*) &rArr; void ItmPrint&lang;&lang;char[5], const char*, char, Formatter::Digits, unsigned, char[3], const char*, char, Formatter::AsTxt&rang;&rang;(const T1&...) &rArr; void Formatter::Print&lang;char[5], &lang;const char*, char, Formatter::Digits, unsigned, char[3], const char*, char, Formatter::AsTxt&rang;&rang;(const T1&, const T2&...) &rArr; void Formatter::Print&lang;const char*, &lang;char, Formatter::Digits, unsigned, char[3], const char*, char, Formatter::AsTxt&rang;&rang;(const T1&, const T2&...) &rArr; void Formatter::Print&lang;char, &lang;Formatter::Digits, unsigned, char[3], const char*, char, Formatter::AsTxt&rang;&rang;(const T1&, const T2&...) &rArr; void Formatter::Print&lang;Formatter::Digits, &lang;unsigned, char[3], const char*, char, Formatter::AsTxt&rang;&rang;(const T1&, const T2&...) &rArr; void Formatter::Print&lang;unsigned, &lang;char[3], const char*, char, Formatter::AsTxt&rang;&rang;(const T1&, const T2&...) &rArr; void Formatter::Print&lang;char[3], &lang;const char*, char, Formatter::AsTxt&rang;&rang;(const T1&, const T2&...) &rArr; void Formatter::Print&lang;const char*, &lang;char, Formatter::AsTxt&rang;&rang;(const T1&, const T2&...) &rArr; void Formatter::Print&lang;char, &lang;Formatter::AsTxt&rang;&rang;(const T1&, const T2&...) &rArr; void Formatter::Print&lang;Formatter::AsTxt&rang;(const T1&) &rArr; void PrintObj&lang;Formatter::AsTxt&rang;(Formatter&, const T1&) &rArr; Formatter::AsTxt::ToString(Formatter&) const &rArr; Formatter::PrintTxtQuoted(const char*) &rArr; Formatter::WriteByte(unsigned char) &rArr; Formatter::PrintUINT32Hex(unsigned, int, int, bool) &rArr; [local to Formatter_cpp]::WriteValHex(Num2Ascii::ISink&, unsigned, int, int, const char*) &rArr; unsigned [local to Formatter_cpp]::WriteVal&lang;unsigned, (unsigned)16&rang;(Num2Ascii::ISink&, T1, int, int, const char*) &rArr; unsigned Num2Ascii::Format&lang;unsigned, (unsigned)16&rang;(T1, int, int) &rArr;  AssertionFailed(const char*, const char*, unsigned, const char*) (Cycle)
</UL>
<BR>[Calls]<UL><LI><a href="#[d8]">&gt;&gt;</a>&nbsp;&nbsp;&nbsp;APBClockEnable(unsigned)
<LI><a href="#[d1]">&gt;&gt;</a>&nbsp;&nbsp;&nbsp;EnableAF(volatile __regbank_GPIO&, unsigned, unsigned, bool, unsigned)
<LI><a href="#[d3]">&gt;&gt;</a>&nbsp;&nbsp;&nbsp;AHBClockEnable(unsigned)
</UL>
<BR>[Called By]<UL><LI><a href="#[cb]">&gt;&gt;</a>&nbsp;&nbsp;&nbsp;Ili9341::Ili9341()
</UL>

<P><STRONG><a name="[e3]"></a>ISpi::SPI_Send(unsigned char) const</STRONG> (Thumb, 82 bytes, Stack size 0 bytes, drvspi.o(.text))
<BR><BR>[Called By]<UL><LI><a href="#[e4]">&gt;&gt;</a>&nbsp;&nbsp;&nbsp;Ili9341::SendCommand(unsigned char) const
<LI><a href="#[e1]">&gt;&gt;</a>&nbsp;&nbsp;&nbsp;Ili9341::SendData(unsigned char) const
</UL>

<P><STRONG><a name="[cb]"></a>Ili9341::Ili9341()</STRONG> (Thumb, 228 bytes, Stack size 40 bytes, ili9341.o(.text))
<BR><BR>[Stack]<UL><LI>Max Depth = 952<LI>Call Chain = Ili9341::Ili9341() &rArr; ILtdc::setPins() const &rArr; void EnableAF&lang;(unsigned)3&rang;(volatile __regbank_GPIO&, unsigned, unsigned, bool, const unsigned char(&)[T1]) &rArr; EnableAF(volatile __regbank_GPIO&, unsigned, unsigned, bool, const unsigned char*, unsigned) &rArr; EnableAF(volatile __regbank_GPIO&, unsigned, unsigned, bool, unsigned) &rArr; AssertionFailed(const char*, const char*, unsigned, const char*) &rArr; void ItmPrint&lang;&lang;char[5], const char*, char, Formatter::Digits, unsigned, char[3], const char*, char, Formatter::AsTxt&rang;&rang;(const T1&...) &rArr; void Formatter::Print&lang;char[5], &lang;const char*, char, Formatter::Digits, unsigned, char[3], const char*, char, Formatter::AsTxt&rang;&rang;(const T1&, const T2&...) &rArr; void Formatter::Print&lang;const char*, &lang;char, Formatter::Digits, unsigned, char[3], const char*, char, Formatter::AsTxt&rang;&rang;(const T1&, const T2&...) &rArr; void Formatter::Print&lang;char, &lang;Formatter::Digits, unsigned, char[3], const char*, char, Formatter::AsTxt&rang;&rang;(const T1&, const T2&...) &rArr; void Formatter::Print&lang;Formatter::Digits, &lang;unsigned, char[3], const char*, char, Formatter::AsTxt&rang;&rang;(const T1&, const T2&...) &rArr; void Formatter::Print&lang;unsigned, &lang;char[3], const char*, char, Formatter::AsTxt&rang;&rang;(const T1&, const T2&...) &rArr; void Formatter::Print&lang;char[3], &lang;const char*, char, Formatter::AsTxt&rang;&rang;(const T1&, const T2&...) &rArr; void Formatter::Print&lang;const char*, &lang;char, Formatter::AsTxt&rang;&rang;(const T1&, const T2&...) &rArr; void Formatter::Print&lang;char, &lang;Formatter::AsTxt&rang;&rang;(const T1&, const T2&...) &rArr; void Formatter::Print&lang;Formatter::AsTxt&rang;(const T1&) &rArr; void PrintObj&lang;Formatter::AsTxt&rang;(Formatter&, const T1&) &rArr; Formatter::AsTxt::ToString(Formatter&) const &rArr; Formatter::PrintTxtQuoted(const char*) &rArr; Formatter::WriteByte(unsigned char) &rArr; Formatter::PrintUINT32Hex(unsigned, int, int, bool) &rArr; [local to Formatter_cpp]::WriteValHex(Num2Ascii::ISink&, unsigned, int, int, const char*) &rArr; unsigned [local to Formatter_cpp]::WriteVal&lang;unsigned, (unsigned)16&rang;(Num2Ascii::ISink&, T1, int, int, const char*) &rArr; unsigned Num2Ascii::Format&lang;unsigned, (unsigned)16&rang;(T1, int, int) &rArr;  AssertionFailed(const char*, const char*, unsigned, const char*) (Cycle)
</UL>
<BR>[Calls]<UL><LI><a href="#[e0]">&gt;&gt;</a>&nbsp;&nbsp;&nbsp;ILtdc::setPins() const
<LI><a href="#[dc]">&gt;&gt;</a>&nbsp;&nbsp;&nbsp;ILtdc::ILtdc()
<LI><a href="#[da]">&gt;&gt;</a>&nbsp;&nbsp;&nbsp;IDio::CreateInstanceD()
<LI><a href="#[d9]">&gt;&gt;</a>&nbsp;&nbsp;&nbsp;IDio::CreateInstanceC()
<LI><a href="#[de]">&gt;&gt;</a>&nbsp;&nbsp;&nbsp;WrGpioSP(volatile __regbank_GPIO&, unsigned, unsigned)
<LI><a href="#[dd]">&gt;&gt;</a>&nbsp;&nbsp;&nbsp;WrGpioMD(volatile __regbank_GPIO&, unsigned, unsigned)
<LI><a href="#[d7]">&gt;&gt;</a>&nbsp;&nbsp;&nbsp;ISpi::initSPI() const
<LI><a href="#[db]">&gt;&gt;</a>&nbsp;&nbsp;&nbsp;ISpi::ISpi()
<LI><a href="#[df]">&gt;&gt;</a>&nbsp;&nbsp;&nbsp;T1 Atomic::Bfld&lang;unsigned&rang;(volatile T1&, T1, T1)
<LI><a href="#[d3]">&gt;&gt;</a>&nbsp;&nbsp;&nbsp;AHBClockEnable(unsigned)
</UL>
<BR>[Called By]<UL><LI><a href="#[be]">&gt;&gt;</a>&nbsp;&nbsp;&nbsp;main
</UL>

<P><STRONG><a name="[206]"></a>Ili9341::Ili9341__sub_object()</STRONG> (Thumb, 0 bytes, Stack size 40 bytes, ili9341.o(.text), UNUSED)

<P><STRONG><a name="[e1]"></a>Ili9341::SendData(unsigned char) const</STRONG> (Thumb, 44 bytes, Stack size 16 bytes, ili9341.o(.text))
<BR><BR>[Stack]<UL><LI>Max Depth = 24<LI>Call Chain = Ili9341::SendData(unsigned char) const &rArr; IWrPin::Clr()
</UL>
<BR>[Calls]<UL><LI><a href="#[e2]">&gt;&gt;</a>&nbsp;&nbsp;&nbsp;IWrPin::Clr()
<LI><a href="#[e3]">&gt;&gt;</a>&nbsp;&nbsp;&nbsp;ISpi::SPI_Send(unsigned char) const
</UL>
<BR>[Called By]<UL><LI><a href="#[e5]">&gt;&gt;</a>&nbsp;&nbsp;&nbsp;Ili9341::SendCmd(unsigned char, const unsigned char*, unsigned) const
</UL>

<P><STRONG><a name="[e4]"></a>Ili9341::SendCommand(unsigned char) const</STRONG> (Thumb, 40 bytes, Stack size 16 bytes, ili9341.o(.text))
<BR><BR>[Stack]<UL><LI>Max Depth = 24<LI>Call Chain = Ili9341::SendCommand(unsigned char) const &rArr; IWrPin::Clr()
</UL>
<BR>[Calls]<UL><LI><a href="#[e2]">&gt;&gt;</a>&nbsp;&nbsp;&nbsp;IWrPin::Clr()
<LI><a href="#[e3]">&gt;&gt;</a>&nbsp;&nbsp;&nbsp;ISpi::SPI_Send(unsigned char) const
</UL>
<BR>[Called By]<UL><LI><a href="#[e5]">&gt;&gt;</a>&nbsp;&nbsp;&nbsp;Ili9341::SendCmd(unsigned char, const unsigned char*, unsigned) const
</UL>

<P><STRONG><a name="[e5]"></a>Ili9341::SendCmd(unsigned char, const unsigned char*, unsigned) const</STRONG> (Thumb, 42 bytes, Stack size 24 bytes, ili9341.o(.text))
<BR><BR>[Stack]<UL><LI>Max Depth = 48<LI>Call Chain = Ili9341::SendCmd(unsigned char, const unsigned char*, unsigned) const &rArr; Ili9341::SendCommand(unsigned char) const &rArr; IWrPin::Clr()
</UL>
<BR>[Calls]<UL><LI><a href="#[e4]">&gt;&gt;</a>&nbsp;&nbsp;&nbsp;Ili9341::SendCommand(unsigned char) const
<LI><a href="#[e1]">&gt;&gt;</a>&nbsp;&nbsp;&nbsp;Ili9341::SendData(unsigned char) const
</UL>
<BR>[Called By]<UL><LI><a href="#[e7]">&gt;&gt;</a>&nbsp;&nbsp;&nbsp;void Ili9341::Command&lang;(unsigned)5&rang;(unsigned char, const unsigned char(&)[T1]) const
<LI><a href="#[e9]">&gt;&gt;</a>&nbsp;&nbsp;&nbsp;void Ili9341::Command&lang;(unsigned)4&rang;(unsigned char, const unsigned char(&)[T1]) const
<LI><a href="#[e6]">&gt;&gt;</a>&nbsp;&nbsp;&nbsp;void Ili9341::Command&lang;(unsigned)3&rang;(unsigned char, const unsigned char(&)[T1]) const
<LI><a href="#[eb]">&gt;&gt;</a>&nbsp;&nbsp;&nbsp;void Ili9341::Command&lang;(unsigned)15&rang;(unsigned char, const unsigned char(&)[T1]) const
<LI><a href="#[ec]">&gt;&gt;</a>&nbsp;&nbsp;&nbsp;Ili9341::Command(unsigned char) const
<LI><a href="#[e8]">&gt;&gt;</a>&nbsp;&nbsp;&nbsp;Ili9341::Command(unsigned char, unsigned char, unsigned char)
<LI><a href="#[ea]">&gt;&gt;</a>&nbsp;&nbsp;&nbsp;Ili9341::Command(unsigned char, unsigned char)
</UL>

<P><STRONG><a name="[207]"></a>Ili9341::CmdPrefix(unsigned char) const</STRONG> (Thumb, 2 bytes, Stack size 0 bytes, ili9341.o(.text), UNUSED)

<P><STRONG><a name="[cc]"></a>Ili9341::Start()</STRONG> (Thumb, 272 bytes, Stack size 16 bytes, ili9341.o(.text))
<BR><BR>[Stack]<UL><LI>Max Depth = 176<LI>Call Chain = Ili9341::Start() &rArr; ILtdc::initLTDC() const &rArr; Dma2d::drawCircle(unsigned, unsigned, unsigned, unsigned) &rArr; Dma2d::drawRectangle(unsigned short, unsigned short, unsigned short, unsigned short, unsigned, unsigned, unsigned) &rArr; Dma2d::SetMemory(unsigned, unsigned, unsigned, unsigned short)
</UL>
<BR>[Calls]<UL><LI><a href="#[ed]">&gt;&gt;</a>&nbsp;&nbsp;&nbsp;ILtdc::initLTDC() const
<LI><a href="#[e7]">&gt;&gt;</a>&nbsp;&nbsp;&nbsp;void Ili9341::Command&lang;(unsigned)5&rang;(unsigned char, const unsigned char(&)[T1]) const
<LI><a href="#[e9]">&gt;&gt;</a>&nbsp;&nbsp;&nbsp;void Ili9341::Command&lang;(unsigned)4&rang;(unsigned char, const unsigned char(&)[T1]) const
<LI><a href="#[e6]">&gt;&gt;</a>&nbsp;&nbsp;&nbsp;void Ili9341::Command&lang;(unsigned)3&rang;(unsigned char, const unsigned char(&)[T1]) const
<LI><a href="#[eb]">&gt;&gt;</a>&nbsp;&nbsp;&nbsp;void Ili9341::Command&lang;(unsigned)15&rang;(unsigned char, const unsigned char(&)[T1]) const
<LI><a href="#[ec]">&gt;&gt;</a>&nbsp;&nbsp;&nbsp;Ili9341::Command(unsigned char) const
<LI><a href="#[e8]">&gt;&gt;</a>&nbsp;&nbsp;&nbsp;Ili9341::Command(unsigned char, unsigned char, unsigned char)
<LI><a href="#[ea]">&gt;&gt;</a>&nbsp;&nbsp;&nbsp;Ili9341::Command(unsigned char, unsigned char)
</UL>
<BR>[Called By]<UL><LI><a href="#[be]">&gt;&gt;</a>&nbsp;&nbsp;&nbsp;main
</UL>

<P><STRONG><a name="[dc]"></a>ILtdc::ILtdc()</STRONG> (Thumb, 2 bytes, Stack size 0 bytes, drvltdc.o(.text))
<BR><BR>[Called By]<UL><LI><a href="#[cb]">&gt;&gt;</a>&nbsp;&nbsp;&nbsp;Ili9341::Ili9341()
</UL>

<P><STRONG><a name="[208]"></a>ILtdc::ILtdc__sub_object()</STRONG> (Thumb, 0 bytes, Stack size 0 bytes, drvltdc.o(.text), UNUSED)

<P><STRONG><a name="[ed]"></a>ILtdc::initLTDC() const</STRONG> (Thumb, 510 bytes, Stack size 56 bytes, drvltdc.o(.text))
<BR><BR>[Stack]<UL><LI>Max Depth = 160<LI>Call Chain = ILtdc::initLTDC() const &rArr; Dma2d::drawCircle(unsigned, unsigned, unsigned, unsigned) &rArr; Dma2d::drawRectangle(unsigned short, unsigned short, unsigned short, unsigned short, unsigned, unsigned, unsigned) &rArr; Dma2d::SetMemory(unsigned, unsigned, unsigned, unsigned short)
</UL>
<BR>[Calls]<UL><LI><a href="#[d3]">&gt;&gt;</a>&nbsp;&nbsp;&nbsp;AHBClockEnable(unsigned)
<LI><a href="#[ee]">&gt;&gt;</a>&nbsp;&nbsp;&nbsp;Dma2d::Dma2d()
<LI><a href="#[ef]">&gt;&gt;</a>&nbsp;&nbsp;&nbsp;Dma2d::drawRectangle(unsigned short, unsigned short, unsigned short, unsigned short, unsigned, unsigned, unsigned)
<LI><a href="#[f0]">&gt;&gt;</a>&nbsp;&nbsp;&nbsp;Dma2d::drawCircle(unsigned, unsigned, unsigned, unsigned)
</UL>
<BR>[Called By]<UL><LI><a href="#[cc]">&gt;&gt;</a>&nbsp;&nbsp;&nbsp;Ili9341::Start()
</UL>

<P><STRONG><a name="[e0]"></a>ILtdc::setPins() const</STRONG> (Thumb, 218 bytes, Stack size 40 bytes, drvltdc.o(.text))
<BR><BR>[Stack]<UL><LI>Max Depth = 912<LI>Call Chain = ILtdc::setPins() const &rArr; void EnableAF&lang;(unsigned)3&rang;(volatile __regbank_GPIO&, unsigned, unsigned, bool, const unsigned char(&)[T1]) &rArr; EnableAF(volatile __regbank_GPIO&, unsigned, unsigned, bool, const unsigned char*, unsigned) &rArr; EnableAF(volatile __regbank_GPIO&, unsigned, unsigned, bool, unsigned) &rArr; AssertionFailed(const char*, const char*, unsigned, const char*) &rArr; void ItmPrint&lang;&lang;char[5], const char*, char, Formatter::Digits, unsigned, char[3], const char*, char, Formatter::AsTxt&rang;&rang;(const T1&...) &rArr; void Formatter::Print&lang;char[5], &lang;const char*, char, Formatter::Digits, unsigned, char[3], const char*, char, Formatter::AsTxt&rang;&rang;(const T1&, const T2&...) &rArr; void Formatter::Print&lang;const char*, &lang;char, Formatter::Digits, unsigned, char[3], const char*, char, Formatter::AsTxt&rang;&rang;(const T1&, const T2&...) &rArr; void Formatter::Print&lang;char, &lang;Formatter::Digits, unsigned, char[3], const char*, char, Formatter::AsTxt&rang;&rang;(const T1&, const T2&...) &rArr; void Formatter::Print&lang;Formatter::Digits, &lang;unsigned, char[3], const char*, char, Formatter::AsTxt&rang;&rang;(const T1&, const T2&...) &rArr; void Formatter::Print&lang;unsigned, &lang;char[3], const char*, char, Formatter::AsTxt&rang;&rang;(const T1&, const T2&...) &rArr; void Formatter::Print&lang;char[3], &lang;const char*, char, Formatter::AsTxt&rang;&rang;(const T1&, const T2&...) &rArr; void Formatter::Print&lang;const char*, &lang;char, Formatter::AsTxt&rang;&rang;(const T1&, const T2&...) &rArr; void Formatter::Print&lang;char, &lang;Formatter::AsTxt&rang;&rang;(const T1&, const T2&...) &rArr; void Formatter::Print&lang;Formatter::AsTxt&rang;(const T1&) &rArr; void PrintObj&lang;Formatter::AsTxt&rang;(Formatter&, const T1&) &rArr; Formatter::AsTxt::ToString(Formatter&) const &rArr; Formatter::PrintTxtQuoted(const char*) &rArr; Formatter::WriteByte(unsigned char) &rArr; Formatter::PrintUINT32Hex(unsigned, int, int, bool) &rArr; [local to Formatter_cpp]::WriteValHex(Num2Ascii::ISink&, unsigned, int, int, const char*) &rArr; unsigned [local to Formatter_cpp]::WriteVal&lang;unsigned, (unsigned)16&rang;(Num2Ascii::ISink&, T1, int, int, const char*) &rArr; unsigned Num2Ascii::Format&lang;unsigned, (unsigned)16&rang;(T1, int, int) &rArr;  AssertionFailed(const char*, const char*, unsigned, const char*) (Cycle)
</UL>
<BR>[Calls]<UL><LI><a href="#[d8]">&gt;&gt;</a>&nbsp;&nbsp;&nbsp;APBClockEnable(unsigned)
<LI><a href="#[d0]">&gt;&gt;</a>&nbsp;&nbsp;&nbsp;EnableAF(volatile __regbank_GPIO&, unsigned, unsigned, bool, const unsigned char*, unsigned)
<LI><a href="#[d3]">&gt;&gt;</a>&nbsp;&nbsp;&nbsp;AHBClockEnable(unsigned)
<LI><a href="#[f2]">&gt;&gt;</a>&nbsp;&nbsp;&nbsp;void EnableAF&lang;(unsigned)3&rang;(volatile __regbank_GPIO&, unsigned, unsigned, bool, const unsigned char(&)[T1])
<LI><a href="#[f1]">&gt;&gt;</a>&nbsp;&nbsp;&nbsp;void EnableAF&lang;(unsigned)2&rang;(volatile __regbank_GPIO&, unsigned, unsigned, bool, const unsigned char(&)[T1])
</UL>
<BR>[Called By]<UL><LI><a href="#[cb]">&gt;&gt;</a>&nbsp;&nbsp;&nbsp;Ili9341::Ili9341()
</UL>

<P><STRONG><a name="[ee]"></a>Dma2d::Dma2d()</STRONG> (Thumb, 2 bytes, Stack size 0 bytes, dma2d.o(.text))
<BR><BR>[Called By]<UL><LI><a href="#[ed]">&gt;&gt;</a>&nbsp;&nbsp;&nbsp;ILtdc::initLTDC() const
</UL>

<P><STRONG><a name="[209]"></a>Dma2d::Dma2d__sub_object()</STRONG> (Thumb, 0 bytes, Stack size 0 bytes, dma2d.o(.text), UNUSED)

<P><STRONG><a name="[f4]"></a>Dma2d::waitToInit()</STRONG> (Thumb, 80 bytes, Stack size 0 bytes, dma2d.o(.text))
<BR><BR>[Called By]<UL><LI><a href="#[ef]">&gt;&gt;</a>&nbsp;&nbsp;&nbsp;Dma2d::drawRectangle(unsigned short, unsigned short, unsigned short, unsigned short, unsigned, unsigned, unsigned)
</UL>

<P><STRONG><a name="[f3]"></a>Dma2d::SetMemory(unsigned, unsigned, unsigned, unsigned short)</STRONG> (Thumb, 20 bytes, Stack size 16 bytes, dma2d.o(.text))
<BR><BR>[Stack]<UL><LI>Max Depth = 16<LI>Call Chain = Dma2d::SetMemory(unsigned, unsigned, unsigned, unsigned short)
</UL>
<BR>[Called By]<UL><LI><a href="#[ef]">&gt;&gt;</a>&nbsp;&nbsp;&nbsp;Dma2d::drawRectangle(unsigned short, unsigned short, unsigned short, unsigned short, unsigned, unsigned, unsigned)
</UL>

<P><STRONG><a name="[ef]"></a>Dma2d::drawRectangle(unsigned short, unsigned short, unsigned short, unsigned short, unsigned, unsigned, unsigned)</STRONG> (Thumb, 84 bytes, Stack size 40 bytes, dma2d.o(.text))
<BR><BR>[Stack]<UL><LI>Max Depth = 56<LI>Call Chain = Dma2d::drawRectangle(unsigned short, unsigned short, unsigned short, unsigned short, unsigned, unsigned, unsigned) &rArr; Dma2d::SetMemory(unsigned, unsigned, unsigned, unsigned short)
</UL>
<BR>[Calls]<UL><LI><a href="#[f3]">&gt;&gt;</a>&nbsp;&nbsp;&nbsp;Dma2d::SetMemory(unsigned, unsigned, unsigned, unsigned short)
<LI><a href="#[f4]">&gt;&gt;</a>&nbsp;&nbsp;&nbsp;Dma2d::waitToInit()
</UL>
<BR>[Called By]<UL><LI><a href="#[ed]">&gt;&gt;</a>&nbsp;&nbsp;&nbsp;ILtdc::initLTDC() const
<LI><a href="#[f0]">&gt;&gt;</a>&nbsp;&nbsp;&nbsp;Dma2d::drawCircle(unsigned, unsigned, unsigned, unsigned)
</UL>

<P><STRONG><a name="[f0]"></a>Dma2d::drawCircle(unsigned, unsigned, unsigned, unsigned)</STRONG> (Thumb, 82 bytes, Stack size 48 bytes, dma2d.o(.text))
<BR><BR>[Stack]<UL><LI>Max Depth = 104<LI>Call Chain = Dma2d::drawCircle(unsigned, unsigned, unsigned, unsigned) &rArr; Dma2d::drawRectangle(unsigned short, unsigned short, unsigned short, unsigned short, unsigned, unsigned, unsigned) &rArr; Dma2d::SetMemory(unsigned, unsigned, unsigned, unsigned short)
</UL>
<BR>[Calls]<UL><LI><a href="#[ef]">&gt;&gt;</a>&nbsp;&nbsp;&nbsp;Dma2d::drawRectangle(unsigned short, unsigned short, unsigned short, unsigned short, unsigned, unsigned, unsigned)
</UL>
<BR>[Called By]<UL><LI><a href="#[ed]">&gt;&gt;</a>&nbsp;&nbsp;&nbsp;ILtdc::initLTDC() const
</UL>

<P><STRONG><a name="[f7]"></a>Formatter::PrintUINT32Dec(unsigned, int, int, bool)</STRONG> (Thumb, 82 bytes, Stack size 40 bytes, formatter.o(.text))
<BR><BR>[Stack]<UL><LI>Max Depth = 240<LI>Call Chain = Formatter::PrintUINT32Dec(unsigned, int, int, bool) &rArr; [local to Formatter_cpp]::WriteValDec(Num2Ascii::ISink&, unsigned, int, int, const char*) &rArr; unsigned [local to Formatter_cpp]::WriteVal&lang;unsigned, (unsigned)10&rang;(Num2Ascii::ISink&, T1, int, int, const char*) &rArr; unsigned Num2Ascii::Format&lang;unsigned, (unsigned)10&rang;(T1, int, int) &rArr;  AssertionFailed(const char*, const char*, unsigned, const char*) (Cycle)
</UL>
<BR>[Calls]<UL><LI><a href="#[fb]">&gt;&gt;</a>&nbsp;&nbsp;&nbsp;Formatter::ResetWidth()
<LI><a href="#[84]">&gt;&gt;</a>&nbsp;&nbsp;&nbsp;SinkConverter::~SinkConverter()
<LI><a href="#[f8]">&gt;&gt;</a>&nbsp;&nbsp;&nbsp;SinkConverter::SinkConverter(Formatter::ISink&)
<LI><a href="#[f9]">&gt;&gt;</a>&nbsp;&nbsp;&nbsp;[local to Formatter_cpp]::WriteValDec(Num2Ascii::ISink&, unsigned, int, int, const char*)
<LI><a href="#[fa]">&gt;&gt;</a>&nbsp;&nbsp;&nbsp;[local to Formatter_cpp]::WriteValDec(Num2Ascii::ISink&, unsigned, int, int)
</UL>
<BR>[Called By]<UL><LI><a href="#[fe]">&gt;&gt;</a>&nbsp;&nbsp;&nbsp;Formatter::PrintSINT32Dec(int, int, int, bool)
<LI><a href="#[1a2]">&gt;&gt;</a>&nbsp;&nbsp;&nbsp;Formatter::PrintUINT32Dec(unsigned, int)
</UL>

<P><STRONG><a name="[fc]"></a>Formatter::PrintUINT64Dec(const unsigned long long&, int, int, bool)</STRONG> (Thumb, 94 bytes, Stack size 40 bytes, formatter.o(.text), UNUSED)
<BR><BR>[Calls]<UL><LI><a href="#[fb]">&gt;&gt;</a>&nbsp;&nbsp;&nbsp;Formatter::ResetWidth()
<LI><a href="#[84]">&gt;&gt;</a>&nbsp;&nbsp;&nbsp;SinkConverter::~SinkConverter()
<LI><a href="#[f8]">&gt;&gt;</a>&nbsp;&nbsp;&nbsp;SinkConverter::SinkConverter(Formatter::ISink&)
<LI><a href="#[fd]">&gt;&gt;</a>&nbsp;&nbsp;&nbsp;[local to Formatter_cpp]::WriteValDec(Num2Ascii::ISink&, const unsigned long long&, int, int)
<LI><a href="#[f5]">&gt;&gt;</a>&nbsp;&nbsp;&nbsp;[local to Formatter_cpp]::WriteValDec(Num2Ascii::ISink&, const unsigned long long&, int, int, const char*)
</UL>
<BR>[Called By]<UL><LI><a href="#[ff]">&gt;&gt;</a>&nbsp;&nbsp;&nbsp;Formatter::PrintSINT64Dec(const long long&, int, int, bool)
</UL>

<P><STRONG><a name="[fe]"></a>Formatter::PrintSINT32Dec(int, int, int, bool)</STRONG> (Thumb, 86 bytes, Stack size 40 bytes, formatter.o(.text), UNUSED)
<BR><BR>[Calls]<UL><LI><a href="#[fb]">&gt;&gt;</a>&nbsp;&nbsp;&nbsp;Formatter::ResetWidth()
<LI><a href="#[84]">&gt;&gt;</a>&nbsp;&nbsp;&nbsp;SinkConverter::~SinkConverter()
<LI><a href="#[f8]">&gt;&gt;</a>&nbsp;&nbsp;&nbsp;SinkConverter::SinkConverter(Formatter::ISink&)
<LI><a href="#[f7]">&gt;&gt;</a>&nbsp;&nbsp;&nbsp;Formatter::PrintUINT32Dec(unsigned, int, int, bool)
<LI><a href="#[f9]">&gt;&gt;</a>&nbsp;&nbsp;&nbsp;[local to Formatter_cpp]::WriteValDec(Num2Ascii::ISink&, unsigned, int, int, const char*)
</UL>

<P><STRONG><a name="[ff]"></a>Formatter::PrintSINT64Dec(const long long&, int, int, bool)</STRONG> (Thumb, 118 bytes, Stack size 48 bytes, formatter.o(.text), UNUSED)
<BR><BR>[Calls]<UL><LI><a href="#[fb]">&gt;&gt;</a>&nbsp;&nbsp;&nbsp;Formatter::ResetWidth()
<LI><a href="#[84]">&gt;&gt;</a>&nbsp;&nbsp;&nbsp;SinkConverter::~SinkConverter()
<LI><a href="#[f8]">&gt;&gt;</a>&nbsp;&nbsp;&nbsp;SinkConverter::SinkConverter(Formatter::ISink&)
<LI><a href="#[fc]">&gt;&gt;</a>&nbsp;&nbsp;&nbsp;Formatter::PrintUINT64Dec(const unsigned long long&, int, int, bool)
<LI><a href="#[f5]">&gt;&gt;</a>&nbsp;&nbsp;&nbsp;[local to Formatter_cpp]::WriteValDec(Num2Ascii::ISink&, const unsigned long long&, int, int, const char*)
</UL>

<P><STRONG><a name="[100]"></a>Formatter::PrintUINT32Hex(unsigned, int, int, bool)</STRONG> (Thumb, 80 bytes, Stack size 40 bytes, formatter.o(.text))
<BR><BR>[Stack]<UL><LI>Max Depth = 240<LI>Call Chain = Formatter::PrintUINT32Hex(unsigned, int, int, bool) &rArr; [local to Formatter_cpp]::WriteValHex(Num2Ascii::ISink&, unsigned, int, int, const char*) &rArr; unsigned [local to Formatter_cpp]::WriteVal&lang;unsigned, (unsigned)16&rang;(Num2Ascii::ISink&, T1, int, int, const char*) &rArr; unsigned Num2Ascii::Format&lang;unsigned, (unsigned)16&rang;(T1, int, int) &rArr;  AssertionFailed(const char*, const char*, unsigned, const char*) (Cycle)
</UL>
<BR>[Calls]<UL><LI><a href="#[fb]">&gt;&gt;</a>&nbsp;&nbsp;&nbsp;Formatter::ResetWidth()
<LI><a href="#[84]">&gt;&gt;</a>&nbsp;&nbsp;&nbsp;SinkConverter::~SinkConverter()
<LI><a href="#[f8]">&gt;&gt;</a>&nbsp;&nbsp;&nbsp;SinkConverter::SinkConverter(Formatter::ISink&)
<LI><a href="#[101]">&gt;&gt;</a>&nbsp;&nbsp;&nbsp;[local to Formatter_cpp]::WriteValHex(Num2Ascii::ISink&, unsigned, int, int, const char*)
<LI><a href="#[102]">&gt;&gt;</a>&nbsp;&nbsp;&nbsp;[local to Formatter_cpp]::WriteValHex(Num2Ascii::ISink&, unsigned, int, int)
</UL>
<BR>[Called By]<UL><LI><a href="#[107]">&gt;&gt;</a>&nbsp;&nbsp;&nbsp;Formatter::WriteByte(unsigned char)
<LI><a href="#[1a3]">&gt;&gt;</a>&nbsp;&nbsp;&nbsp;Formatter::PrintUINT32Hex(unsigned, int)
</UL>

<P><STRONG><a name="[103]"></a>Formatter::PrintUINT64Hex(const unsigned long long&, int, int, bool)</STRONG> (Thumb, 80 bytes, Stack size 40 bytes, formatter.o(.text), UNUSED)
<BR><BR>[Calls]<UL><LI><a href="#[fb]">&gt;&gt;</a>&nbsp;&nbsp;&nbsp;Formatter::ResetWidth()
<LI><a href="#[84]">&gt;&gt;</a>&nbsp;&nbsp;&nbsp;SinkConverter::~SinkConverter()
<LI><a href="#[f8]">&gt;&gt;</a>&nbsp;&nbsp;&nbsp;SinkConverter::SinkConverter(Formatter::ISink&)
<LI><a href="#[104]">&gt;&gt;</a>&nbsp;&nbsp;&nbsp;[local to Formatter_cpp]::WriteValHex(Num2Ascii::ISink&, const unsigned long long&, int, int, const char*)
<LI><a href="#[105]">&gt;&gt;</a>&nbsp;&nbsp;&nbsp;[local to Formatter_cpp]::WriteValHex(Num2Ascii::ISink&, const unsigned long long&, int, int)
</UL>

<P><STRONG><a name="[106]"></a>Formatter::PrintTxt(const char*, int)</STRONG> (Thumb, 50 bytes, Stack size 32 bytes, formatter.o(.text))
<BR><BR>[Stack]<UL><LI>Max Depth = 96 + In Cycle
<LI>Call Chain = Formatter::PrintTxt(const char*, int) &rArr;  Formatter::WriteByte(unsigned char) (Cycle)
</UL>
<BR>[Calls]<UL><LI><a href="#[108]">&gt;&gt;</a>&nbsp;&nbsp;&nbsp;const char*& CheckValue&lang;const char*&&rang;::Verify&lang;Formatter::PrintTxt(const char*, int)::[lambda(const volatile void*) (instance 1)]&rang;(const char*&, T1)
<LI><a href="#[109]">&gt;&gt;</a>&nbsp;&nbsp;&nbsp;Formatter::WriteByteRepeated(unsigned char, int)
<LI><a href="#[107]">&gt;&gt;</a>&nbsp;&nbsp;&nbsp;Formatter::WriteByte(unsigned char)
</UL>
<BR>[Called By]<UL><LI><a href="#[10a]">&gt;&gt;</a>&nbsp;&nbsp;&nbsp;Formatter::PrintTxt(const char*)
<LI><a href="#[10d]">&gt;&gt;</a>&nbsp;&nbsp;&nbsp;Formatter::PrintTxtQuoted(const char*)
<LI><a href="#[107]">&gt;&gt;</a>&nbsp;&nbsp;&nbsp;Formatter::WriteByte(unsigned char)
<LI><a href="#[1ae]">&gt;&gt;</a>&nbsp;&nbsp;&nbsp;Formatter::AsTxt::ToString(Formatter&) const
</UL>

<P><STRONG><a name="[107]"></a>Formatter::WriteByte(unsigned char)</STRONG> (Thumb, 190 bytes, Stack size 16 bytes, formatter.o(.text))
<BR><BR>[Stack]<UL><LI>Max Depth = 256<LI>Call Chain = Formatter::WriteByte(unsigned char) &rArr; Formatter::PrintUINT32Hex(unsigned, int, int, bool) &rArr; [local to Formatter_cpp]::WriteValHex(Num2Ascii::ISink&, unsigned, int, int, const char*) &rArr; unsigned [local to Formatter_cpp]::WriteVal&lang;unsigned, (unsigned)16&rang;(Num2Ascii::ISink&, T1, int, int, const char*) &rArr; unsigned Num2Ascii::Format&lang;unsigned, (unsigned)16&rang;(T1, int, int) &rArr;  AssertionFailed(const char*, const char*, unsigned, const char*) (Cycle)
</UL>
<BR>[Calls]<UL><LI><a href="#[10a]">&gt;&gt;</a>&nbsp;&nbsp;&nbsp;Formatter::PrintTxt(const char*)
<LI><a href="#[106]">&gt;&gt;</a>&nbsp;&nbsp;&nbsp;Formatter::PrintTxt(const char*, int)
<LI><a href="#[100]">&gt;&gt;</a>&nbsp;&nbsp;&nbsp;Formatter::PrintUINT32Hex(unsigned, int, int, bool)
</UL>
<BR>[Called By]<UL><LI><a href="#[10c]">&gt;&gt;</a>&nbsp;&nbsp;&nbsp;Formatter::PrintChr(unsigned char)
<LI><a href="#[109]">&gt;&gt;</a>&nbsp;&nbsp;&nbsp;Formatter::WriteByteRepeated(unsigned char, int)
<LI><a href="#[10d]">&gt;&gt;</a>&nbsp;&nbsp;&nbsp;Formatter::PrintTxtQuoted(const char*)
<LI><a href="#[10b]">&gt;&gt;</a>&nbsp;&nbsp;&nbsp;Formatter::PrintChrQuoted(unsigned char)
<LI><a href="#[106]">&gt;&gt;</a>&nbsp;&nbsp;&nbsp;Formatter::PrintTxt(const char*, int)
</UL>

<P><STRONG><a name="[10b]"></a>Formatter::PrintChrQuoted(unsigned char)</STRONG> (Thumb, 32 bytes, Stack size 16 bytes, formatter.o(.text), UNUSED)
<BR><BR>[Calls]<UL><LI><a href="#[10c]">&gt;&gt;</a>&nbsp;&nbsp;&nbsp;Formatter::PrintChr(unsigned char)
<LI><a href="#[107]">&gt;&gt;</a>&nbsp;&nbsp;&nbsp;Formatter::WriteByte(unsigned char)
</UL>

<P><STRONG><a name="[10d]"></a>Formatter::PrintTxtQuoted(const char*)</STRONG> (Thumb, 40 bytes, Stack size 24 bytes, formatter.o(.text))
<BR><BR>[Stack]<UL><LI>Max Depth = 280<LI>Call Chain = Formatter::PrintTxtQuoted(const char*) &rArr; Formatter::WriteByte(unsigned char) &rArr; Formatter::PrintUINT32Hex(unsigned, int, int, bool) &rArr; [local to Formatter_cpp]::WriteValHex(Num2Ascii::ISink&, unsigned, int, int, const char*) &rArr; unsigned [local to Formatter_cpp]::WriteVal&lang;unsigned, (unsigned)16&rang;(Num2Ascii::ISink&, T1, int, int, const char*) &rArr; unsigned Num2Ascii::Format&lang;unsigned, (unsigned)16&rang;(T1, int, int) &rArr;  AssertionFailed(const char*, const char*, unsigned, const char*) (Cycle)
</UL>
<BR>[Calls]<UL><LI><a href="#[10e]">&gt;&gt;</a>&nbsp;&nbsp;&nbsp;const char*& CheckValue&lang;const char*&&rang;::Verify&lang;Formatter::PrintTxtQuoted(const char*)::[lambda(const volatile void*) (instance 1)]&rang;(const char*&, T1)
<LI><a href="#[107]">&gt;&gt;</a>&nbsp;&nbsp;&nbsp;Formatter::WriteByte(unsigned char)
<LI><a href="#[106]">&gt;&gt;</a>&nbsp;&nbsp;&nbsp;Formatter::PrintTxt(const char*, int)
</UL>
<BR>[Called By]<UL><LI><a href="#[1ae]">&gt;&gt;</a>&nbsp;&nbsp;&nbsp;Formatter::AsTxt::ToString(Formatter&) const
</UL>

<P><STRONG><a name="[10f]"></a>Formatter::SetFormat(Formatter::FmtModeType)</STRONG> (Thumb, 100 bytes, Stack size 16 bytes, formatter.o(.text), UNUSED)
<BR><BR>[Calls]<UL><LI><a href="#[112]">&gt;&gt;</a>&nbsp;&nbsp;&nbsp;Formatter::SetPrefix(bool)
<LI><a href="#[111]">&gt;&gt;</a>&nbsp;&nbsp;&nbsp;Formatter::SetRadix(Formatter::RadixMdType)
<LI><a href="#[110]">&gt;&gt;</a>&nbsp;&nbsp;&nbsp;Formatter::SetSign(bool)
</UL>

<P><STRONG><a name="[10]"></a>IRQ_Reset</STRONG> (Thumb, 8 bytes, Stack size 0 bytes, stm32f429_startup.o(.text))
<BR>[Address Reference Count : 1]<UL><LI> stm32f429_startup.o(RESET)
</UL>
<P><STRONG><a name="[17]"></a>IRQ_DebMon</STRONG> (Thumb, 2 bytes, Stack size 0 bytes, stm32f429_startup.o(.text))
<BR><BR>[Calls]<UL><LI><a href="#[17]">&gt;&gt;</a>&nbsp;&nbsp;&nbsp;IRQ_DebMon
</UL>
<BR>[Called By]<UL><LI><a href="#[17]">&gt;&gt;</a>&nbsp;&nbsp;&nbsp;IRQ_DebMon
</UL>
<BR>[Address Reference Count : 1]<UL><LI> stm32f429_startup.o(RESET)
</UL>
<P><STRONG><a name="[2c]"></a>IRQ_ADC</STRONG> (Thumb, 0 bytes, Stack size 0 bytes, stm32f429_startup.o(.text))
<BR>[Address Reference Count : 1]<UL><LI> stm32f429_startup.o(RESET)
</UL>
<P><STRONG><a name="[2e]"></a>IRQ_CAN1_RX0</STRONG> (Thumb, 0 bytes, Stack size 0 bytes, stm32f429_startup.o(.text))
<BR>[Address Reference Count : 1]<UL><LI> stm32f429_startup.o(RESET)
</UL>
<P><STRONG><a name="[2f]"></a>IRQ_CAN1_RX1</STRONG> (Thumb, 0 bytes, Stack size 0 bytes, stm32f429_startup.o(.text))
<BR>[Address Reference Count : 1]<UL><LI> stm32f429_startup.o(RESET)
</UL>
<P><STRONG><a name="[30]"></a>IRQ_CAN1_SCE</STRONG> (Thumb, 0 bytes, Stack size 0 bytes, stm32f429_startup.o(.text))
<BR>[Address Reference Count : 1]<UL><LI> stm32f429_startup.o(RESET)
</UL>
<P><STRONG><a name="[2d]"></a>IRQ_CAN1_TX</STRONG> (Thumb, 0 bytes, Stack size 0 bytes, stm32f429_startup.o(.text))
<BR>[Address Reference Count : 1]<UL><LI> stm32f429_startup.o(RESET)
</UL>
<P><STRONG><a name="[5a]"></a>IRQ_CAN2_RX0</STRONG> (Thumb, 0 bytes, Stack size 0 bytes, stm32f429_startup.o(.text))
<BR>[Address Reference Count : 1]<UL><LI> stm32f429_startup.o(RESET)
</UL>
<P><STRONG><a name="[5b]"></a>IRQ_CAN2_RX1</STRONG> (Thumb, 0 bytes, Stack size 0 bytes, stm32f429_startup.o(.text))
<BR>[Address Reference Count : 1]<UL><LI> stm32f429_startup.o(RESET)
</UL>
[...]
</UL>
<BR>[Calls]<UL><LI><a href="#[11d]">&gt;&gt;</a>&nbsp;&nbsp;&nbsp;unsigned Num2Ascii::Format&lang;unsigned, (unsigned)16&rang;(T1, int, int)
<LI><a href="#[99]">&gt;&gt;</a>&nbsp;&nbsp;&nbsp;Num2Ascii::~Num2Ascii()
<LI><a href="#[11a]">&gt;&gt;</a>&nbsp;&nbsp;&nbsp;Num2Ascii::Num2Ascii(Num2Ascii::ISink&, const char*)
</UL>
<BR>[Called By]<UL><LI><a href="#[101]">&gt;&gt;</a>&nbsp;&nbsp;&nbsp;[local to Formatter_cpp]::WriteValHex(Num2Ascii::ISink&, unsigned, int, int, const char*)
</UL>

<P><STRONG><a name="[115]"></a>unsigned [local to Formatter_cpp]::WriteVal&lang;unsigned long long, (unsigned)16&rang;(Num2Ascii::ISink&, T1, int, int)</STRONG> (Thumb, 54 bytes, Stack size 56 bytes, formatter.o(.text), UNUSED)
<BR><BR>[Calls]<UL><LI><a href="#[11e]">&gt;&gt;</a>&nbsp;&nbsp;&nbsp;unsigned Num2Ascii::Format&lang;unsigned long long, (unsigned)16&rang;(T1, int, int)
<LI><a href="#[99]">&gt;&gt;</a>&nbsp;&nbsp;&nbsp;Num2Ascii::~Num2Ascii()
<LI><a href="#[11c]">&gt;&gt;</a>&nbsp;&nbsp;&nbsp;Num2Ascii::Num2Ascii(Num2Ascii::ISink&)
</UL>
<BR>[Called By]<UL><LI><a href="#[105]">&gt;&gt;</a>&nbsp;&nbsp;&nbsp;[local to Formatter_cpp]::WriteValHex(Num2Ascii::ISink&, const unsigned long long&, int, int)
</UL>

<P><STRONG><a name="[116]"></a>unsigned [local to Formatter_cpp]::WriteVal&lang;unsigned long long, (unsigned)16&rang;(Num2Ascii::ISink&, T1, int, int, const char*)</STRONG> (Thumb, 58 bytes, Stack size 64 bytes, formatter.o(.text), UNUSED)
<BR><BR>[Calls]<UL><LI><a href="#[11e]">&gt;&gt;</a>&nbsp;&nbsp;&nbsp;unsigned Num2Ascii::Format&lang;unsigned long long, (unsigned)16&rang;(T1, int, int)
<LI><a href="#[99]">&gt;&gt;</a>&nbsp;&nbsp;&nbsp;Num2Ascii::~Num2Ascii()
<LI><a href="#[11a]">&gt;&gt;</a>&nbsp;&nbsp;&nbsp;Num2Ascii::Num2Ascii(Num2Ascii::ISink&, const char*)
</UL>
<BR>[Called By]<UL><LI><a href="#[104]">&gt;&gt;</a>&nbsp;&nbsp;&nbsp;[local to Formatter_cpp]::WriteValHex(Num2Ascii::ISink&, const unsigned long long&, int, int, const char*)
</UL>

<P><STRONG><a name="[117]"></a>unsigned [local to Formatter_cpp]::WriteVal&lang;unsigned, (unsigned)10&rang;(Num2Ascii::ISink&, T1, int, int)</STRONG> (Thumb, 50 bytes, Stack size 48 bytes, formatter.o(.text))
<BR><BR>[Stack]<UL><LI>Max Depth = 168<LI>Call Chain = unsigned [local to Formatter_cpp]::WriteVal&lang;unsigned, (unsigned)10&rang;(Num2Ascii::ISink&, T1, int, int) &rArr; unsigned Num2Ascii::Format&lang;unsigned, (unsigned)10&rang;(T1, int, int) &rArr;  AssertionFailed(const char*, const char*, unsigned, const char*) (Cycle)
</UL>
<BR>[Calls]<UL><LI><a href="#[11f]">&gt;&gt;</a>&nbsp;&nbsp;&nbsp;unsigned Num2Ascii::Format&lang;unsigned, (unsigned)10&rang;(T1, int, int)
<LI><a href="#[99]">&gt;&gt;</a>&nbsp;&nbsp;&nbsp;Num2Ascii::~Num2Ascii()
<LI><a href="#[11c]">&gt;&gt;</a>&nbsp;&nbsp;&nbsp;Num2Ascii::Num2Ascii(Num2Ascii::ISink&)
</UL>
<BR>[Called By]<UL><LI><a href="#[fa]">&gt;&gt;</a>&nbsp;&nbsp;&nbsp;[local to Formatter_cpp]::WriteValDec(Num2Ascii::ISink&, unsigned, int, int)
</UL>

<P><STRONG><a name="[118]"></a>unsigned [local to Formatter_cpp]::WriteVal&lang;unsigned, (unsigned)10&rang;(Num2Ascii::ISink&, T1, int, int, const char*)</STRONG> (Thumb, 56 bytes, Stack size 48 bytes, formatter.o(.text))
<BR><BR>[Stack]<UL><LI>Max Depth = 168<LI>Call Chain = unsigned [local to Formatter_cpp]::WriteVal&lang;unsigned, (unsigned)10&rang;(Num2Ascii::ISink&, T1, int, int, const char*) &rArr; unsigned Num2Ascii::Format&lang;unsigned, (unsigned)10&rang;(T1, int, int) &rArr;  AssertionFailed(const char*, const char*, unsigned, const char*) (Cycle)
</UL>
<BR>[Calls]<UL><LI><a href="#[11f]">&gt;&gt;</a>&nbsp;&nbsp;&nbsp;unsigned Num2Ascii::Format&lang;unsigned, (unsigned)10&rang;(T1, int, int)
<LI><a href="#[99]">&gt;&gt;</a>&nbsp;&nbsp;&nbsp;Num2Ascii::~Num2Ascii()
<LI><a href="#[11a]">&gt;&gt;</a>&nbsp;&nbsp;&nbsp;Num2Ascii::Num2Ascii(Num2Ascii::ISink&, const char*)
</UL>
<BR>[Called By]<UL><LI><a href="#[f9]">&gt;&gt;</a>&nbsp;&nbsp;&nbsp;[local to Formatter_cpp]::WriteValDec(Num2Ascii::ISink&, unsigned, int, int, const char*)
</UL>

<P><STRONG><a name="[119]"></a>unsigned [local to Formatter_cpp]::WriteVal&lang;unsigned long long, (unsigned)10&rang;(Num2Ascii::ISink&, T1, int, int)</STRONG> (Thumb, 54 bytes, Stack size 56 bytes, formatter.o(.text), UNUSED)
<BR><BR>[Calls]<UL><LI><a href="#[11b]">&gt;&gt;</a>&nbsp;&nbsp;&nbsp;unsigned Num2Ascii::Format&lang;unsigned long long, (unsigned)10&rang;(T1, int, int)
<LI><a href="#[99]">&gt;&gt;</a>&nbsp;&nbsp;&nbsp;Num2Ascii::~Num2Ascii()
<LI><a href="#[11c]">&gt;&gt;</a>&nbsp;&nbsp;&nbsp;Num2Ascii::Num2Ascii(Num2Ascii::ISink&)
</UL>
<BR>[Called By]<UL><LI><a href="#[fd]">&gt;&gt;</a>&nbsp;&nbsp;&nbsp;[local to Formatter_cpp]::WriteValDec(Num2Ascii::ISink&, const unsigned long long&, int, int)
</UL>

<P><STRONG><a name="[120]"></a>Num2Ascii::WritePrefix()::[lambda(const volatile void*) (instance 1)]::operator ()(const volatile void*) const</STRONG> (Thumb, 28 bytes, Stack size 16 bytes, formatter.o(.text))
<BR><BR>[Stack]<UL><LI>Max Depth = 40 + In Cycle
<LI>Call Chain = Num2Ascii::WritePrefix()::[lambda(const volatile void*) (instance 1)]::operator ()(const volatile void*) const &rArr;  AssertionFailed(const char*, const char*, unsigned, const char*) (Cycle)
</UL>
<BR>[Calls]<UL><LI><a href="#[c5]">&gt;&gt;</a>&nbsp;&nbsp;&nbsp;AssertionFailed(const char*, const char*, unsigned, const char*)
<LI><a href="#[121]">&gt;&gt;</a>&nbsp;&nbsp;&nbsp;IsValidPointer(const volatile void*)
</UL>
<BR>[Called By]<UL><LI><a href="#[1ab]">&gt;&gt;</a>&nbsp;&nbsp;&nbsp;const char*& CheckValue&lang;const char*&&rang;::Verify&lang;Num2Ascii::WritePrefix()::[lambda(const volatile void*) (instance 1)]&rang;(const char*&, T1)
</UL>

<P><STRONG><a name="[122]"></a>Formatter::PrintTxt(const char*, int)::[lambda(const volatile void*) (instance 1)]::operator ()(const volatile void*) const</STRONG> (Thumb, 28 bytes, Stack size 16 bytes, formatter.o(.text))
<BR><BR>[Stack]<UL><LI>Max Depth = 40 + In Cycle
<LI>Call Chain = Formatter::PrintTxt(const char*, int)::[lambda(const volatile void*) (instance 1)]::operator ()(const volatile void*) const &rArr;  AssertionFailed(const char*, const char*, unsigned, const char*) (Cycle)
</UL>
<BR>[Calls]<UL><LI><a href="#[c5]">&gt;&gt;</a>&nbsp;&nbsp;&nbsp;AssertionFailed(const char*, const char*, unsigned, const char*)
<LI><a href="#[121]">&gt;&gt;</a>&nbsp;&nbsp;&nbsp;IsValidPointer(const volatile void*)
</UL>
<BR>[Called By]<UL><LI><a href="#[108]">&gt;&gt;</a>&nbsp;&nbsp;&nbsp;const char*& CheckValue&lang;const char*&&rang;::Verify&lang;Formatter::PrintTxt(const char*, int)::[lambda(const volatile void*) (instance 1)]&rang;(const char*&, T1)
</UL>

<P><STRONG><a name="[123]"></a>Formatter::PrintTxtQuoted(const char*)::[lambda(const volatile void*) (instance 1)]::operator ()(const volatile void*) const</STRONG> (Thumb, 28 bytes, Stack size 16 bytes, formatter.o(.text))
<BR><BR>[Stack]<UL><LI>Max Depth = 40 + In Cycle
<LI>Call Chain = Formatter::PrintTxtQuoted(const char*)::[lambda(const volatile void*) (instance 1)]::operator ()(const volatile void*) const &rArr;  AssertionFailed(const char*, const char*, unsigned, const char*) (Cycle)
</UL>
<BR>[Calls]<UL><LI><a href="#[c5]">&gt;&gt;</a>&nbsp;&nbsp;&nbsp;AssertionFailed(const char*, const char*, unsigned, const char*)
<LI><a href="#[121]">&gt;&gt;</a>&nbsp;&nbsp;&nbsp;IsValidPointer(const volatile void*)
</UL>
<BR>[Called By]<UL><LI><a href="#[10e]">&gt;&gt;</a>&nbsp;&nbsp;&nbsp;const char*& CheckValue&lang;const char*&&rang;::Verify&lang;Formatter::PrintTxtQuoted(const char*)::[lambda(const volatile void*) (instance 1)]&rang;(const char*&, T1)
</UL>

<P><STRONG><a name="[12]"></a>IRQ_HrdFlt</STRONG> (Thumb, 18 bytes, Stack size 0 bytes, stm32f429_startup.o(.text))
<BR><BR>[Stack]<UL><LI>Max Depth = 24<LI>Call Chain = IRQ_HrdFlt &rArr; HandleHrdFlt &rArr; [local to Faults_cpp]::ResetOnFault() &rArr; Cortex::SetPRIMASK_privileged() &rArr;  Cortex::SetPRIMASK_privileged() (Cycle)
</UL>
<BR>[Calls]<UL><LI><a href="#[124]">&gt;&gt;</a>&nbsp;&nbsp;&nbsp;HandleHrdFlt
</UL>
<BR>[Address Reference Count : 1]<UL><LI> stm32f429_startup.o(RESET)
</UL>
<P><STRONG><a name="[13]"></a>IRQ_MemFlt</STRONG> (Thumb, 18 bytes, Stack size 0 bytes, stm32f429_startup.o(.text))
<BR><BR>[Stack]<UL><LI>Max Depth = 24<LI>Call Chain = IRQ_MemFlt &rArr; HandleMemFlt &rArr; [local to Faults_cpp]::ResetOnFault() &rArr; Cortex::SetPRIMASK_privileged() &rArr;  Cortex::SetPRIMASK_privileged() (Cycle)
</UL>
<BR>[Calls]<UL><LI><a href="#[125]">&gt;&gt;</a>&nbsp;&nbsp;&nbsp;HandleMemFlt
</UL>
<BR>[Address Reference Count : 1]<UL><LI> stm32f429_startup.o(RESET)
</UL>
<P><STRONG><a name="[14]"></a>IRQ_BusFlt</STRONG> (Thumb, 18 bytes, Stack size 0 bytes, stm32f429_startup.o(.text))
<BR><BR>[Stack]<UL><LI>Max Depth = 24<LI>Call Chain = IRQ_BusFlt &rArr; HandleBusFlt &rArr; [local to Faults_cpp]::ResetOnFault() &rArr; Cortex::SetPRIMASK_privileged() &rArr;  Cortex::SetPRIMASK_privileged() (Cycle)
</UL>
<BR>[Calls]<UL><LI><a href="#[126]">&gt;&gt;</a>&nbsp;&nbsp;&nbsp;HandleBusFlt
</UL>
<BR>[Address Reference Count : 1]<UL><LI> stm32f429_startup.o(RESET)
</UL>
<P><STRONG><a name="[15]"></a>IRQ_UsgFlt</STRONG> (Thumb, 18 bytes, Stack size 0 bytes, stm32f429_startup.o(.text))
<BR><BR>[Stack]<UL><LI>Max Depth = 24<LI>Call Chain = IRQ_UsgFlt &rArr; HandleUsgFlt &rArr; [local to Faults_cpp]::ResetOnFault() &rArr; Cortex::SetPRIMASK_privileged() &rArr;  Cortex::SetPRIMASK_privileged() (Cycle)
</UL>
<BR>[Calls]<UL><LI><a href="#[127]">&gt;&gt;</a>&nbsp;&nbsp;&nbsp;HandleUsgFlt
</UL>
<BR>[Address Reference Count : 1]<UL><LI> stm32f429_startup.o(RESET)
</UL>
<P><STRONG><a name="[16]"></a>IRQ_SVC</STRONG> (Thumb, 18 bytes, Stack size 0 bytes, stm32f429_startup.o(.text))
<BR><BR>[Stack]<UL><LI>Max Depth = 784<LI>Call Chain = IRQ_SVC &rArr; HandleSVC &rArr; PsvTrigger_privileged() &rArr;  PsvTrigger_privileged() (Cycle)
</UL>
<BR>[Calls]<UL><LI><a href="#[128]">&gt;&gt;</a>&nbsp;&nbsp;&nbsp;HandleSVC
</UL>
<BR>[Address Reference Count : 1]<UL><LI> stm32f429_startup.o(RESET)
</UL>
<P><STRONG><a name="[9d]"></a>[local to STM32F429_init_cpp]::LocalInit()</STRONG> (Thumb, 168 bytes, Stack size 8 bytes, stm32f429_init.o(.text))
<BR><BR>[Stack]<UL><LI>Max Depth = 40<LI>Call Chain = [local to STM32F429_init_cpp]::LocalInit() &rArr; void Cortex::SwitchStack&lang;(unsigned)4096&rang;(unsigned(&)[T1]) &rArr; Cortex::SwitchStack(unsigned*, unsigned)
</UL>
<BR>[Calls]<UL><LI><a href="#[d4]">&gt;&gt;</a>&nbsp;&nbsp;&nbsp;Cortex::DSB()
<LI><a href="#[c8]">&gt;&gt;</a>&nbsp;&nbsp;&nbsp;Cortex::SetBASEPRI_privileged(unsigned)
<LI><a href="#[12e]">&gt;&gt;</a>&nbsp;&nbsp;&nbsp;Cortex::SetPRIMASK_privileged()
<LI><a href="#[134]">&gt;&gt;</a>&nbsp;&nbsp;&nbsp;Cortex::ClrPRIMASK_privileged()
<LI><a href="#[133]">&gt;&gt;</a>&nbsp;&nbsp;&nbsp;Cortex::GetMinPrio()
<LI><a href="#[130]">&gt;&gt;</a>&nbsp;&nbsp;&nbsp;void Cortex::SwitchStack&lang;(unsigned)4096&rang;(unsigned(&)[T1])
<LI><a href="#[12f]">&gt;&gt;</a>&nbsp;&nbsp;&nbsp;Cortex::ISB()
<LI><a href="#[131]">&gt;&gt;</a>&nbsp;&nbsp;&nbsp;[local to STM32F429_init_cpp]::Init_SCB_FAULTS()
<LI><a href="#[132]">&gt;&gt;</a>&nbsp;&nbsp;&nbsp;[local to STM32F429_init_cpp]::Init_STK()
</UL>
<BR>[Address Reference Count : 1]<UL><LI> stm32f429_init.o(.init_array.00102)
</UL>
<P><STRONG><a name="[12a]"></a>[local to STM32F429_init_cpp]::EnableClock()</STRONG> (Thumb, 28 bytes, Stack size 0 bytes, stm32f429_init.o(.text))
<BR><BR>[Called By]<UL><LI><a href="#[75]">&gt;&gt;</a>&nbsp;&nbsp;&nbsp;VeryFirstInit
</UL>

<P><STRONG><a name="[12b]"></a>[local to STM32F429_init_cpp]::EnableOverdrive()</STRONG> (Thumb, 62 bytes, Stack size 8 bytes, stm32f429_init.o(.text))
<BR><BR>[Stack]<UL><LI>Max Depth = 96<LI>Call Chain = [local to STM32F429_init_cpp]::EnableOverdrive() &rArr; APBClockEnable(unsigned) &rArr; T1 Atomic::Orr&lang;unsigned&rang;(volatile T1&, T1) &rArr; T1 Atomic::Modify&lang;unsigned, (Atomic::BinOpType)5&rang;(volatile T1&, T1) &rArr; bool Cortex::SaveConditional&lang;unsigned&rang;(volatile T1&, T1) &rArr; Cortex::ArmExclusive&lang;(unsigned)4&rang;::StrEx(volatile unsigned&, unsigned)
</UL>
<BR>[Calls]<UL><LI><a href="#[d8]">&gt;&gt;</a>&nbsp;&nbsp;&nbsp;APBClockEnable(unsigned)
</UL>
<BR>[Called By]<UL><LI><a href="#[75]">&gt;&gt;</a>&nbsp;&nbsp;&nbsp;VeryFirstInit
</UL>

<P><STRONG><a name="[132]"></a>[local to STM32F429_init_cpp]::Init_STK()</STRONG> (Thumb, 36 bytes, Stack size 4 bytes, stm32f429_init.o(.text))
<BR><BR>[Stack]<UL><LI>Max Depth = 4<LI>Call Chain = [local to STM32F429_init_cpp]::Init_STK()
</UL>
<BR>[Calls]<UL><LI><a href="#[c4]">&gt;&gt;</a>&nbsp;&nbsp;&nbsp;HClk()
</UL>
<BR>[Called By]<UL><LI><a href="#[9d]">&gt;&gt;</a>&nbsp;&nbsp;&nbsp;[local to STM32F429_init_cpp]::LocalInit()
</UL>

<P><STRONG><a name="[131]"></a>[local to STM32F429_init_cpp]::Init_SCB_FAULTS()</STRONG> (Thumb, 16 bytes, Stack size 0 bytes, stm32f429_init.o(.text))
<BR><BR>[Called By]<UL><LI><a href="#[9d]">&gt;&gt;</a>&nbsp;&nbsp;&nbsp;[local to STM32F429_init_cpp]::LocalInit()
</UL>

<P><STRONG><a name="[13f]"></a>[local to DrvDio_cpp]::WrGpioMDExt(volatile __regbank_GPIO&, unsigned, unsigned, bool, bool)</STRONG> (Thumb, 78 bytes, Stack size 32 bytes, drvdio.o(.text))
<BR><BR>[Stack]<UL><LI>Max Depth = 88<LI>Call Chain = [local to DrvDio_cpp]::WrGpioMDExt(volatile __regbank_GPIO&, unsigned, unsigned, bool, bool) &rArr; T1 Atomic::Bfld&lang;unsigned&rang;(volatile T1&, T1, T1) &rArr; bool Cortex::SaveConditional&lang;unsigned&rang;(volatile T1&, T1) &rArr; Cortex::ArmExclusive&lang;(unsigned)4&rang;::StrEx(volatile unsigned&, unsigned)
</UL>
<BR>[Calls]<UL><LI><a href="#[df]">&gt;&gt;</a>&nbsp;&nbsp;&nbsp;T1 Atomic::Bfld&lang;unsigned&rang;(volatile T1&, T1, T1)
</UL>
<BR>[Called By]<UL><LI><a href="#[18c]">&gt;&gt;</a>&nbsp;&nbsp;&nbsp;PinHelper::PinHelper(volatile __regbank_GPIO&, unsigned, unsigned)
</UL>

<P><STRONG><a name="[144]"></a>[local to Faults_cpp]::ResetOnFault()</STRONG> (Thumb, 26 bytes, Stack size 8 bytes, faults.o(.text))
<BR><BR>[Stack]<UL><LI>Max Depth = 16<LI>Call Chain = [local to Faults_cpp]::ResetOnFault() &rArr; Cortex::SetPRIMASK_privileged() &rArr;  Cortex::SetPRIMASK_privileged() (Cycle)
</UL>
<BR>[Calls]<UL><LI><a href="#[12e]">&gt;&gt;</a>&nbsp;&nbsp;&nbsp;Cortex::SetPRIMASK_privileged()
<LI><a href="#[145]">&gt;&gt;</a>&nbsp;&nbsp;&nbsp;ARM_WSR_faultmask(unsigned)
</UL>
<BR>[Called By]<UL><LI><a href="#[125]">&gt;&gt;</a>&nbsp;&nbsp;&nbsp;HandleMemFlt
<LI><a href="#[126]">&gt;&gt;</a>&nbsp;&nbsp;&nbsp;HandleBusFlt
<LI><a href="#[127]">&gt;&gt;</a>&nbsp;&nbsp;&nbsp;HandleUsgFlt
<LI><a href="#[124]">&gt;&gt;</a>&nbsp;&nbsp;&nbsp;HandleHrdFlt
<LI><a href="#[11]">&gt;&gt;</a>&nbsp;&nbsp;&nbsp;IRQ_NMI
</UL>

<P><STRONG><a name="[159]"></a>[local to STK_cpp]::STK_FineTime(unsigned, unsigned)</STRONG> (Thumb, 84 bytes, Stack size 56 bytes, stk.o(.text), UNUSED)
<BR><BR>[Calls]<UL><LI><a href="#[15b]">&gt;&gt;</a>&nbsp;&nbsp;&nbsp;__aeabi_uldivmod
<LI><a href="#[15a]">&gt;&gt;</a>&nbsp;&nbsp;&nbsp;UMULL(unsigned, unsigned)
</UL>
<BR>[Called By]<UL><LI><a href="#[157]">&gt;&gt;</a>&nbsp;&nbsp;&nbsp;Cortex::GetFineTime(unsigned)
</UL>

<P><STRONG><a name="[15c]"></a>[local to SVC_cpp]::Word2WordPtr(unsigned)</STRONG> (Thumb, 6 bytes, Stack size 0 bytes, svc.o(.text))
<BR><BR>[Called By]<UL><LI><a href="#[128]">&gt;&gt;</a>&nbsp;&nbsp;&nbsp;HandleSVC
</UL>

<P><STRONG><a name="[165]"></a>[local to Debug_cpp]::CheckRange(unsigned, unsigned, unsigned)</STRONG> (Thumb, 24 bytes, Stack size 8 bytes, debug.o(.text))
<BR><BR>[Stack]<UL><LI>Max Depth = 8<LI>Call Chain = [local to Debug_cpp]::CheckRange(unsigned, unsigned, unsigned)
</UL>
<BR>[Called By]<UL><LI><a href="#[121]">&gt;&gt;</a>&nbsp;&nbsp;&nbsp;IsValidPointer(const volatile void*)
</UL>

<P><STRONG><a name="[9c]"></a>[local to Debug_cpp]::LocalInit()</STRONG> (Thumb, 26 bytes, Stack size 8 bytes, debug.o(.text))
<BR><BR>[Stack]<UL><LI>Max Depth = 24<LI>Call Chain = [local to Debug_cpp]::LocalInit() &rArr; ItmPutS(const char*)
</UL>
<BR>[Calls]<UL><LI><a href="#[c1]">&gt;&gt;</a>&nbsp;&nbsp;&nbsp;ItmPutS(const char*)
<LI><a href="#[16d]">&gt;&gt;</a>&nbsp;&nbsp;&nbsp;StackCheckInit()
</UL>
<BR>[Address Reference Count : 1]<UL><LI> debug.o(.init_array.00101)
</UL>
<P><STRONG><a name="[9e]"></a>[local to Initialize_cpp]::LocalInit()</STRONG> (Thumb, 16 bytes, Stack size 8 bytes, initialize.o(.text))
<BR><BR>[Stack]<UL><LI>Max Depth = 816<LI>Call Chain = [local to Initialize_cpp]::LocalInit() &rArr; std::set_terminate(void(*)()) &rArr; __cxa_get_globals &rArr; __ARM_exceptions_buffer_init &rArr; malloc &rArr; _mutex_release &rArr; AssertionFailed(const char*, const char*, unsigned, const char*) &rArr; void ItmPrint&lang;&lang;char[5], const char*, char, Formatter::Digits, unsigned, char[3], const char*, char, Formatter::AsTxt&rang;&rang;(const T1&...) &rArr; void Formatter::Print&lang;char[5], &lang;const char*, char, Formatter::Digits, unsigned, char[3], const char*, char, Formatter::AsTxt&rang;&rang;(const T1&, const T2&...) &rArr; void Formatter::Print&lang;const char*, &lang;char, Formatter::Digits, unsigned, char[3], const char*, char, Formatter::AsTxt&rang;&rang;(const T1&, const T2&...) &rArr; void Formatter::Print&lang;char, &lang;Formatter::Digits, unsigned, char[3], const char*, char, Formatter::AsTxt&rang;&rang;(const T1&, const T2&...) &rArr; void Formatter::Print&lang;Formatter::Digits, &lang;unsigned, char[3], const char*, char, Formatter::AsTxt&rang;&rang;(const T1&, const T2&...) &rArr; void Formatter::Print&lang;unsigned, &lang;char[3], const char*, char, Formatter::AsTxt&rang;&rang;(const T1&, const T2&...) &rArr; void Formatter::Print&lang;char[3], &lang;const char*, char, Formatter::AsTxt&rang;&rang;(const T1&, const T2&...) &rArr; void Formatter::Print&lang;const char*, &lang;char, Formatter::AsTxt&rang;&rang;(const T1&, const T2&...) &rArr; void Formatter::Print&lang;char, &lang;Formatter::AsTxt&rang;&rang;(const T1&, const T2&...) &rArr; void Formatter::Print&lang;Formatter::AsTxt&rang;(const T1&) &rArr; void PrintObj&lang;Formatter::AsTxt&rang;(Formatter&, const T1&) &rArr; Formatter::AsTxt::ToString(Formatter&) const &rArr; Formatter::PrintTxtQuoted(const char*) &rArr; Formatter::WriteByte(unsigned char) &rArr; Formatter::PrintUINT32Hex(unsigned, int, int, bool) &rArr; [local to Formatter_cpp]::WriteValHex(Num2Ascii::ISink&, unsigned, int, int, const char*) &rArr; unsigned [local to Formatter_cpp]::WriteVal&lang;unsigned, (unsigned)16&rang;(Num2Ascii::ISink&, T1, int, int, const char*) &rArr; unsigned Num2Ascii::Format&lang;unsigned, (unsigned)16&rang;(T1, int, int) &rArr;  AssertionFailed(const char*, const char*, unsigned, const char*) (Cycle)
</UL>
<BR>[Calls]<UL><LI><a href="#[177]">&gt;&gt;</a>&nbsp;&nbsp;&nbsp;std::set_terminate(void(*)())
<LI><a href="#[178]">&gt;&gt;</a>&nbsp;&nbsp;&nbsp;std::set_new_handler(void(*)())
</UL>
<BR>[Address Reference Count : 1]<UL><LI> initialize.o(.init_array.00110)
</UL>
<P><STRONG><a name="[7c]"></a>[local to arm_exceptions_c]::__default_terminate_handler()</STRONG> (Thumb, 6 bytes, Stack size 8 bytes, arm_exceptions_globs.o(.text))
<BR><BR>[Stack]<UL><LI>Max Depth = 40<LI>Call Chain = [local to arm_exceptions_c]::__default_terminate_handler() &rArr; abort &rArr; Cortex::Reset() &rArr; Cortex::IsPrivileged() &rArr; Cortex::IsThreadMode() &rArr; Cortex::GetCurrentIsrNum() &rArr; Cortex::GetIPSR()
</UL>
<BR>[Calls]<UL><LI><a href="#[171]">&gt;&gt;</a>&nbsp;&nbsp;&nbsp;abort
</UL>
<BR>[Address Reference Count : 1]<UL><LI> arm_exceptions_globs.o(.text)
</UL><P>
<H3>
Undefined Global Symbols
</H3><HR></body></html>
